Archive member included to satisfy reference by file (symbol)

C:/devkitPro/libctru/lib\libctru.a(console.o)
                              mod.o (consoleSelect)
C:/devkitPro/libctru/lib\libctru.a(gfx.o)
                              C:/devkitPro/libctru/lib\libctru.a(console.o) (gfxSetScreenFormat)
C:/devkitPro/libctru/lib\libctru.a(gx.o)
                              C:/devkitPro/libctru/lib\libctru.a(gfx.o) (gxCmdBuf)
C:/devkitPro/libctru/lib\libctru.a(gspgpu.o)
                              C:/devkitPro/libctru/lib\libctru.a(gfx.o) (gspInit)
C:/devkitPro/libctru/lib\libctru.a(apt.o)
                              mod.o (aptMainLoop)
C:/devkitPro/libctru/lib\libctru.a(hid.o)
                              mod.o (hidScanInput)
C:/devkitPro/libctru/lib\libctru.a(initSystem.o)
                              C:/devkitPro/libctru/lib\libctru.a(apt.o) (__system_retAddr)
C:/devkitPro/libctru/lib\libctru.a(syscalls.o)
                              C:/devkitPro/libctru/lib\libctru.a(initSystem.o) (__system_initSyscalls)
C:/devkitPro/libctru/lib\libctru.a(allocateHeaps.o)
                              C:/devkitPro/libctru/lib\libctru.a(initSystem.o) (__system_allocateHeaps)
C:/devkitPro/libctru/lib\libctru.a(initArgv.o)
                              C:/devkitPro/libctru/lib\libctru.a(initSystem.o) (__system_initArgv)
C:/devkitPro/libctru/lib\libctru.a(svc.o)
                              C:/devkitPro/libctru/lib\libctru.a(allocateHeaps.o) (svcControlMemory)
C:/devkitPro/libctru/lib\libctru.a(stack_adjust.o)
                              c:/devkitpro/devkitarm/bin/../lib/gcc/arm-none-eabi/9.1.0/../../../../arm-none-eabi/lib/armv6k/fpu/3dsx_crt0.o (initSystem)
C:/devkitPro/libctru/lib\libctru.a(default_font.bin.o)
                              C:/devkitPro/libctru/lib\libctru.a(console.o) (default_font_bin)
C:/devkitPro/libctru/lib\libctru.a(vram.o)
                              C:/devkitPro/libctru/lib\libctru.a(gfx.o) (vramAlloc)
C:/devkitPro/libctru/lib\libctru.a(mappable.o)
                              C:/devkitPro/libctru/lib\libctru.a(gfx.o) (mappableAlloc)
C:/devkitPro/libctru/lib\libctru.a(linear.o)
                              C:/devkitPro/libctru/lib\libctru.a(gfx.o) (linearAlloc)
C:/devkitPro/libctru/lib\libctru.a(mem_pool.o)
                              C:/devkitPro/libctru/lib\libctru.a(vram.o) (MemPool::Allocate(MemChunk&, unsigned long, int))
C:/devkitPro/libctru/lib\libctru.a(synchronization.o)
                              C:/devkitPro/libctru/lib\libctru.a(initSystem.o) (__sync_init)
C:/devkitPro/libctru/lib\libctru.a(os.o)
                              C:/devkitPro/libctru/lib\libctru.a(allocateHeaps.o) (osGetMemRegionUsed)
C:/devkitPro/libctru/lib\libctru.a(srv.o)
                              C:/devkitPro/libctru/lib\libctru.a(apt.o) (srvInit)
C:/devkitPro/libctru/lib\libctru.a(thread.o)
                              C:/devkitPro/libctru/lib\libctru.a(gspgpu.o) (threadCreate)
C:/devkitPro/libctru/lib\libctru.a(irrst.o)
                              C:/devkitPro/libctru/lib\libctru.a(hid.o) (irrstScanInput)
C:/devkitPro/libctru/lib\libctru.a(srvpm.o)
                              C:/devkitPro/libctru/lib\libctru.a(srv.o) (srvPmGetSessionHandle)
C:/devkitPro/libctru/lib\libctru.a(ptmsysm.o)
                              C:/devkitPro/libctru/lib\libctru.a(os.o) (ptmSysmInit)
C:/devkitPro/libctru/lib\libctru.a(rbtree_init.o)
                              C:/devkitPro/libctru/lib\libctru.a(vram.o) (rbtree_init)
C:/devkitPro/libctru/lib\libctru.a(rbtree_insert.o)
                              C:/devkitPro/libctru/lib\libctru.a(vram.o) (rbtree_insert)
C:/devkitPro/libctru/lib\libctru.a(rbtree_rotate.o)
                              C:/devkitPro/libctru/lib\libctru.a(rbtree_insert.o) (rbtree_rotate)
C:/devkitPro/libctru/lib\libctru.a(rbtree_remove.o)
                              C:/devkitPro/libctru/lib\libctru.a(vram.o) (rbtree_remove)
C:/devkitPro/libctru/lib\libctru.a(rbtree_find.o)
                              C:/devkitPro/libctru/lib\libctru.a(vram.o) (rbtree_find)
C:/devkitPro/libctru/lib\libctru.a(appInit.o)
                              C:/devkitPro/libctru/lib\libctru.a(stack_adjust.o) (__appInit)
C:/devkitPro/libctru/lib\libctru.a(appExit.o)
                              C:/devkitPro/libctru/lib\libctru.a(stack_adjust.o) (__appExit)
C:/devkitPro/libctru/lib\libctru.a(ctru_exit.o)
                              C:/devkitPro/libctru/lib\libctru.a(stack_adjust.o) (__libctru_exit)
C:/devkitPro/libctru/lib\libctru.a(env.o)
                              C:/devkitPro/libctru/lib\libctru.a(srv.o) (envGetHandle)
C:/devkitPro/libctru/lib\libctru.a(archive_dev.o)
                              C:/devkitPro/libctru/lib\libctru.a(appInit.o) (archiveMountSdmc)
C:/devkitPro/libctru/lib\libctru.a(fs.o)
                              C:/devkitPro/libctru/lib\libctru.a(appInit.o) (fsInit)
[...]
Memory Configuration

Name             Origin             Length             Attributes
*default*        0x0000000000000000 0xffffffffffffffff

Linker script and memory map

                0x0000000000100000                PROVIDE (__start__ = 0x100000)
                0x0000000000100000                . = __start__

.text           0x0000000000100000    0x1d10c
 *(.crt0)
 .crt0          0x0000000000100000       0x94 c:/devkitpro/devkitarm/bin/../lib/gcc/arm-none-eabi/9.1.0/../../../../arm-none-eabi/lib/armv6k/fpu/3dsx_crt0.o
                0x0000000000100000                _start
                0x0000000000100008                __service_ptr
                0x000000000010000c                __apt_appid
                0x0000000000100010                __heap_size
                0x0000000000100014                __linear_heap_size
                0x0000000000100018                __system_arglist
                0x000000000010001c                __system_runflags
 *(.init)
 .init          0x0000000000100094        0xc c:/devkitpro/devkitarm/bin/../lib/gcc/arm-none-eabi/9.1.0/armv6k/fpu/crti.o
                0x0000000000100094                _init
 .init          0x00000000001000a0        0xc c:/devkitpro/devkitarm/bin/../lib/gcc/arm-none-eabi/9.1.0/armv6k/fpu/crtn.o
                0x00000000001000ac                . = ALIGN (0x4)
 *(.text)
 .text          0x00000000001000ac       0x64 C:/devkitPro/libctru/lib\libctru.a(stack_adjust.o)
                0x00000000001000ac                initSystem
                0x00000000001000f0                __ctru_exit
 .text          0x0000000000100110      0x240 c:/devkitpro/devkitarm/bin/../lib/gcc/arm-none-eabi/9.1.0/armv6k/fpu\libgcc.a(_divsi3.o)
                0x0000000000100110                __divsi3
                0x0000000000100110                __aeabi_idiv
                0x0000000000100330                __aeabi_idivmod
 .text          0x0000000000100350        0x4 c:/devkitpro/devkitarm/bin/../lib/gcc/arm-none-eabi/9.1.0/armv6k/fpu\libgcc.a(_dvmd_tls.o)
                0x0000000000100350                __aeabi_idiv0
                0x0000000000100350                __aeabi_ldiv0
 .text          0x0000000000100354       0x3c c:/devkitpro/devkitarm/bin/../lib/gcc/arm-none-eabi/9.1.0/armv6k/fpu\libgcc.a(_aeabi_uldivmod.o)
                0x0000000000100354                __aeabi_uldivmod
 *fill*         0x0000000000100390       0x10 
 .text          0x00000000001003a0      0x390 c:/devkitpro/devkitarm/bin/../lib/gcc/arm-none-eabi/9.1.0/../../../../arm-none-eabi/lib/armv6k/fpu\libg.a(lib_a-strcmp.o)
                0x00000000001003a8                strcmp
 .text          0x0000000000100730      0x20c c:/devkitpro/devkitarm/bin/../lib/gcc/arm-none-eabi/9.1.0/armv6k/fpu\libgcc.a(_udivsi3.o)
                0x0000000000100730                __aeabi_uidiv
                0x0000000000100730                __udivsi3
                0x000000000010091c                __aeabi_uidivmod
 .text          0x000000000010093c      0x3c0 c:/devkitpro/devkitarm/bin/../lib/gcc/arm-none-eabi/9.1.0/armv6k/fpu\libgcc.a(_arm_addsubdf3.o)
                0x000000000010093c                __aeabi_drsub
                0x0000000000100944                __aeabi_dsub
                0x0000000000100944                __subdf3
                0x0000000000100948                __aeabi_dadd
                0x0000000000100948                __adddf3
                0x0000000000100bf4                __floatunsidf
                0x0000000000100bf4                __aeabi_ui2d
                0x0000000000100c18                __floatsidf
                0x0000000000100c18                __aeabi_i2d
                0x0000000000100c40                __aeabi_f2d
                0x0000000000100c40                __extendsfdf2
                0x0000000000100c88                __floatundidf
                0x0000000000100c88                __aeabi_ul2d
                0x0000000000100c9c                __floatdidf
                0x0000000000100c9c                __aeabi_l2d
 *(.text.*)
 .text.deregister_tm_clones
                0x0000000000100cfc       0x2c c:/devkitpro/devkitarm/bin/../lib/gcc/arm-none-eabi/9.1.0/armv6k/fpu/crtbegin.o
 .text.register_tm_clones
                0x0000000000100d28       0x38 c:/devkitpro/devkitarm/bin/../lib/gcc/arm-none-eabi/9.1.0/armv6k/fpu/crtbegin.o
 .text.__do_global_dtors_aux
                0x0000000000100d60       0x44 c:/devkitpro/devkitarm/bin/../lib/gcc/arm-none-eabi/9.1.0/armv6k/fpu/crtbegin.o
 .text.frame_dummy
                0x0000000000100da4       0x34 c:/devkitpro/devkitarm/bin/../lib/gcc/arm-none-eabi/9.1.0/armv6k/fpu/crtbegin.o
 .text.startup.main
                0x0000000000100dd8      0x214 mod.o
                0x0000000000100dd8                main
 .text.consoleSelect
                0x0000000000100fec       0x18 C:/devkitPro/libctru/lib\libctru.a(console.o)
                0x0000000000100fec                consoleSelect
 .text.consoleDrawChar
                0x0000000000101004      0x1b8 C:/devkitPro/libctru/lib\libctru.a(console.o)
                0x0000000000101004                consoleDrawChar
 .text.consolePrintChar
                0x00000000001011bc      0x124 C:/devkitPro/libctru/lib\libctru.a(console.o)
                0x00000000001011bc                consolePrintChar
 .text.consoleCls
                0x00000000001012e0      0x15c C:/devkitPro/libctru/lib\libctru.a(console.o)
 .text.consoleInit
                0x000000000010143c      0x104 C:/devkitPro/libctru/lib\libctru.a(console.o)
                0x000000000010143c                consoleInit
 .text.consoleClearLine
                0x0000000000101540      0x10c C:/devkitPro/libctru/lib\libctru.a(console.o)
 .text.newRow   0x000000000010164c       0xc4 C:/devkitPro/libctru/lib\libctru.a(console.o)
 .text.con_write
                0x0000000000101710      0x7cc C:/devkitPro/libctru/lib\libctru.a(console.o)
                0x0000000000101710                con_write
 .text.consoleSetWindow
                0x0000000000101edc       0x38 C:/devkitPro/libctru/lib\libctru.a(console.o)
                0x0000000000101edc                consoleSetWindow
 .text.gfxSetFramebufferInfo.part.0
                0x0000000000101f14       0x8c C:/devkitPro/libctru/lib\libctru.a(gfx.o)
 .text.gfxSetFramebufferInfo
                0x0000000000101fa0       0x6c C:/devkitPro/libctru/lib\libctru.a(gfx.o)
 .text.gfxGetFramebuffer.part.0
                0x000000000010200c       0x58 C:/devkitPro/libctru/lib\libctru.a(gfx.o)
 .text.__get_bytes_per_pixel
                0x0000000000102064       0x18 C:/devkitPro/libctru/lib\libctru.a(gfx.o)
                0x0000000000102064                __get_bytes_per_pixel
 .text.gfxSetScreenFormat
                0x000000000010207c      0x184 C:/devkitPro/libctru/lib\libctru.a(gfx.o)
                0x000000000010207c                gfxSetScreenFormat
 .text.gfxSetDoubleBuffering
                0x0000000000102200       0x10 C:/devkitPro/libctru/lib\libctru.a(gfx.o)
                0x0000000000102200                gfxSetDoubleBuffering
 .text.gfxInit  0x0000000000102210      0x214 C:/devkitPro/libctru/lib\libctru.a(gfx.o)
                0x0000000000102210                gfxInit
 .text.gfxInitDefault
                0x0000000000102424       0x10 C:/devkitPro/libctru/lib\libctru.a(gfx.o)
                0x0000000000102424                gfxInitDefault
 .text.gfxExit  0x0000000000102434       0xe0 C:/devkitPro/libctru/lib\libctru.a(gfx.o)
                0x0000000000102434                gfxExit
 .text.gfxGetFramebuffer
                0x0000000000102514       0x64 C:/devkitPro/libctru/lib\libctru.a(gfx.o)
                0x0000000000102514                gfxGetFramebuffer
 .text.gfxFlushBuffers
                0x0000000000102578       0xcc C:/devkitPro/libctru/lib\libctru.a(gfx.o)
                0x0000000000102578                gfxFlushBuffers
 .text.gfxConfigScreen
                0x0000000000102644       0xf4 C:/devkitPro/libctru/lib\libctru.a(gfx.o)
                0x0000000000102644                gfxConfigScreen
 .text.gfxSwapBuffers
                0x0000000000102738       0x20 C:/devkitPro/libctru/lib\libctru.a(gfx.o)
                0x0000000000102738                gfxSwapBuffers
 .text.gfxSwapBuffersGpu
                0x0000000000102758       0x20 C:/devkitPro/libctru/lib\libctru.a(gfx.o)
                0x0000000000102758                gfxSwapBuffersGpu
 .text.gspInit  0x0000000000102778       0x74 C:/devkitPro/libctru/lib\libctru.a(gspgpu.o)
                0x0000000000102778                gspInit
 .text.gspExit  0x00000000001027ec       0x3c C:/devkitPro/libctru/lib\libctru.a(gspgpu.o)
                0x00000000001027ec                gspExit
 .text.gspInitEventHandler
                0x0000000000102828       0xa4 C:/devkitPro/libctru/lib\libctru.a(gspgpu.o)
                0x0000000000102828                gspInitEventHandler
 .text.gspExitEventHandler
                0x00000000001028cc       0x40 C:/devkitPro/libctru/lib\libctru.a(gspgpu.o)
                0x00000000001028cc                gspExitEventHandler
 .text.gspWaitForEvent
                0x000000000010290c       0x50 C:/devkitPro/libctru/lib\libctru.a(gspgpu.o)
                0x000000000010290c                gspWaitForEvent
 .text.gxCmdQueueInterrupt
                0x000000000010295c        0x4 C:/devkitPro/libctru/lib\libctru.a(gspgpu.o)
                0x000000000010295c                gxCmdQueueInterrupt
 .text.gspEventThreadMain
                0x0000000000102960      0x178 C:/devkitPro/libctru/lib\libctru.a(gspgpu.o)
 .text.GSPGPU_SetBufferSwap
                0x0000000000102ad8       0x6c C:/devkitPro/libctru/lib\libctru.a(gspgpu.o)
                0x0000000000102ad8                GSPGPU_SetBufferSwap
 .text.GSPGPU_FlushDataCache
                0x0000000000102b44       0x4c C:/devkitPro/libctru/lib\libctru.a(gspgpu.o)
                0x0000000000102b44                GSPGPU_FlushDataCache
 .text.GSPGPU_SetLcdForceBlack
                0x0000000000102b90       0x34 C:/devkitPro/libctru/lib\libctru.a(gspgpu.o)
                0x0000000000102b90                GSPGPU_SetLcdForceBlack
 .text.GSPGPU_RegisterInterruptRelayQueue
                0x0000000000102bc4       0x64 C:/devkitPro/libctru/lib\libctru.a(gspgpu.o)
                0x0000000000102bc4                GSPGPU_RegisterInterruptRelayQueue
 .text.GSPGPU_UnregisterInterruptRelayQueue
                0x0000000000102c28       0x2c C:/devkitPro/libctru/lib\libctru.a(gspgpu.o)
                0x0000000000102c28                GSPGPU_UnregisterInterruptRelayQueue
 .text.GSPGPU_AcquireRight
                0x0000000000102c54       0x48 C:/devkitPro/libctru/lib\libctru.a(gspgpu.o)
                0x0000000000102c54                GSPGPU_AcquireRight
 .text.GSPGPU_ReleaseRight
                0x0000000000102c9c       0x2c C:/devkitPro/libctru/lib\libctru.a(gspgpu.o)
                0x0000000000102c9c                GSPGPU_ReleaseRight
 .text.GSPGPU_ImportDisplayCaptureInfo
                0x0000000000102cc8       0x80 C:/devkitPro/libctru/lib\libctru.a(gspgpu.o)
                0x0000000000102cc8                GSPGPU_ImportDisplayCaptureInfo
 .text.GSPGPU_SaveVramSysArea
                0x0000000000102d48       0x2c C:/devkitPro/libctru/lib\libctru.a(gspgpu.o)
                0x0000000000102d48                GSPGPU_SaveVramSysArea
 .text.GSPGPU_RestoreVramSysArea
                0x0000000000102d74       0x2c C:/devkitPro/libctru/lib\libctru.a(gspgpu.o)
                0x0000000000102d74                GSPGPU_RestoreVramSysArea
 .text._aptDebug
                0x0000000000102da0        0x4 C:/devkitPro/libctru/lib\libctru.a(apt.o)
                0x0000000000102da0                _aptDebug
 .text.aptSendCommand
                0x0000000000102da4      0x170 C:/devkitPro/libctru/lib\libctru.a(apt.o)
                0x0000000000102da4                aptSendCommand
 .text.aptExitProcess
                0x0000000000102f14       0x3c C:/devkitPro/libctru/lib\libctru.a(apt.o)
 .text.APT_InquireNotification
                0x0000000000102f50       0x50 C:/devkitPro/libctru/lib\libctru.a(apt.o)
                0x0000000000102f50                APT_InquireNotification
 .text.aptEventHandler
                0x0000000000102fa0      0x194 C:/devkitPro/libctru/lib\libctru.a(apt.o)
 .text.APT_AppletUtility
                0x0000000000103134       0x74 C:/devkitPro/libctru/lib\libctru.a(apt.o)
                0x0000000000103134                APT_AppletUtility
 .text.aptSetSleepAllowed
                0x00000000001031a8       0xb0 C:/devkitPro/libctru/lib\libctru.a(apt.o)
                0x00000000001031a8                aptSetSleepAllowed
 .text.APT_GlanceParameter
                0x0000000000103258       0xb4 C:/devkitPro/libctru/lib\libctru.a(apt.o)
                0x0000000000103258                APT_GlanceParameter
 .text.APT_ReceiveParameter
                0x000000000010330c       0xc8 C:/devkitPro/libctru/lib\libctru.a(apt.o)
                0x000000000010330c                APT_ReceiveParameter
 .text.aptReceiveParameter.constprop.0
                0x00000000001033d4       0xbc C:/devkitPro/libctru/lib\libctru.a(apt.o)
 .text.aptScreenTransfer
                0x0000000000103490      0x1e0 C:/devkitPro/libctru/lib\libctru.a(apt.o)
 .text.aptWaitForWakeUp
                0x0000000000103670      0x210 C:/devkitPro/libctru/lib\libctru.a(apt.o)
 .text.APT_CancelParameter
                0x0000000000103880       0x70 C:/devkitPro/libctru/lib\libctru.a(apt.o)
                0x0000000000103880                APT_CancelParameter
 .text.aptInit  0x00000000001038f0      0x25c C:/devkitPro/libctru/lib\libctru.a(apt.o)
                0x00000000001038f0                aptInit
 .text.aptClearParamQueue
                0x0000000000103b4c       0x88 C:/devkitPro/libctru/lib\libctru.a(apt.o)
 .text.aptMainLoop
                0x0000000000103bd4      0x264 C:/devkitPro/libctru/lib\libctru.a(apt.o)
                0x0000000000103bd4                aptMainLoop
 .text.aptExit  0x0000000000103e38      0x254 C:/devkitPro/libctru/lib\libctru.a(apt.o)
                0x0000000000103e38                aptExit
 .text.APT_CheckNew3DS
                0x000000000010408c       0x7c C:/devkitPro/libctru/lib\libctru.a(apt.o)
                0x000000000010408c                APT_CheckNew3DS
 .text.APT_PrepareToDoApplicationJump
                0x0000000000104108       0x38 C:/devkitPro/libctru/lib\libctru.a(apt.o)
                0x0000000000104108                APT_PrepareToDoApplicationJump
 .text.APT_DoApplicationJump
                0x0000000000104140       0x68 C:/devkitPro/libctru/lib\libctru.a(apt.o)
                0x0000000000104140                APT_DoApplicationJump
 .text.hidCheckSectionUpdateTime.part.0
                0x00000000001041a8       0x28 C:/devkitPro/libctru/lib\libctru.a(hid.o)
 .text.hidExit  0x00000000001041d0       0xd0 C:/devkitPro/libctru/lib\libctru.a(hid.o)
                0x00000000001041d0                hidExit
 .text.hidScanInput
                0x00000000001042a0      0x1d8 C:/devkitPro/libctru/lib\libctru.a(hid.o)
                0x00000000001042a0                hidScanInput
 .text.hidKeysDown
                0x0000000000104478       0x10 C:/devkitPro/libctru/lib\libctru.a(hid.o)
                0x0000000000104478                hidKeysDown
 .text.HIDUSER_GetHandles
                0x0000000000104488       0x90 C:/devkitPro/libctru/lib\libctru.a(hid.o)
                0x0000000000104488                HIDUSER_GetHandles
 .text.hidInit  0x0000000000104518      0x1a4 C:/devkitPro/libctru/lib\libctru.a(hid.o)
                0x0000000000104518                hidInit
 .text.__libctru_init
                0x00000000001046bc       0x38 C:/devkitPro/libctru/lib\libctru.a(initSystem.o)
                0x00000000001046bc                __libctru_init
 .text.__libctru_nanosleep
                0x00000000001046f4       0x34 C:/devkitPro/libctru/lib\libctru.a(syscalls.o)
 .text.__ctru_get_reent
                0x0000000000104728       0x30 C:/devkitPro/libctru/lib\libctru.a(syscalls.o)
 .text.__system_initSyscalls
                0x0000000000104758       0xfc C:/devkitPro/libctru/lib\libctru.a(syscalls.o)
                0x0000000000104758                __system_initSyscalls
 .text.__system_allocateHeaps
                0x0000000000104854      0x100 C:/devkitPro/libctru/lib\libctru.a(allocateHeaps.o)
                0x0000000000104854                __system_allocateHeaps
 .text.__system_initArgv
                0x0000000000104954       0xf0 C:/devkitPro/libctru/lib\libctru.a(initArgv.o)
                0x0000000000104954                __system_initArgv
 .text.svcControlMemory
                0x0000000000104a44       0x20 C:/devkitPro/libctru/lib\libctru.a(svc.o)
                0x0000000000104a44                svcControlMemory
 .text.svcExitProcess
                0x0000000000104a64        0x8 C:/devkitPro/libctru/lib\libctru.a(svc.o)
                0x0000000000104a64                svcExitProcess
 .text.svcCreateThread
                0x0000000000104a6c       0x20 C:/devkitPro/libctru/lib\libctru.a(svc.o)
                0x0000000000104a6c                svcCreateThread
 .text.svcExitThread
                0x0000000000104a8c        0x8 C:/devkitPro/libctru/lib\libctru.a(svc.o)
                0x0000000000104a8c                svcExitThread
 .text.svcSleepThread
                0x0000000000104a94        0x8 C:/devkitPro/libctru/lib\libctru.a(svc.o)
                0x0000000000104a94                svcSleepThread
 .text.svcReleaseMutex
                0x0000000000104a9c        0x8 C:/devkitPro/libctru/lib\libctru.a(svc.o)
                0x0000000000104a9c                svcReleaseMutex
 .text.svcCreateEvent
                0x0000000000104aa4       0x14 C:/devkitPro/libctru/lib\libctru.a(svc.o)
                0x0000000000104aa4                svcCreateEvent
 .text.svcSignalEvent
                0x0000000000104ab8        0x8 C:/devkitPro/libctru/lib\libctru.a(svc.o)
                0x0000000000104ab8                svcSignalEvent
 .text.svcClearEvent
                0x0000000000104ac0        0x8 C:/devkitPro/libctru/lib\libctru.a(svc.o)
                0x0000000000104ac0                svcClearEvent
 .text.svcMapMemoryBlock
                0x0000000000104ac8        0x8 C:/devkitPro/libctru/lib\libctru.a(svc.o)
                0x0000000000104ac8                svcMapMemoryBlock
 .text.svcUnmapMemoryBlock
                0x0000000000104ad0        0x8 C:/devkitPro/libctru/lib\libctru.a(svc.o)
                0x0000000000104ad0                svcUnmapMemoryBlock
 .text.svcCreateAddressArbiter
                0x0000000000104ad8       0x14 C:/devkitPro/libctru/lib\libctru.a(svc.o)
                0x0000000000104ad8                svcCreateAddressArbiter
 .text.svcArbitrateAddress
                0x0000000000104aec       0x18 C:/devkitPro/libctru/lib\libctru.a(svc.o)
                0x0000000000104aec                svcArbitrateAddress
 .text.svcCloseHandle
                0x0000000000104b04        0x8 C:/devkitPro/libctru/lib\libctru.a(svc.o)
                0x0000000000104b04                svcCloseHandle
 .text.svcWaitSynchronization
                0x0000000000104b0c        0x8 C:/devkitPro/libctru/lib\libctru.a(svc.o)
                0x0000000000104b0c                svcWaitSynchronization
 .text.svcWaitSynchronizationN
                0x0000000000104b14       0x28 C:/devkitPro/libctru/lib\libctru.a(svc.o)
                0x0000000000104b14                svcWaitSynchronizationN
 .text.svcDuplicateHandle
                0x0000000000104b3c       0x14 C:/devkitPro/libctru/lib\libctru.a(svc.o)
                0x0000000000104b3c                svcDuplicateHandle
 .text.svcGetSystemTick
                0x0000000000104b50        0x8 C:/devkitPro/libctru/lib\libctru.a(svc.o)
                0x0000000000104b50                svcGetSystemTick
 .text.svcGetSystemInfo
                0x0000000000104b58       0x18 C:/devkitPro/libctru/lib\libctru.a(svc.o)
                0x0000000000104b58                svcGetSystemInfo
 .text.svcConnectToPort
                0x0000000000104b70       0x14 C:/devkitPro/libctru/lib\libctru.a(svc.o)
                0x0000000000104b70                svcConnectToPort
 .text.svcSendSyncRequest
                0x0000000000104b84        0x8 C:/devkitPro/libctru/lib\libctru.a(svc.o)
                0x0000000000104b84                svcSendSyncRequest
 .text.svcBreak
                0x0000000000104b8c        0x8 C:/devkitPro/libctru/lib\libctru.a(svc.o)
                0x0000000000104b8c                svcBreak
 .text._ZL21addrMapNodeComparatorPK11rbtree_nodeS1_
                0x0000000000104b94       0x24 C:/devkitPro/libctru/lib\libctru.a(vram.o)
 .text._ZL21addrMapNodeDestructorP11rbtree_node
                0x0000000000104bb8        0x4 C:/devkitPro/libctru/lib\libctru.a(vram.o)
 .text.vramMemAlign
                0x0000000000104bbc      0x114 C:/devkitPro/libctru/lib\libctru.a(vram.o)
                0x0000000000104bbc                vramMemAlign
 .text.vramAlloc
                0x0000000000104cd0        0x8 C:/devkitPro/libctru/lib\libctru.a(vram.o)
                0x0000000000104cd0                vramAlloc
 .text.vramFree
                0x0000000000104cd8       0x54 C:/devkitPro/libctru/lib\libctru.a(vram.o)
                0x0000000000104cd8                vramFree
 .text._ZL21addrMapNodeComparatorPK11rbtree_nodeS1_
                0x0000000000104d2c       0x24 C:/devkitPro/libctru/lib\libctru.a(mappable.o)
 .text._ZL21addrMapNodeDestructorP11rbtree_node
                0x0000000000104d50        0x4 C:/devkitPro/libctru/lib\libctru.a(mappable.o)
 .text.mappableAlloc
                0x0000000000104d54       0xe8 C:/devkitPro/libctru/lib\libctru.a(mappable.o)
                0x0000000000104d54                mappableAlloc
 .text.mappableFree
                0x0000000000104e3c       0x54 C:/devkitPro/libctru/lib\libctru.a(mappable.o)
                0x0000000000104e3c                mappableFree
 .text._ZL21addrMapNodeComparatorPK11rbtree_nodeS1_
                0x0000000000104e90       0x24 C:/devkitPro/libctru/lib\libctru.a(linear.o)
 .text._ZL21addrMapNodeDestructorP11rbtree_node
                0x0000000000104eb4        0x4 C:/devkitPro/libctru/lib\libctru.a(linear.o)
 .text.linearMemAlign
                0x0000000000104eb8      0x124 C:/devkitPro/libctru/lib\libctru.a(linear.o)
                0x0000000000104eb8                linearMemAlign
 .text.linearAlloc
                0x0000000000104fdc        0x8 C:/devkitPro/libctru/lib\libctru.a(linear.o)
                0x0000000000104fdc                linearAlloc
 .text.linearFree
                0x0000000000104fe4       0x54 C:/devkitPro/libctru/lib\libctru.a(linear.o)
                0x0000000000104fe4                linearFree
 .text._ZN7MemPool13CoalesceRightEP8MemBlock
                0x0000000000105038       0x8c C:/devkitPro/libctru/lib\libctru.a(mem_pool.o)
                0x0000000000105038                MemPool::CoalesceRight(MemBlock*)
 .text._ZN7MemPool8AllocateER8MemChunkmi
                0x00000000001050c4      0x174 C:/devkitPro/libctru/lib\libctru.a(mem_pool.o)
                0x00000000001050c4                MemPool::Allocate(MemChunk&, unsigned long, int)
 .text._ZN7MemPool10DeallocateERK8MemChunk
                0x0000000000105238       0xfc C:/devkitPro/libctru/lib\libctru.a(mem_pool.o)
                0x0000000000105238                MemPool::Deallocate(MemChunk const&)
 .text.LightLock_Unlock.part.0
                0x0000000000105334       0x38 C:/devkitPro/libctru/lib\libctru.a(synchronization.o)
 .text.__sync_init
                0x000000000010536c        0xc C:/devkitPro/libctru/lib\libctru.a(synchronization.o)
                0x000000000010536c                __sync_init
 .text.__sync_fini
                0x0000000000105378       0x18 C:/devkitPro/libctru/lib\libctru.a(synchronization.o)
                0x0000000000105378                __sync_fini
 .text.__sync_get_arbiter
                0x0000000000105390       0x10 C:/devkitPro/libctru/lib\libctru.a(synchronization.o)
                0x0000000000105390                __sync_get_arbiter
 .text.LightLock_Init
                0x00000000001053a0       0x18 C:/devkitPro/libctru/lib\libctru.a(synchronization.o)
                0x00000000001053a0                LightLock_Init
 .text.LightLock_Lock
                0x00000000001053b8       0x90 C:/devkitPro/libctru/lib\libctru.a(synchronization.o)
                0x00000000001053b8                LightLock_Lock
 .text.LightLock_TryLock
                0x0000000000105448       0x34 C:/devkitPro/libctru/lib\libctru.a(synchronization.o)
                0x0000000000105448                LightLock_TryLock
 .text.LightLock_Unlock
                0x000000000010547c       0x20 C:/devkitPro/libctru/lib\libctru.a(synchronization.o)
                0x000000000010547c                LightLock_Unlock
 .text.RecursiveLock_Init
                0x000000000010549c       0x24 C:/devkitPro/libctru/lib\libctru.a(synchronization.o)
                0x000000000010549c                RecursiveLock_Init
 .text.RecursiveLock_Lock
                0x00000000001054c0       0x30 C:/devkitPro/libctru/lib\libctru.a(synchronization.o)
                0x00000000001054c0                RecursiveLock_Lock
 .text.RecursiveLock_TryLock
                0x00000000001054f0       0x58 C:/devkitPro/libctru/lib\libctru.a(synchronization.o)
                0x00000000001054f0                RecursiveLock_TryLock
 .text.RecursiveLock_Unlock
                0x0000000000105548       0x38 C:/devkitPro/libctru/lib\libctru.a(synchronization.o)
                0x0000000000105548                RecursiveLock_Unlock
 .text.LightEvent_Init
                0x0000000000105580       0x38 C:/devkitPro/libctru/lib\libctru.a(synchronization.o)
                0x0000000000105580                LightEvent_Init
 .text.LightEvent_Clear
                0x00000000001055b8       0x7c C:/devkitPro/libctru/lib\libctru.a(synchronization.o)
                0x00000000001055b8                LightEvent_Clear
 .text.LightEvent_Signal
                0x0000000000105634       0xdc C:/devkitPro/libctru/lib\libctru.a(synchronization.o)
                0x0000000000105634                LightEvent_Signal
 .text.LightEvent_Wait
                0x0000000000105710       0xc0 C:/devkitPro/libctru/lib\libctru.a(synchronization.o)
                0x0000000000105710                LightEvent_Wait
 .text.getSysTime
                0x00000000001057d0       0x58 C:/devkitPro/libctru/lib\libctru.a(os.o)
 .text.__ctru_speedup_config.part.0
                0x0000000000105828       0x28 C:/devkitPro/libctru/lib\libctru.a(os.o)
 .text.osGetMemRegionUsed
                0x0000000000105850       0x24 C:/devkitPro/libctru/lib\libctru.a(os.o)
                0x0000000000105850                osGetMemRegionUsed
 *fill*         0x0000000000105874        0x4 
 .text.__libctru_gtod
                0x0000000000105878      0x128 C:/devkitPro/libctru/lib\libctru.a(os.o)
                0x0000000000105878                __libctru_gtod
 .text.__ctru_speedup_config
                0x00000000001059a0       0x18 C:/devkitPro/libctru/lib\libctru.a(os.o)
                0x00000000001059a0                __ctru_speedup_config
 .text.srvExit  0x00000000001059b8       0x58 C:/devkitPro/libctru/lib\libctru.a(srv.o)
                0x00000000001059b8                srvExit
 .text.srvRegisterClient
                0x0000000000105a10       0x38 C:/devkitPro/libctru/lib\libctru.a(srv.o)
                0x0000000000105a10                srvRegisterClient
 .text.srvInit  0x0000000000105a48       0xcc C:/devkitPro/libctru/lib\libctru.a(srv.o)
                0x0000000000105a48                srvInit
 .text.srvGetServiceHandleDirect
                0x0000000000105b14       0x80 C:/devkitPro/libctru/lib\libctru.a(srv.o)
                0x0000000000105b14                srvGetServiceHandleDirect
 .text.srvGetServiceHandle
                0x0000000000105b94       0x48 C:/devkitPro/libctru/lib\libctru.a(srv.o)
                0x0000000000105b94                srvGetServiceHandle
 .text.threadFree.part.0
                0x0000000000105bdc       0x1c C:/devkitPro/libctru/lib\libctru.a(thread.o)
 .text.threadCreate
                0x0000000000105bf8      0x180 C:/devkitPro/libctru/lib\libctru.a(thread.o)
                0x0000000000105bf8                threadCreate
 .text.threadJoin
                0x0000000000105d78       0x24 C:/devkitPro/libctru/lib\libctru.a(thread.o)
                0x0000000000105d78                threadJoin
 .text.threadExit
                0x0000000000105d9c       0x68 C:/devkitPro/libctru/lib\libctru.a(thread.o)
                0x0000000000105d9c                threadExit
 .text._thread_begin
                0x0000000000105e04       0x48 C:/devkitPro/libctru/lib\libctru.a(thread.o)
 .text.irrstScanInput
                0x0000000000105e4c       0xac C:/devkitPro/libctru/lib\libctru.a(irrst.o)
                0x0000000000105e4c                irrstScanInput
 .text.irrstKeysHeld
                0x0000000000105ef8       0x24 C:/devkitPro/libctru/lib\libctru.a(irrst.o)
                0x0000000000105ef8                irrstKeysHeld
 .text.IRRST_GetHandles
                0x0000000000105f1c       0x50 C:/devkitPro/libctru/lib\libctru.a(irrst.o)
                0x0000000000105f1c                IRRST_GetHandles
 .text.irrstInit
                0x0000000000105f6c      0x154 C:/devkitPro/libctru/lib\libctru.a(irrst.o)
                0x0000000000105f6c                irrstInit
 .text.IRRST_Shutdown
                0x00000000001060c0       0x2c C:/devkitPro/libctru/lib\libctru.a(irrst.o)
                0x00000000001060c0                IRRST_Shutdown
 .text.irrstExit
                0x00000000001060ec       0xac C:/devkitPro/libctru/lib\libctru.a(irrst.o)
                0x00000000001060ec                irrstExit
 .text.srvPmGetSessionHandle
                0x0000000000106198        0xc C:/devkitPro/libctru/lib\libctru.a(srvpm.o)
                0x0000000000106198                srvPmGetSessionHandle
 .text.ptmSysmInit
                0x00000000001061a4       0x74 C:/devkitPro/libctru/lib\libctru.a(ptmsysm.o)
                0x00000000001061a4                ptmSysmInit
 .text.ptmSysmExit
                0x0000000000106218       0x3c C:/devkitPro/libctru/lib\libctru.a(ptmsysm.o)
                0x0000000000106218                ptmSysmExit
 .text.PTMSYSM_ConfigureNew3DSCPU
                0x0000000000106254       0x34 C:/devkitPro/libctru/lib\libctru.a(ptmsysm.o)
                0x0000000000106254                PTMSYSM_ConfigureNew3DSCPU
 .text.rbtree_init
                0x0000000000106288       0x14 C:/devkitPro/libctru/lib\libctru.a(rbtree_init.o)
                0x0000000000106288                rbtree_init
 .text.do_insert
                0x000000000010629c      0x1a4 C:/devkitPro/libctru/lib\libctru.a(rbtree_insert.o)
 .text.rbtree_insert
                0x0000000000106440        0x8 C:/devkitPro/libctru/lib\libctru.a(rbtree_insert.o)
                0x0000000000106440                rbtree_insert
 .text.rbtree_rotate
                0x0000000000106448       0x90 C:/devkitPro/libctru/lib\libctru.a(rbtree_rotate.o)
                0x0000000000106448                rbtree_rotate
 .text.rbtree_remove
                0x00000000001064d8      0x334 C:/devkitPro/libctru/lib\libctru.a(rbtree_remove.o)
                0x00000000001064d8                rbtree_remove
 .text.rbtree_find
                0x000000000010680c       0x74 C:/devkitPro/libctru/lib\libctru.a(rbtree_find.o)
                0x000000000010680c                rbtree_find
 .text.__appInit
                0x0000000000106880       0x1c C:/devkitPro/libctru/lib\libctru.a(appInit.o)
                0x0000000000106880                __appInit
 .text.__appExit
                0x000000000010689c       0x1c C:/devkitPro/libctru/lib\libctru.a(appExit.o)
                0x000000000010689c                __appExit
 .text.__libctru_exit
                0x00000000001068b8       0xa0 C:/devkitPro/libctru/lib\libctru.a(ctru_exit.o)
                0x00000000001068b8                __libctru_exit
 .text.envGetHandle
                0x0000000000106958       0x84 C:/devkitPro/libctru/lib\libctru.a(env.o)
                0x0000000000106958                envGetHandle
 .text.envDestroyHandles
                0x00000000001069dc       0x4c C:/devkitPro/libctru/lib\libctru.a(env.o)
                0x00000000001069dc                envDestroyHandles
 .text.archive_link
                0x0000000000106a28       0x14 C:/devkitPro/libctru/lib\libctru.a(archive_dev.o)
 .text.archive_dirreset
                0x0000000000106a3c       0x14 C:/devkitPro/libctru/lib\libctru.a(archive_dev.o)
 .text.archive_chmod
                0x0000000000106a50       0x14 C:/devkitPro/libctru/lib\libctru.a(archive_dev.o)
 .text.error_cmp
                0x0000000000106a64       0x24 C:/devkitPro/libctru/lib\libctru.a(archive_dev.o)
 .text.archive_translate_error
                0x0000000000106a88       0x50 C:/devkitPro/libctru/lib\libctru.a(archive_dev.o)
 .text.archive_fsync
                0x0000000000106ad8       0x34 C:/devkitPro/libctru/lib\libctru.a(archive_dev.o)
 .text.archive_ftruncate
                0x0000000000106b0c       0x54 C:/devkitPro/libctru/lib\libctru.a(archive_dev.o)
 .text.archive_dirclose
                0x0000000000106b60       0x38 C:/devkitPro/libctru/lib\libctru.a(archive_dev.o)
 .text.archive_dirnext
                0x0000000000106b98      0x13c C:/devkitPro/libctru/lib\libctru.a(archive_dev.o)
 .text.archive_close
                0x0000000000106cd4       0x34 C:/devkitPro/libctru/lib\libctru.a(archive_dev.o)
 .text.archive_fstat
                0x0000000000106d08       0x70 C:/devkitPro/libctru/lib\libctru.a(archive_dev.o)
 .text.archive_seek
                0x0000000000106d78       0xd4 C:/devkitPro/libctru/lib\libctru.a(archive_dev.o)
 .text.archive_read
                0x0000000000106e4c       0x78 C:/devkitPro/libctru/lib\libctru.a(archive_dev.o)
 .text.archive_write
                0x0000000000106ec4       0xac C:/devkitPro/libctru/lib\libctru.a(archive_dev.o)
 .text.sdmc_statvfs
                0x0000000000106f70       0xbc C:/devkitPro/libctru/lib\libctru.a(archive_dev.o)
 .text._archiveInit.part.0
                0x000000000010702c       0x80 C:/devkitPro/libctru/lib\libctru.a(archive_dev.o)
 .text.archiveFindDevice.part.0
                0x00000000001070ac       0x8c C:/devkitPro/libctru/lib\libctru.a(archive_dev.o)
 .text._archiveMountDevice
                0x0000000000107138      0x138 C:/devkitPro/libctru/lib\libctru.a(archive_dev.o)
 .text.archive_utf16path
                0x0000000000107270      0x228 C:/devkitPro/libctru/lib\libctru.a(archive_dev.o)
 .text.archive_rmdir
                0x0000000000107498       0x9c C:/devkitPro/libctru/lib\libctru.a(archive_dev.o)
 .text.archive_diropen
                0x0000000000107534       0xb4 C:/devkitPro/libctru/lib\libctru.a(archive_dev.o)
 .text.archive_mkdir
                0x00000000001075e8       0xb8 C:/devkitPro/libctru/lib\libctru.a(archive_dev.o)
 .text.archive_rename
                0x00000000001076a0      0x154 C:/devkitPro/libctru/lib\libctru.a(archive_dev.o)
 .text.archive_chdir
                0x00000000001077f4       0xc4 C:/devkitPro/libctru/lib\libctru.a(archive_dev.o)
 .text.archive_unlink
                0x00000000001078b8       0x84 C:/devkitPro/libctru/lib\libctru.a(archive_dev.o)
 .text.archive_stat
                0x000000000010793c      0x124 C:/devkitPro/libctru/lib\libctru.a(archive_dev.o)
 .text.archive_open
                0x0000000000107a60      0x1cc C:/devkitPro/libctru/lib\libctru.a(archive_dev.o)
 .text._archiveUnmountDeviceStruct.part.0
                0x0000000000107c2c       0xa4 C:/devkitPro/libctru/lib\libctru.a(archive_dev.o)
 .text.archive_fchmod
                0x0000000000107cd0       0x14 C:/devkitPro/libctru/lib\libctru.a(archive_dev.o)
 .text.archive_statvfs
                0x0000000000107ce4       0x14 C:/devkitPro/libctru/lib\libctru.a(archive_dev.o)
 .text.archiveMountSdmc
                0x0000000000107cf8      0x168 C:/devkitPro/libctru/lib\libctru.a(archive_dev.o)
                0x0000000000107cf8                archiveMountSdmc
 .text.archiveUnmountAll
                0x0000000000107e60       0x54 C:/devkitPro/libctru/lib\libctru.a(archive_dev.o)
                0x0000000000107e60                archiveUnmountAll
 .text.fsSessionForArchive.part.0
                0x0000000000107eb4       0x28 C:/devkitPro/libctru/lib\libctru.a(fs.o)
 .text.fsInit   0x0000000000107edc       0xc4 C:/devkitPro/libctru/lib\libctru.a(fs.o)
                0x0000000000107edc                fsInit
 .text.fsExit   0x0000000000107fa0       0x3c C:/devkitPro/libctru/lib\libctru.a(fs.o)
                0x0000000000107fa0                fsExit
 .text.fsExemptFromSession
                0x0000000000107fdc       0x64 C:/devkitPro/libctru/lib\libctru.a(fs.o)
                0x0000000000107fdc                fsExemptFromSession
 .text.fsUnexemptFromSession
                0x0000000000108040       0x5c C:/devkitPro/libctru/lib\libctru.a(fs.o)
                0x0000000000108040                fsUnexemptFromSession
 .text.FSUSER_OpenFile
                0x000000000010809c       0xbc C:/devkitPro/libctru/lib\libctru.a(fs.o)
                0x000000000010809c                FSUSER_OpenFile
 .text.FSUSER_DeleteFile
                0x0000000000108158       0xac C:/devkitPro/libctru/lib\libctru.a(fs.o)
                0x0000000000108158                FSUSER_DeleteFile
 .text.FSUSER_RenameFile
                0x0000000000108204       0xe8 C:/devkitPro/libctru/lib\libctru.a(fs.o)
                0x0000000000108204                FSUSER_RenameFile
 .text.FSUSER_DeleteDirectory
                0x00000000001082ec       0xac C:/devkitPro/libctru/lib\libctru.a(fs.o)
                0x00000000001082ec                FSUSER_DeleteDirectory
 .text.FSUSER_CreateFile
                0x0000000000108398       0xc4 C:/devkitPro/libctru/lib\libctru.a(fs.o)
                0x0000000000108398                FSUSER_CreateFile
 .text.FSUSER_CreateDirectory
                0x000000000010845c       0xb4 C:/devkitPro/libctru/lib\libctru.a(fs.o)
                0x000000000010845c                FSUSER_CreateDirectory
 .text.FSUSER_RenameDirectory
                0x0000000000108510       0xe8 C:/devkitPro/libctru/lib\libctru.a(fs.o)
                0x0000000000108510                FSUSER_RenameDirectory
 .text.FSUSER_OpenDirectory
                0x00000000001085f8       0xa0 C:/devkitPro/libctru/lib\libctru.a(fs.o)
                0x00000000001085f8                FSUSER_OpenDirectory
 .text.FSUSER_OpenArchive
                0x0000000000108698       0x98 C:/devkitPro/libctru/lib\libctru.a(fs.o)
                0x0000000000108698                FSUSER_OpenArchive
 .text.FSUSER_CloseArchive
                0x0000000000108730       0x78 C:/devkitPro/libctru/lib\libctru.a(fs.o)
                0x0000000000108730                FSUSER_CloseArchive
 .text.FSUSER_GetSdmcArchiveResource
                0x00000000001087a8       0x78 C:/devkitPro/libctru/lib\libctru.a(fs.o)
                0x00000000001087a8                FSUSER_GetSdmcArchiveResource
 .text.FSUSER_IsSdmcWritable
                0x0000000000108820       0x64 C:/devkitPro/libctru/lib\libctru.a(fs.o)
                0x0000000000108820                FSUSER_IsSdmcWritable
 .text.FSFILE_Read
                0x0000000000108884       0x5c C:/devkitPro/libctru/lib\libctru.a(fs.o)
                0x0000000000108884                FSFILE_Read
 .text.FSFILE_Write
                0x00000000001088e0       0x64 C:/devkitPro/libctru/lib\libctru.a(fs.o)
                0x00000000001088e0                FSFILE_Write
 .text.FSFILE_GetSize
                0x0000000000108944       0x38 C:/devkitPro/libctru/lib\libctru.a(fs.o)
                0x0000000000108944                FSFILE_GetSize
 .text.FSFILE_SetSize
                0x000000000010897c       0x28 C:/devkitPro/libctru/lib\libctru.a(fs.o)
                0x000000000010897c                FSFILE_SetSize
 .text.FSFILE_Close
                0x00000000001089a4       0x3c C:/devkitPro/libctru/lib\libctru.a(fs.o)
                0x00000000001089a4                FSFILE_Close
 .text.FSFILE_Flush
                0x00000000001089e0       0x24 C:/devkitPro/libctru/lib\libctru.a(fs.o)
                0x00000000001089e0                FSFILE_Flush
 .text.FSDIR_Read
                0x0000000000108a04       0x54 C:/devkitPro/libctru/lib\libctru.a(fs.o)
                0x0000000000108a04                FSDIR_Read
 .text.FSDIR_Close
                0x0000000000108a58       0x3c C:/devkitPro/libctru/lib\libctru.a(fs.o)
                0x0000000000108a58                FSDIR_Close
 .text.rbtree_node_next
                0x0000000000108a94       0x50 C:/devkitPro/libctru/lib\libctru.a(rbtree_iterator.o)
                0x0000000000108a94                rbtree_node_next
 .text.utf8_to_utf16
                0x0000000000108ae4       0xc0 C:/devkitPro/libctru/lib\libctru.a(utf8_to_utf16.o)
                0x0000000000108ae4                utf8_to_utf16
 .text.decode_utf8
                0x0000000000108ba4      0x138 C:/devkitPro/libctru/lib\libctru.a(decode_utf8.o)
                0x0000000000108ba4                decode_utf8
 .text.utf16_to_utf8
                0x0000000000108cdc       0xe8 C:/devkitPro/libctru/lib\libctru.a(utf16_to_utf8.o)
                0x0000000000108cdc                utf16_to_utf8
 .text.__aeabi_read_tp
                0x0000000000108dc4        0xc C:/devkitPro/libctru/lib\libctru.a(readtp.o)
                0x0000000000108dc4                __aeabi_read_tp
 .text.encode_utf16
                0x0000000000108dd0       0x68 C:/devkitPro/libctru/lib\libctru.a(encode_utf16.o)
                0x0000000000108dd0                encode_utf16
 .text.encode_utf8
                0x0000000000108e38      0x104 C:/devkitPro/libctru/lib\libctru.a(encode_utf8.o)
                0x0000000000108e38                encode_utf8
 .text.decode_utf16
                0x0000000000108f3c       0x60 C:/devkitPro/libctru/lib\libctru.a(decode_utf16.o)
                0x0000000000108f3c                decode_utf16
 .text.__fixdfdi
                0x0000000000108f9c       0x38 c:/devkitpro/devkitarm/bin/../lib/gcc/arm-none-eabi/9.1.0/armv6k/fpu\libgcc.a(_fixdfdi.o)
                0x0000000000108f9c                __fixdfdi
                0x0000000000108f9c                __aeabi_d2lz
 *fill*         0x0000000000108fd4        0x4 
 .text.__fixunsdfdi
                0x0000000000108fd8       0x40 c:/devkitpro/devkitarm/bin/../lib/gcc/arm-none-eabi/9.1.0/armv6k/fpu\libgcc.a(_fixunsdfdi.o)
                0x0000000000108fd8                __fixunsdfdi
                0x0000000000108fd8                __aeabi_d2ulz
 .text.__udivmoddi4
                0x0000000000109018      0x130 c:/devkitpro/devkitarm/bin/../lib/gcc/arm-none-eabi/9.1.0/armv6k/fpu\libgcc.a(_udivmoddi4.o)
                0x0000000000109018                __udivmoddi4
 .text.bsearch  0x0000000000109148       0x7c c:/devkitpro/devkitarm/bin/../lib/gcc/arm-none-eabi/9.1.0/../../../../arm-none-eabi/lib/armv6k/fpu\libg.a(lib_a-bsearch.o)
                0x0000000000109148                bsearch
 .text.exit     0x00000000001091c4       0x34 c:/devkitpro/devkitarm/bin/../lib/gcc/arm-none-eabi/9.1.0/../../../../arm-none-eabi/lib/armv6k/fpu\libg.a(lib_a-exit.o)
                0x00000000001091c4                exit
 .text.__libc_fini_array
                0x00000000001091f8       0x3c c:/devkitpro/devkitarm/bin/../lib/gcc/arm-none-eabi/9.1.0/../../../../arm-none-eabi/lib/armv6k/fpu\libg.a(lib_a-fini.o)
                0x00000000001091f8                __libc_fini_array
 .text.__libc_init_array
                0x0000000000109234       0x7c c:/devkitpro/devkitarm/bin/../lib/gcc/arm-none-eabi/9.1.0/../../../../arm-none-eabi/lib/armv6k/fpu\libg.a(lib_a-init.o)
                0x0000000000109234                __libc_init_array
 .text.memalign
                0x00000000001092b0       0x28 c:/devkitpro/devkitarm/bin/../lib/gcc/arm-none-eabi/9.1.0/../../../../arm-none-eabi/lib/armv6k/fpu\libg.a(lib_a-malign.o)
                0x00000000001092b0                memalign
 .text._memalign_r
                0x00000000001092d8      0x14c c:/devkitpro/devkitarm/bin/../lib/gcc/arm-none-eabi/9.1.0/../../../../arm-none-eabi/lib/armv6k/fpu\libg.a(lib_a-malignr.o)
                0x00000000001092d8                _memalign_r
 .text.malloc   0x0000000000109424       0x20 c:/devkitpro/devkitarm/bin/../lib/gcc/arm-none-eabi/9.1.0/../../../../arm-none-eabi/lib/armv6k/fpu\libg.a(lib_a-malloc.o)
                0x0000000000109424                malloc
 .text.free     0x0000000000109444       0x20 c:/devkitpro/devkitarm/bin/../lib/gcc/arm-none-eabi/9.1.0/../../../../arm-none-eabi/lib/armv6k/fpu\libg.a(lib_a-malloc.o)
                0x0000000000109444                free
 .text._malloc_r
                0x0000000000109464      0x7d0 c:/devkitpro/devkitarm/bin/../lib/gcc/arm-none-eabi/9.1.0/../../../../arm-none-eabi/lib/armv6k/fpu\libg.a(lib_a-mallocr.o)
                0x0000000000109464                _malloc_r
 .text.memchr   0x0000000000109c34       0xe0 c:/devkitpro/devkitarm/bin/../lib/gcc/arm-none-eabi/9.1.0/../../../../arm-none-eabi/lib/armv6k/fpu\libg.a(lib_a-memchr-stub.o)
                0x0000000000109c34                memchr
 .text.memcpy   0x0000000000109d14      0x120 c:/devkitpro/devkitarm/bin/../lib/gcc/arm-none-eabi/9.1.0/../../../../arm-none-eabi/lib/armv6k/fpu\libg.a(lib_a-memcpy-stub.o)
                0x0000000000109d14                memcpy
 .text.memset   0x0000000000109e34      0x118 c:/devkitpro/devkitarm/bin/../lib/gcc/arm-none-eabi/9.1.0/../../../../arm-none-eabi/lib/armv6k/fpu\libg.a(lib_a-memset.o)
                0x0000000000109e34                memset
 .text.__malloc_lock
                0x0000000000109f4c        0xc c:/devkitpro/devkitarm/bin/../lib/gcc/arm-none-eabi/9.1.0/../../../../arm-none-eabi/lib/armv6k/fpu\libg.a(lib_a-mlock.o)
                0x0000000000109f4c                __malloc_lock
 .text.__malloc_unlock
                0x0000000000109f58        0xc c:/devkitpro/devkitarm/bin/../lib/gcc/arm-none-eabi/9.1.0/../../../../arm-none-eabi/lib/armv6k/fpu\libg.a(lib_a-mlock.o)
                0x0000000000109f58                __malloc_unlock
 .text.printf   0x0000000000109f64       0x34 c:/devkitpro/devkitarm/bin/../lib/gcc/arm-none-eabi/9.1.0/../../../../arm-none-eabi/lib/armv6k/fpu\libg.a(lib_a-printf.o)
                0x0000000000109f64                printf
 .text._puts_r  0x0000000000109f98       0xe0 c:/devkitpro/devkitarm/bin/../lib/gcc/arm-none-eabi/9.1.0/../../../../arm-none-eabi/lib/armv6k/fpu\libg.a(lib_a-puts.o)
                0x0000000000109f98                _puts_r
 .text.puts     0x000000000010a078       0x20 c:/devkitpro/devkitarm/bin/../lib/gcc/arm-none-eabi/9.1.0/../../../../arm-none-eabi/lib/armv6k/fpu\libg.a(lib_a-puts.o)
                0x000000000010a078                puts
 .text.setvbuf  0x000000000010a098      0x260 c:/devkitpro/devkitarm/bin/../lib/gcc/arm-none-eabi/9.1.0/../../../../arm-none-eabi/lib/armv6k/fpu\libg.a(lib_a-setvbuf.o)
                0x000000000010a098                setvbuf
 .text.sscanf   0x000000000010a2f8       0x74 c:/devkitpro/devkitarm/bin/../lib/gcc/arm-none-eabi/9.1.0/../../../../arm-none-eabi/lib/armv6k/fpu\libg.a(lib_a-sscanf.o)
                0x000000000010a2f8                sscanf
 .text.__sread  0x000000000010a36c       0x3c c:/devkitpro/devkitarm/bin/../lib/gcc/arm-none-eabi/9.1.0/../../../../arm-none-eabi/lib/armv6k/fpu\libg.a(lib_a-stdio.o)
                0x000000000010a36c                __sread
 .text.__seofread
                0x000000000010a3a8        0x8 c:/devkitpro/devkitarm/bin/../lib/gcc/arm-none-eabi/9.1.0/../../../../arm-none-eabi/lib/armv6k/fpu\libg.a(lib_a-stdio.o)
                0x000000000010a3a8                __seofread
 .text.__swrite
                0x000000000010a3b0       0x68 c:/devkitpro/devkitarm/bin/../lib/gcc/arm-none-eabi/9.1.0/../../../../arm-none-eabi/lib/armv6k/fpu\libg.a(lib_a-stdio.o)
                0x000000000010a3b0                __swrite
 .text.__sseek  0x000000000010a418       0x58 c:/devkitpro/devkitarm/bin/../lib/gcc/arm-none-eabi/9.1.0/../../../../arm-none-eabi/lib/armv6k/fpu\libg.a(lib_a-stdio.o)
                0x000000000010a418                __sseek
 .text.__sclose
                0x000000000010a470        0x8 c:/devkitpro/devkitarm/bin/../lib/gcc/arm-none-eabi/9.1.0/../../../../arm-none-eabi/lib/armv6k/fpu\libg.a(lib_a-stdio.o)
                0x000000000010a470                __sclose
 .text.strlen   0x000000000010a478       0x5c c:/devkitpro/devkitarm/bin/../lib/gcc/arm-none-eabi/9.1.0/../../../../arm-none-eabi/lib/armv6k/fpu\libg.a(lib_a-strlen-stub.o)
                0x000000000010a478                strlen
 .text.strncat  0x000000000010a4d4       0x98 c:/devkitpro/devkitarm/bin/../lib/gcc/arm-none-eabi/9.1.0/../../../../arm-none-eabi/lib/armv6k/fpu\libg.a(lib_a-strncat.o)
                0x000000000010a4d4                strncat
 .text.strncmp  0x000000000010a56c       0xec c:/devkitpro/devkitarm/bin/../lib/gcc/arm-none-eabi/9.1.0/../../../../arm-none-eabi/lib/armv6k/fpu\libg.a(lib_a-strncmp.o)
                0x000000000010a56c                strncmp
 .text.strncpy  0x000000000010a658       0xc0 c:/devkitpro/devkitarm/bin/../lib/gcc/arm-none-eabi/9.1.0/../../../../arm-none-eabi/lib/armv6k/fpu\libg.a(lib_a-strncpy.o)
                0x000000000010a658                strncpy
 .text.strnlen  0x000000000010a718       0x48 c:/devkitpro/devkitarm/bin/../lib/gcc/arm-none-eabi/9.1.0/../../../../arm-none-eabi/lib/armv6k/fpu\libg.a(lib_a-strnlen.o)
                0x000000000010a718                strnlen
 .text.get_arg  0x000000000010a760       0x48 c:/devkitpro/devkitarm/bin/../lib/gcc/arm-none-eabi/9.1.0/../../../../arm-none-eabi/lib/armv6k/fpu\libg.a(lib_a-svfscanf.o)
 .text.__ssvfscanf_r
                0x000000000010a7a8     0x2b84 c:/devkitpro/devkitarm/bin/../lib/gcc/arm-none-eabi/9.1.0/../../../../arm-none-eabi/lib/armv6k/fpu\libg.a(lib_a-svfscanf.o)
                0x000000000010a7a8                __ssvfscanf_r
 .text.__sprint_r
                0x000000000010d32c       0x34 c:/devkitpro/devkitarm/bin/../lib/gcc/arm-none-eabi/9.1.0/../../../../arm-none-eabi/lib/armv6k/fpu\libg.a(lib_a-vfiprintf.o)
                0x000000000010d32c                __sprint_r
 .text.get_arg  0x000000000010d360      0x650 c:/devkitpro/devkitarm/bin/../lib/gcc/arm-none-eabi/9.1.0/../../../../arm-none-eabi/lib/armv6k/fpu\libg.a(lib_a-vfprintf.o)
 .text._vfprintf_r
                0x000000000010d9b0     0x38e0 c:/devkitpro/devkitarm/bin/../lib/gcc/arm-none-eabi/9.1.0/../../../../arm-none-eabi/lib/armv6k/fpu\libg.a(lib_a-vfprintf.o)
                0x000000000010d9b0                _vfprintf_r
 .text.__sbprintf
                0x0000000000111290       0xd4 c:/devkitpro/devkitarm/bin/../lib/gcc/arm-none-eabi/9.1.0/../../../../arm-none-eabi/lib/armv6k/fpu\libg.a(lib_a-vfprintf.o)
 .text._wcrtomb_r
                0x0000000000111364       0x54 c:/devkitpro/devkitarm/bin/../lib/gcc/arm-none-eabi/9.1.0/../../../../arm-none-eabi/lib/armv6k/fpu\libg.a(lib_a-wcrtomb.o)
                0x0000000000111364                _wcrtomb_r
 .text._wcsrtombs_r
                0x00000000001113b8       0x20 c:/devkitpro/devkitarm/bin/../lib/gcc/arm-none-eabi/9.1.0/../../../../arm-none-eabi/lib/armv6k/fpu\libg.a(lib_a-wcsrtombs.o)
                0x00000000001113b8                _wcsrtombs_r
 .text.__swsetup_r
                0x00000000001113d8      0x150 c:/devkitpro/devkitarm/bin/../lib/gcc/arm-none-eabi/9.1.0/../../../../arm-none-eabi/lib/armv6k/fpu\libg.a(lib_a-wsetup.o)
                0x00000000001113d8                __swsetup_r
 .text.__call_exitprocs
                0x0000000000111528      0x118 c:/devkitpro/devkitarm/bin/../lib/gcc/arm-none-eabi/9.1.0/../../../../arm-none-eabi/lib/armv6k/fpu\libg.a(lib_a-__call_atexit.o)
                0x0000000000111528                __call_exitprocs
 .text.quorem   0x0000000000111640      0x1a8 c:/devkitpro/devkitarm/bin/../lib/gcc/arm-none-eabi/9.1.0/../../../../arm-none-eabi/lib/armv6k/fpu\libg.a(lib_a-dtoa.o)
 .text._dtoa_r  0x00000000001117e8     0x12ac c:/devkitpro/devkitarm/bin/../lib/gcc/arm-none-eabi/9.1.0/../../../../arm-none-eabi/lib/armv6k/fpu\libg.a(lib_a-dtoa.o)
                0x00000000001117e8                _dtoa_r
 .text.__sflush_r
                0x0000000000112a94      0x278 c:/devkitpro/devkitarm/bin/../lib/gcc/arm-none-eabi/9.1.0/../../../../arm-none-eabi/lib/armv6k/fpu\libg.a(lib_a-fflush.o)
                0x0000000000112a94                __sflush_r
 .text._fflush_r
                0x0000000000112d0c       0x94 c:/devkitpro/devkitarm/bin/../lib/gcc/arm-none-eabi/9.1.0/../../../../arm-none-eabi/lib/armv6k/fpu\libg.a(lib_a-fflush.o)
                0x0000000000112d0c                _fflush_r
 .text.std      0x0000000000112da0       0x78 c:/devkitpro/devkitarm/bin/../lib/gcc/arm-none-eabi/9.1.0/../../../../arm-none-eabi/lib/armv6k/fpu\libg.a(lib_a-findfp.o)
 .text._cleanup_r
                0x0000000000112e18        0xc c:/devkitpro/devkitarm/bin/../lib/gcc/arm-none-eabi/9.1.0/../../../../arm-none-eabi/lib/armv6k/fpu\libg.a(lib_a-findfp.o)
                0x0000000000112e18                _cleanup_r
 .text.__sinit  0x0000000000112e24       0x8c c:/devkitpro/devkitarm/bin/../lib/gcc/arm-none-eabi/9.1.0/../../../../arm-none-eabi/lib/armv6k/fpu\libg.a(lib_a-findfp.o)
                0x0000000000112e24                __sinit
 .text.__sfp_lock_acquire
                0x0000000000112eb0        0xc c:/devkitpro/devkitarm/bin/../lib/gcc/arm-none-eabi/9.1.0/../../../../arm-none-eabi/lib/armv6k/fpu\libg.a(lib_a-findfp.o)
                0x0000000000112eb0                __sfp_lock_acquire
 .text.__sfp_lock_release
                0x0000000000112ebc        0xc c:/devkitpro/devkitarm/bin/../lib/gcc/arm-none-eabi/9.1.0/../../../../arm-none-eabi/lib/armv6k/fpu\libg.a(lib_a-findfp.o)
                0x0000000000112ebc                __sfp_lock_release
 .text._malloc_trim_r
                0x0000000000112ec8       0xf8 c:/devkitpro/devkitarm/bin/../lib/gcc/arm-none-eabi/9.1.0/../../../../arm-none-eabi/lib/armv6k/fpu\libg.a(lib_a-freer.o)
                0x0000000000112ec8                _malloc_trim_r
 .text._free_r  0x0000000000112fc0      0x2e8 c:/devkitpro/devkitarm/bin/../lib/gcc/arm-none-eabi/9.1.0/../../../../arm-none-eabi/lib/armv6k/fpu\libg.a(lib_a-freer.o)
                0x0000000000112fc0                _free_r
 .text.__sfvwrite_r
                0x00000000001132a8      0x4a4 c:/devkitpro/devkitarm/bin/../lib/gcc/arm-none-eabi/9.1.0/../../../../arm-none-eabi/lib/armv6k/fpu\libg.a(lib_a-fvwrite.o)
                0x00000000001132a8                __sfvwrite_r
 .text._fwalk_reent
                0x000000000011374c       0x70 c:/devkitpro/devkitarm/bin/../lib/gcc/arm-none-eabi/9.1.0/../../../../arm-none-eabi/lib/armv6k/fpu\libg.a(lib_a-fwalk.o)
                0x000000000011374c                _fwalk_reent
 .text.iswspace
                0x00000000001137bc        0x8 c:/devkitpro/devkitarm/bin/../lib/gcc/arm-none-eabi/9.1.0/../../../../arm-none-eabi/lib/armv6k/fpu\libg.a(lib_a-iswspace.o)
                0x00000000001137bc                iswspace
 .text._localeconv_r
                0x00000000001137c4        0xc c:/devkitpro/devkitarm/bin/../lib/gcc/arm-none-eabi/9.1.0/../../../../arm-none-eabi/lib/armv6k/fpu\libg.a(lib_a-localeconv.o)
                0x00000000001137c4                _localeconv_r
 .text.__locale_mb_cur_max
                0x00000000001137d0       0x10 c:/devkitpro/devkitarm/bin/../lib/gcc/arm-none-eabi/9.1.0/../../../../arm-none-eabi/lib/armv6k/fpu\libg.a(lib_a-locale.o)
                0x00000000001137d0                __locale_mb_cur_max
 .text.__swhatbuf_r
                0x00000000001137e0       0x94 c:/devkitpro/devkitarm/bin/../lib/gcc/arm-none-eabi/9.1.0/../../../../arm-none-eabi/lib/armv6k/fpu\libg.a(lib_a-makebuf.o)
                0x00000000001137e0                __swhatbuf_r
 .text.__smakebuf_r
                0x0000000000113874       0xf8 c:/devkitpro/devkitarm/bin/../lib/gcc/arm-none-eabi/9.1.0/../../../../arm-none-eabi/lib/armv6k/fpu\libg.a(lib_a-makebuf.o)
                0x0000000000113874                __smakebuf_r
 .text._mbrtowc_r
                0x000000000011396c       0x60 c:/devkitpro/devkitarm/bin/../lib/gcc/arm-none-eabi/9.1.0/../../../../arm-none-eabi/lib/armv6k/fpu\libg.a(lib_a-mbrtowc.o)
                0x000000000011396c                _mbrtowc_r
 .text.__utf8_mbtowc
                0x00000000001139cc      0x2fc c:/devkitpro/devkitarm/bin/../lib/gcc/arm-none-eabi/9.1.0/../../../../arm-none-eabi/lib/armv6k/fpu\libg.a(lib_a-mbtowc_r.o)
                0x00000000001139cc                __utf8_mbtowc
 .text.memmove  0x0000000000113cc8      0x154 c:/devkitpro/devkitarm/bin/../lib/gcc/arm-none-eabi/9.1.0/../../../../arm-none-eabi/lib/armv6k/fpu\libg.a(lib_a-memmove.o)
                0x0000000000113cc8                memmove
 .text._Balloc  0x0000000000113e1c       0x88 c:/devkitpro/devkitarm/bin/../lib/gcc/arm-none-eabi/9.1.0/../../../../arm-none-eabi/lib/armv6k/fpu\libg.a(lib_a-mprec.o)
                0x0000000000113e1c                _Balloc
 .text._Bfree   0x0000000000113ea4       0x1c c:/devkitpro/devkitarm/bin/../lib/gcc/arm-none-eabi/9.1.0/../../../../arm-none-eabi/lib/armv6k/fpu\libg.a(lib_a-mprec.o)
                0x0000000000113ea4                _Bfree
 .text.__multadd
                0x0000000000113ec0       0xd0 c:/devkitpro/devkitarm/bin/../lib/gcc/arm-none-eabi/9.1.0/../../../../arm-none-eabi/lib/armv6k/fpu\libg.a(lib_a-mprec.o)
                0x0000000000113ec0                __multadd
 .text.__s2b    0x0000000000113f90       0xec c:/devkitpro/devkitarm/bin/../lib/gcc/arm-none-eabi/9.1.0/../../../../arm-none-eabi/lib/armv6k/fpu\libg.a(lib_a-mprec.o)
                0x0000000000113f90                __s2b
 .text.__hi0bits
                0x000000000011407c       0x58 c:/devkitpro/devkitarm/bin/../lib/gcc/arm-none-eabi/9.1.0/../../../../arm-none-eabi/lib/armv6k/fpu\libg.a(lib_a-mprec.o)
                0x000000000011407c                __hi0bits
 .text.__lo0bits
                0x00000000001140d4       0x9c c:/devkitpro/devkitarm/bin/../lib/gcc/arm-none-eabi/9.1.0/../../../../arm-none-eabi/lib/armv6k/fpu\libg.a(lib_a-mprec.o)
                0x00000000001140d4                __lo0bits
 .text.__i2b    0x0000000000114170       0x20 c:/devkitpro/devkitarm/bin/../lib/gcc/arm-none-eabi/9.1.0/../../../../arm-none-eabi/lib/armv6k/fpu\libg.a(lib_a-mprec.o)
                0x0000000000114170                __i2b
 .text.__multiply
                0x0000000000114190      0x1e0 c:/devkitpro/devkitarm/bin/../lib/gcc/arm-none-eabi/9.1.0/../../../../arm-none-eabi/lib/armv6k/fpu\libg.a(lib_a-mprec.o)
                0x0000000000114190                __multiply
 .text.__pow5mult
                0x0000000000114370      0x100 c:/devkitpro/devkitarm/bin/../lib/gcc/arm-none-eabi/9.1.0/../../../../arm-none-eabi/lib/armv6k/fpu\libg.a(lib_a-mprec.o)
                0x0000000000114370                __pow5mult
 .text.__lshift
                0x0000000000114470      0x114 c:/devkitpro/devkitarm/bin/../lib/gcc/arm-none-eabi/9.1.0/../../../../arm-none-eabi/lib/armv6k/fpu\libg.a(lib_a-mprec.o)
                0x0000000000114470                __lshift
 .text.__mcmp   0x0000000000114584       0x58 c:/devkitpro/devkitarm/bin/../lib/gcc/arm-none-eabi/9.1.0/../../../../arm-none-eabi/lib/armv6k/fpu\libg.a(lib_a-mprec.o)
                0x0000000000114584                __mcmp
 .text.__mdiff  0x00000000001145dc      0x190 c:/devkitpro/devkitarm/bin/../lib/gcc/arm-none-eabi/9.1.0/../../../../arm-none-eabi/lib/armv6k/fpu\libg.a(lib_a-mprec.o)
                0x00000000001145dc                __mdiff
 .text.__ulp    0x000000000011476c       0x88 c:/devkitpro/devkitarm/bin/../lib/gcc/arm-none-eabi/9.1.0/../../../../arm-none-eabi/lib/armv6k/fpu\libg.a(lib_a-mprec.o)
                0x000000000011476c                __ulp
 .text.__b2d    0x00000000001147f4       0xd4 c:/devkitpro/devkitarm/bin/../lib/gcc/arm-none-eabi/9.1.0/../../../../arm-none-eabi/lib/armv6k/fpu\libg.a(lib_a-mprec.o)
                0x00000000001147f4                __b2d
 .text.__d2b    0x00000000001148c8      0x104 c:/devkitpro/devkitarm/bin/../lib/gcc/arm-none-eabi/9.1.0/../../../../arm-none-eabi/lib/armv6k/fpu\libg.a(lib_a-mprec.o)
                0x00000000001148c8                __d2b
 .text.__ratio  0x00000000001149cc       0x84 c:/devkitpro/devkitarm/bin/../lib/gcc/arm-none-eabi/9.1.0/../../../../arm-none-eabi/lib/armv6k/fpu\libg.a(lib_a-mprec.o)
                0x00000000001149cc                __ratio
 .text.__copybits
                0x0000000000114a50       0x6c c:/devkitpro/devkitarm/bin/../lib/gcc/arm-none-eabi/9.1.0/../../../../arm-none-eabi/lib/armv6k/fpu\libg.a(lib_a-mprec.o)
                0x0000000000114a50                __copybits
 .text.__any_on
                0x0000000000114abc       0x5c c:/devkitpro/devkitarm/bin/../lib/gcc/arm-none-eabi/9.1.0/../../../../arm-none-eabi/lib/armv6k/fpu\libg.a(lib_a-mprec.o)
                0x0000000000114abc                __any_on
 .text.realloc  0x0000000000114b18       0x28 c:/devkitpro/devkitarm/bin/../lib/gcc/arm-none-eabi/9.1.0/../../../../arm-none-eabi/lib/armv6k/fpu\libg.a(lib_a-realloc.o)
                0x0000000000114b18                realloc
 .text._realloc_r
                0x0000000000114b40      0x4bc c:/devkitpro/devkitarm/bin/../lib/gcc/arm-none-eabi/9.1.0/../../../../arm-none-eabi/lib/armv6k/fpu\libg.a(lib_a-reallocr.o)
                0x0000000000114b40                _realloc_r
 .text.__sccl   0x0000000000114ffc       0xe8 c:/devkitpro/devkitarm/bin/../lib/gcc/arm-none-eabi/9.1.0/../../../../arm-none-eabi/lib/armv6k/fpu\libg.a(lib_a-sccl.o)
                0x0000000000114ffc                __sccl
 .text.nanf     0x00000000001150e4        0xc c:/devkitpro/devkitarm/bin/../lib/gcc/arm-none-eabi/9.1.0/../../../../arm-none-eabi/lib/armv6k/fpu\libg.a(lib_a-sf_nan.o)
                0x00000000001150e4                nanf
 .text.frexp    0x00000000001150f0       0xa8 c:/devkitpro/devkitarm/bin/../lib/gcc/arm-none-eabi/9.1.0/../../../../arm-none-eabi/lib/armv6k/fpu\libg.a(lib_a-s_frexp.o)
                0x00000000001150f0                frexp
 .text.sprintf  0x0000000000115198       0x64 c:/devkitpro/devkitarm/bin/../lib/gcc/arm-none-eabi/9.1.0/../../../../arm-none-eabi/lib/armv6k/fpu\libg.a(lib_a-sprintf.o)
                0x0000000000115198                sprintf
 .text.stpncpy  0x00000000001151fc       0xb8 c:/devkitpro/devkitarm/bin/../lib/gcc/arm-none-eabi/9.1.0/../../../../arm-none-eabi/lib/armv6k/fpu\libg.a(lib_a-stpncpy.o)
                0x00000000001151fc                stpncpy
 .text.strchr   0x00000000001152b4      0x144 c:/devkitpro/devkitarm/bin/../lib/gcc/arm-none-eabi/9.1.0/../../../../arm-none-eabi/lib/armv6k/fpu\libg.a(lib_a-strchr.o)
                0x00000000001152b4                strchr
 .text.sulp     0x00000000001153f8       0x54 c:/devkitpro/devkitarm/bin/../lib/gcc/arm-none-eabi/9.1.0/../../../../arm-none-eabi/lib/armv6k/fpu\libg.a(lib_a-strtod.o)
 *fill*         0x000000000011544c        0x4 
 .text._strtod_l
                0x0000000000115450     0x1414 c:/devkitpro/devkitarm/bin/../lib/gcc/arm-none-eabi/9.1.0/../../../../arm-none-eabi/lib/armv6k/fpu\libg.a(lib_a-strtod.o)
                0x0000000000115450                _strtod_l
 .text._strtod_r
                0x0000000000116864        0xc c:/devkitpro/devkitarm/bin/../lib/gcc/arm-none-eabi/9.1.0/../../../../arm-none-eabi/lib/armv6k/fpu\libg.a(lib_a-strtod.o)
                0x0000000000116864                _strtod_r
 .text._strtoll_l.isra.0
                0x0000000000116870      0x23c c:/devkitpro/devkitarm/bin/../lib/gcc/arm-none-eabi/9.1.0/../../../../arm-none-eabi/lib/armv6k/fpu\libg.a(lib_a-strtoll.o)
 .text._strtoll_r
                0x0000000000116aac        0x4 c:/devkitpro/devkitarm/bin/../lib/gcc/arm-none-eabi/9.1.0/../../../../arm-none-eabi/lib/armv6k/fpu\libg.a(lib_a-strtoll.o)
                0x0000000000116aac                _strtoll_r
 .text._strtol_l.isra.0
                0x0000000000116ab0      0x1b4 c:/devkitpro/devkitarm/bin/../lib/gcc/arm-none-eabi/9.1.0/../../../../arm-none-eabi/lib/armv6k/fpu\libg.a(lib_a-strtol.o)
 .text._strtol_r
                0x0000000000116c64        0x4 c:/devkitpro/devkitarm/bin/../lib/gcc/arm-none-eabi/9.1.0/../../../../arm-none-eabi/lib/armv6k/fpu\libg.a(lib_a-strtol.o)
                0x0000000000116c64                _strtol_r
 .text._strtoull_l.isra.0
                0x0000000000116c68      0x24c c:/devkitpro/devkitarm/bin/../lib/gcc/arm-none-eabi/9.1.0/../../../../arm-none-eabi/lib/armv6k/fpu\libg.a(lib_a-strtoull.o)
 .text._strtoull_r
                0x0000000000116eb4        0x4 c:/devkitpro/devkitarm/bin/../lib/gcc/arm-none-eabi/9.1.0/../../../../arm-none-eabi/lib/armv6k/fpu\libg.a(lib_a-strtoull.o)
                0x0000000000116eb4                _strtoull_r
 .text._strtoul_l.isra.0
                0x0000000000116eb8      0x1c8 c:/devkitpro/devkitarm/bin/../lib/gcc/arm-none-eabi/9.1.0/../../../../arm-none-eabi/lib/armv6k/fpu\libg.a(lib_a-strtoul.o)
 .text._strtoul_r
                0x0000000000117080        0x4 c:/devkitpro/devkitarm/bin/../lib/gcc/arm-none-eabi/9.1.0/../../../../arm-none-eabi/lib/armv6k/fpu\libg.a(lib_a-strtoul.o)
                0x0000000000117080                _strtoul_r
 .text.__ssprint_r
                0x0000000000117084      0x188 c:/devkitpro/devkitarm/bin/../lib/gcc/arm-none-eabi/9.1.0/../../../../arm-none-eabi/lib/armv6k/fpu\libg.a(lib_a-svfiprintf.o)
                0x0000000000117084                __ssprint_r
 .text._sungetc_r
                0x000000000011720c       0xe0 c:/devkitpro/devkitarm/bin/../lib/gcc/arm-none-eabi/9.1.0/../../../../arm-none-eabi/lib/armv6k/fpu\libg.a(lib_a-svfiscanf.o)
                0x000000000011720c                _sungetc_r
 .text.__ssrefill_r
                0x00000000001172ec       0x6c c:/devkitpro/devkitarm/bin/../lib/gcc/arm-none-eabi/9.1.0/../../../../arm-none-eabi/lib/armv6k/fpu\libg.a(lib_a-svfiscanf.o)
                0x00000000001172ec                __ssrefill_r
 .text._sfread_r
                0x0000000000117358       0xc8 c:/devkitpro/devkitarm/bin/../lib/gcc/arm-none-eabi/9.1.0/../../../../arm-none-eabi/lib/armv6k/fpu\libg.a(lib_a-svfiscanf.o)
                0x0000000000117358                _sfread_r
 .text.get_arg  0x0000000000117420      0x650 c:/devkitpro/devkitarm/bin/../lib/gcc/arm-none-eabi/9.1.0/../../../../arm-none-eabi/lib/armv6k/fpu\libg.a(lib_a-svfprintf.o)
 .text._svfprintf_r
                0x0000000000117a70     0x3814 c:/devkitpro/devkitarm/bin/../lib/gcc/arm-none-eabi/9.1.0/../../../../arm-none-eabi/lib/armv6k/fpu\libg.a(lib_a-svfprintf.o)
                0x0000000000117a70                _svfprintf_r
 .text.__submore
                0x000000000011b284       0xa8 c:/devkitpro/devkitarm/bin/../lib/gcc/arm-none-eabi/9.1.0/../../../../arm-none-eabi/lib/armv6k/fpu\libg.a(lib_a-ungetc.o)
                0x000000000011b284                __submore
 .text._wcsnrtombs_l
                0x000000000011b32c      0x190 c:/devkitpro/devkitarm/bin/../lib/gcc/arm-none-eabi/9.1.0/../../../../arm-none-eabi/lib/armv6k/fpu\libg.a(lib_a-wcsnrtombs.o)
                0x000000000011b32c                _wcsnrtombs_l
 .text._wcsnrtombs_r
                0x000000000011b4bc       0x48 c:/devkitpro/devkitarm/bin/../lib/gcc/arm-none-eabi/9.1.0/../../../../arm-none-eabi/lib/armv6k/fpu\libg.a(lib_a-wcsnrtombs.o)
                0x000000000011b4bc                _wcsnrtombs_r
 .text.__utf8_wctomb
                0x000000000011b504       0xf0 c:/devkitpro/devkitarm/bin/../lib/gcc/arm-none-eabi/9.1.0/../../../../arm-none-eabi/lib/armv6k/fpu\libg.a(lib_a-wctomb_r.o)
                0x000000000011b504                __utf8_wctomb
 .text._calloc_r
                0x000000000011b5f4       0x94 c:/devkitpro/devkitarm/bin/../lib/gcc/arm-none-eabi/9.1.0/../../../../arm-none-eabi/lib/armv6k/fpu\libg.a(lib_a-callocr.o)
                0x000000000011b5f4                _calloc_r
 .text._fclose_r
                0x000000000011b688      0x160 c:/devkitpro/devkitarm/bin/../lib/gcc/arm-none-eabi/9.1.0/../../../../arm-none-eabi/lib/armv6k/fpu\libg.a(lib_a-fclose.o)
                0x000000000011b688                _fclose_r
 .text.rshift   0x000000000011b7e8       0xec c:/devkitpro/devkitarm/bin/../lib/gcc/arm-none-eabi/9.1.0/../../../../arm-none-eabi/lib/armv6k/fpu\libg.a(lib_a-gdtoa-gethex.o)
 .text.__gethex
                0x000000000011b8d4      0x828 c:/devkitpro/devkitarm/bin/../lib/gcc/arm-none-eabi/9.1.0/../../../../arm-none-eabi/lib/armv6k/fpu\libg.a(lib_a-gdtoa-gethex.o)
                0x000000000011b8d4                __gethex
 .text.__match  0x000000000011c0fc       0x60 c:/devkitpro/devkitarm/bin/../lib/gcc/arm-none-eabi/9.1.0/../../../../arm-none-eabi/lib/armv6k/fpu\libg.a(lib_a-gdtoa-hexnan.o)
                0x000000000011c0fc                __match
 .text.__hexnan
                0x000000000011c15c      0x28c c:/devkitpro/devkitarm/bin/../lib/gcc/arm-none-eabi/9.1.0/../../../../arm-none-eabi/lib/armv6k/fpu\libg.a(lib_a-gdtoa-hexnan.o)
                0x000000000011c15c                __hexnan
 .text.iswspace_l
                0x000000000011c3e8       0x3c c:/devkitpro/devkitarm/bin/../lib/gcc/arm-none-eabi/9.1.0/../../../../arm-none-eabi/lib/armv6k/fpu\libg.a(lib_a-iswspace_l.o)
                0x000000000011c3e8                iswspace_l
 .text.__jp2uc  0x000000000011c424      0x1e0 c:/devkitpro/devkitarm/bin/../lib/gcc/arm-none-eabi/9.1.0/../../../../arm-none-eabi/lib/armv6k/fpu\libg.a(lib_a-jp2uc.o)
 .text._jp2uc_l
                0x000000000011c604       0x94 c:/devkitpro/devkitarm/bin/../lib/gcc/arm-none-eabi/9.1.0/../../../../arm-none-eabi/lib/armv6k/fpu\libg.a(lib_a-jp2uc.o)
                0x000000000011c604                _jp2uc_l
 .text.nan      0x000000000011c698       0x10 c:/devkitpro/devkitarm/bin/../lib/gcc/arm-none-eabi/9.1.0/../../../../arm-none-eabi/lib/armv6k/fpu\libg.a(lib_a-s_nan.o)
                0x000000000011c698                nan
 .text.category
                0x000000000011c6a8       0x88 c:/devkitpro/devkitarm/bin/../lib/gcc/arm-none-eabi/9.1.0/../../../../arm-none-eabi/lib/armv6k/fpu\libg.a(lib_a-categories.o)
                0x000000000011c6a8                category
 .text.null_write
                0x000000000011c730        0x8 c:/devkitpro/devkitarm/bin/../lib/gcc/arm-none-eabi/9.1.0/../../../../arm-none-eabi/lib/armv6k/fpu\libsysbase.a(iosupport.o)
 .text.setDefaultDevice
                0x000000000011c738       0x18 c:/devkitpro/devkitarm/bin/../lib/gcc/arm-none-eabi/9.1.0/../../../../arm-none-eabi/lib/armv6k/fpu\libsysbase.a(iosupport.o)
                0x000000000011c738                setDefaultDevice
 .text.FindDevice
                0x000000000011c750       0xc8 c:/devkitpro/devkitarm/bin/../lib/gcc/arm-none-eabi/9.1.0/../../../../arm-none-eabi/lib/armv6k/fpu\libsysbase.a(iosupport.o)
                0x000000000011c750                FindDevice
 .text.RemoveDevice
                0x000000000011c818       0x28 c:/devkitpro/devkitarm/bin/../lib/gcc/arm-none-eabi/9.1.0/../../../../arm-none-eabi/lib/armv6k/fpu\libsysbase.a(iosupport.o)
                0x000000000011c818                RemoveDevice
 .text.AddDevice
                0x000000000011c840       0x9c c:/devkitpro/devkitarm/bin/../lib/gcc/arm-none-eabi/9.1.0/../../../../arm-none-eabi/lib/armv6k/fpu\libsysbase.a(iosupport.o)
                0x000000000011c840                AddDevice
 .text.GetDeviceOpTab
                0x000000000011c8dc       0x20 c:/devkitpro/devkitarm/bin/../lib/gcc/arm-none-eabi/9.1.0/../../../../arm-none-eabi/lib/armv6k/fpu\libsysbase.a(iosupport.o)
                0x000000000011c8dc                GetDeviceOpTab
 .text._fstat_r
                0x000000000011c8fc       0x78 c:/devkitpro/devkitarm/bin/../lib/gcc/arm-none-eabi/9.1.0/../../../../arm-none-eabi/lib/armv6k/fpu\libsysbase.a(fstat.o)
                0x000000000011c8fc                _fstat_r
 .text._isatty_r
                0x000000000011c974        0x8 c:/devkitpro/devkitarm/bin/../lib/gcc/arm-none-eabi/9.1.0/../../../../arm-none-eabi/lib/armv6k/fpu\libsysbase.a(isatty.o)
                0x000000000011c974                _isatty_r
 .text._lseek_r
                0x000000000011c97c       0x84 c:/devkitpro/devkitarm/bin/../lib/gcc/arm-none-eabi/9.1.0/../../../../arm-none-eabi/lib/armv6k/fpu\libsysbase.a(lseek.o)
                0x000000000011c97c                _lseek_r
 .text._read_r  0x000000000011ca00       0x80 c:/devkitpro/devkitarm/bin/../lib/gcc/arm-none-eabi/9.1.0/../../../../arm-none-eabi/lib/armv6k/fpu\libsysbase.a(read.o)
                0x000000000011ca00                _read_r
 .text._sbrk_r  0x000000000011ca80       0x78 c:/devkitpro/devkitarm/bin/../lib/gcc/arm-none-eabi/9.1.0/../../../../arm-none-eabi/lib/armv6k/fpu\libsysbase.a(sbrk.o)
                0x000000000011ca80                _sbrk_r
 .text._write_r
                0x000000000011caf8       0x80 c:/devkitpro/devkitarm/bin/../lib/gcc/arm-none-eabi/9.1.0/../../../../arm-none-eabi/lib/armv6k/fpu\libsysbase.a(write.o)
                0x000000000011caf8                _write_r
 .text._exit    0x000000000011cb78       0x24 c:/devkitpro/devkitarm/bin/../lib/gcc/arm-none-eabi/9.1.0/../../../../arm-none-eabi/lib/armv6k/fpu\libsysbase.a(_exit.o)
                0x000000000011cb78                _exit
 .text._concatenate_path
                0x000000000011cb9c      0x1bc c:/devkitpro/devkitarm/bin/../lib/gcc/arm-none-eabi/9.1.0/../../../../arm-none-eabi/lib/armv6k/fpu\libsysbase.a(chdir.o)
                0x000000000011cb9c                _concatenate_path
 .text.chdir    0x000000000011cd58      0x15c c:/devkitpro/devkitarm/bin/../lib/gcc/arm-none-eabi/9.1.0/../../../../arm-none-eabi/lib/armv6k/fpu\libsysbase.a(chdir.o)
                0x000000000011cd58                chdir
 .text.__flockfile
                0x000000000011ceb4        0x8 c:/devkitpro/devkitarm/bin/../lib/gcc/arm-none-eabi/9.1.0/../../../../arm-none-eabi/lib/armv6k/fpu\libsysbase.a(flock.o)
                0x000000000011ceb4                __flockfile
 .text.__funlockfile
                0x000000000011cebc        0x8 c:/devkitpro/devkitarm/bin/../lib/gcc/arm-none-eabi/9.1.0/../../../../arm-none-eabi/lib/armv6k/fpu\libsysbase.a(flock.o)
                0x000000000011cebc                __funlockfile
 .text.__libc_lock_acquire
                0x000000000011cec4       0x18 c:/devkitpro/devkitarm/bin/../lib/gcc/arm-none-eabi/9.1.0/../../../../arm-none-eabi/lib/armv6k/fpu\libsysbase.a(syscall_support.o)
                0x000000000011cec4                __libc_lock_acquire
 .text.__libc_lock_release
                0x000000000011cedc       0x18 c:/devkitpro/devkitarm/bin/../lib/gcc/arm-none-eabi/9.1.0/../../../../arm-none-eabi/lib/armv6k/fpu\libsysbase.a(syscall_support.o)
                0x000000000011cedc                __libc_lock_release
 .text.__libc_lock_init_recursive
                0x000000000011cef4       0x18 c:/devkitpro/devkitarm/bin/../lib/gcc/arm-none-eabi/9.1.0/../../../../arm-none-eabi/lib/armv6k/fpu\libsysbase.a(syscall_support.o)
                0x000000000011cef4                __libc_lock_init_recursive
 .text.__libc_lock_acquire_recursive
                0x000000000011cf0c       0x18 c:/devkitpro/devkitarm/bin/../lib/gcc/arm-none-eabi/9.1.0/../../../../arm-none-eabi/lib/armv6k/fpu\libsysbase.a(syscall_support.o)
                0x000000000011cf0c                __libc_lock_acquire_recursive
 .text.__libc_lock_release_recursive
                0x000000000011cf24       0x18 c:/devkitpro/devkitarm/bin/../lib/gcc/arm-none-eabi/9.1.0/../../../../arm-none-eabi/lib/armv6k/fpu\libsysbase.a(syscall_support.o)
                0x000000000011cf24                __libc_lock_release_recursive
 .text.__libc_lock_close_recursive
                0x000000000011cf3c       0x18 c:/devkitpro/devkitarm/bin/../lib/gcc/arm-none-eabi/9.1.0/../../../../arm-none-eabi/lib/armv6k/fpu\libsysbase.a(syscall_support.o)
                0x000000000011cf3c                __libc_lock_close_recursive
 .text.__get_handle
                0x000000000011cf54       0x3c c:/devkitpro/devkitarm/bin/../lib/gcc/arm-none-eabi/9.1.0/../../../../arm-none-eabi/lib/armv6k/fpu\libsysbase.a(handle_manager.o)
                0x000000000011cf54                __get_handle
 .text._close_r
                0x000000000011cf90       0xf8 c:/devkitpro/devkitarm/bin/../lib/gcc/arm-none-eabi/9.1.0/../../../../arm-none-eabi/lib/armv6k/fpu\libsysbase.a(handle_manager.o)
                0x000000000011cf90                _close_r
 .text.__getreent
                0x000000000011d088       0x28 c:/devkitpro/devkitarm/bin/../lib/gcc/arm-none-eabi/9.1.0/../../../../arm-none-eabi/lib/armv6k/fpu\libsysbase.a(getreent.o)
                0x000000000011d088                __getreent
 .text.strrchr  0x000000000011d0b0       0x44 c:/devkitpro/devkitarm/bin/../lib/gcc/arm-none-eabi/9.1.0/../../../../arm-none-eabi/lib/armv6k/fpu\libg.a(lib_a-strrchr.o)
                0x000000000011d0b0                strrchr
 *(.glue_7)
 .glue_7        0x000000000011d0f4        0x0 linker stubs
 *(.glue_7t)
 .glue_7t       0x000000000011d0f4        0x0 linker stubs
 *(.stub)
 *(.gnu.warning)
 *(.gnu.linkonce.t*)
                0x000000000011d0f4                . = ALIGN (0x4)
 *(.fini)
 .fini          0x000000000011d0f4        0xc c:/devkitpro/devkitarm/bin/../lib/gcc/arm-none-eabi/9.1.0/armv6k/fpu/crti.o
                0x000000000011d0f4                _fini
 .fini          0x000000000011d100        0xc c:/devkitpro/devkitarm/bin/../lib/gcc/arm-none-eabi/9.1.0/armv6k/fpu/crtn.o
                0x000000000011d10c                . = ALIGN (0x4)

.vfp11_veneer   0x000000000011d10c        0x0
 .vfp11_veneer  0x000000000011d10c        0x0 linker stubs

.v4_bx          0x000000000011d10c        0x0
 .v4_bx         0x000000000011d10c        0x0 linker stubs

.iplt           0x000000000011d10c        0x0
 .iplt          0x000000000011d10c        0x0 c:/devkitpro/devkitarm/bin/../lib/gcc/arm-none-eabi/9.1.0/../../../../arm-none-eabi/lib/armv6k/fpu/3dsx_crt0.o
                0x000000000011e000                . = ALIGN (0x1000)

.rodata         0x000000000011e000     0x7724
 *(.rodata)
 .rodata        0x000000000011e000      0x804 C:/devkitPro/libctru/lib\libctru.a(default_font.bin.o)
                0x000000000011e000                default_font_bin
                0x000000000011e800                default_font_bin_size
                0x000000000011e800                default_font_bin_end
 .rodata        0x000000000011e804        0xc C:/devkitPro/libctru/lib\libctru.a(archive_dev.o)
 *(.roda)
 *(.rodata.*)
 .rodata.str1.4
                0x000000000011e810       0x93 mod.o
 *fill*         0x000000000011e8a3        0x1 
 .rodata.con_write.str1.4
                0x000000000011e8a4       0x52 C:/devkitPro/libctru/lib\libctru.a(console.o)
 *fill*         0x000000000011e8f6        0x2 
 .rodata.str1.4
                0x000000000011e8f8       0x10 C:/devkitPro/libctru/lib\libctru.a(console.o)
 .rodata.colorTable
                0x000000000011e908       0x30 C:/devkitPro/libctru/lib\libctru.a(console.o)
 .rodata.dotab_stdout
                0x000000000011e938       0x70 C:/devkitPro/libctru/lib\libctru.a(console.o)
 .rodata.CSWTCH.62
                0x000000000011e9a8       0x14 C:/devkitPro/libctru/lib\libctru.a(gfx.o)
 .rodata.framebufferInfoSt
                0x000000000011e9bc        0x8 C:/devkitPro/libctru/lib\libctru.a(gfx.o)
 .rodata.gspInit.str1.4
                0x000000000011e9c4        0x9 C:/devkitPro/libctru/lib\libctru.a(gspgpu.o)
 *fill*         0x000000000011e9cd        0x3 
 .rodata.aptSendCommand.str1.4
                0x000000000011e9d0       0x16 C:/devkitPro/libctru/lib\libctru.a(apt.o)
 *fill*         0x000000000011e9e6        0x2 
 .rodata.hidInit.str1.4
                0x000000000011e9e8       0x15 C:/devkitPro/libctru/lib\libctru.a(hid.o)
 *fill*         0x000000000011e9fd        0x3 
 .rodata.srvInit.str1.4
                0x000000000011ea00        0x5 C:/devkitPro/libctru/lib\libctru.a(srv.o)
 *fill*         0x000000000011ea05        0x3 
 .rodata.irrstInit.str1.4
                0x000000000011ea08        0x7 C:/devkitPro/libctru/lib\libctru.a(irrst.o)
 *fill*         0x000000000011ea0f        0x1 
 .rodata.ptmSysmInit.str1.4
                0x000000000011ea10        0x9 C:/devkitPro/libctru/lib\libctru.a(ptmsysm.o)
 *fill*         0x000000000011ea19        0x3 
 .rodata.str1.4
                0x000000000011ea1c        0x8 C:/devkitPro/libctru/lib\libctru.a(archive_dev.o)
                                          0xc (size before relaxing)
 .rodata._archiveMountDevice.str1.4
                0x000000000011ea24        0x8 C:/devkitPro/libctru/lib\libctru.a(archive_dev.o)
 .rodata._archiveUnmountDeviceStruct.part.0.str1.4
                0x000000000011ea2c        0x2 C:/devkitPro/libctru/lib\libctru.a(archive_dev.o)
 *fill*         0x000000000011ea2e        0x2 
 .rodata.archiveMountSdmc.str1.4
                0x000000000011ea30        0x5 C:/devkitPro/libctru/lib\libctru.a(archive_dev.o)
 *fill*         0x000000000011ea35        0x3 
 .rodata.archive_devoptab
                0x000000000011ea38       0x70 C:/devkitPro/libctru/lib\libctru.a(archive_dev.o)
 .rodata.error_table
                0x000000000011eaa8       0x30 C:/devkitPro/libctru/lib\libctru.a(archive_dev.o)
 .rodata.fsInit.str1.4
                0x000000000011ead8        0x8 C:/devkitPro/libctru/lib\libctru.a(fs.o)
 .rodata._global_impure_ptr
                0x000000000011eae0        0x4 c:/devkitpro/devkitarm/bin/../lib/gcc/arm-none-eabi/9.1.0/../../../../arm-none-eabi/lib/armv6k/fpu\libg.a(lib_a-impure.o)
                0x000000000011eae0                _global_impure_ptr
 .rodata._puts_r.str1.4
                0x000000000011eae4        0x2 c:/devkitpro/devkitarm/bin/../lib/gcc/arm-none-eabi/9.1.0/../../../../arm-none-eabi/lib/armv6k/fpu\libg.a(lib_a-puts.o)
 .rodata.__ssvfscanf_r.str1.1
                0x000000000011eae6        0x5 c:/devkitpro/devkitarm/bin/../lib/gcc/arm-none-eabi/9.1.0/../../../../arm-none-eabi/lib/armv6k/fpu\libg.a(lib_a-svfscanf.o)
                                          0x6 (size before relaxing)
 *fill*         0x000000000011eaeb        0x1 
 .rodata.basefix.8820
                0x000000000011eaec       0x22 c:/devkitpro/devkitarm/bin/../lib/gcc/arm-none-eabi/9.1.0/../../../../arm-none-eabi/lib/armv6k/fpu\libg.a(lib_a-svfscanf.o)
 .rodata._vfprintf_r.str1.1
                0x000000000011eb0e       0x3b c:/devkitpro/devkitarm/bin/../lib/gcc/arm-none-eabi/9.1.0/../../../../arm-none-eabi/lib/armv6k/fpu\libg.a(lib_a-vfprintf.o)
 *fill*         0x000000000011eb49        0x3 
 .rodata.blanks.8791
                0x000000000011eb4c       0x10 c:/devkitpro/devkitarm/bin/../lib/gcc/arm-none-eabi/9.1.0/../../../../arm-none-eabi/lib/armv6k/fpu\libg.a(lib_a-vfprintf.o)
 .rodata.zeroes.8792
                0x000000000011eb5c       0x10 c:/devkitpro/devkitarm/bin/../lib/gcc/arm-none-eabi/9.1.0/../../../../arm-none-eabi/lib/armv6k/fpu\libg.a(lib_a-vfprintf.o)
 .rodata._ctype_
                0x000000000011eb6c      0x101 c:/devkitpro/devkitarm/bin/../lib/gcc/arm-none-eabi/9.1.0/../../../../arm-none-eabi/lib/armv6k/fpu\libg.a(lib_a-ctype_.o)
                0x000000000011eb6c                _ctype_
 *fill*         0x000000000011ec6d        0x3 
 .rodata._dtoa_r.str1.4
                0x000000000011ec70       0x12 c:/devkitpro/devkitarm/bin/../lib/gcc/arm-none-eabi/9.1.0/../../../../arm-none-eabi/lib/armv6k/fpu\libg.a(lib_a-dtoa.o)
 *fill*         0x000000000011ec82        0x2 
 .rodata.str1.4
                0x000000000011ec84       0x48 c:/devkitpro/devkitarm/bin/../lib/gcc/arm-none-eabi/9.1.0/../../../../arm-none-eabi/lib/armv6k/fpu\libg.a(lib_a-locale.o)
                                         0x4c (size before relaxing)
 .rodata._mbrtowc_r.str1.4
                0x000000000011eccc        0x1 c:/devkitpro/devkitarm/bin/../lib/gcc/arm-none-eabi/9.1.0/../../../../arm-none-eabi/lib/armv6k/fpu\libg.a(lib_a-mbrtowc.o)
 *fill*         0x000000000011eccc        0x4 
 .rodata.__mprec_bigtens
                0x000000000011ecd0       0x28 c:/devkitpro/devkitarm/bin/../lib/gcc/arm-none-eabi/9.1.0/../../../../arm-none-eabi/lib/armv6k/fpu\libg.a(lib_a-mprec.o)
                0x000000000011ecd0                __mprec_bigtens
 .rodata.__mprec_tens
                0x000000000011ecf8       0xc8 c:/devkitpro/devkitarm/bin/../lib/gcc/arm-none-eabi/9.1.0/../../../../arm-none-eabi/lib/armv6k/fpu\libg.a(lib_a-mprec.o)
                0x000000000011ecf8                __mprec_tens
 .rodata.p05.7510
                0x000000000011edc0        0xc c:/devkitpro/devkitarm/bin/../lib/gcc/arm-none-eabi/9.1.0/../../../../arm-none-eabi/lib/armv6k/fpu\libg.a(lib_a-mprec.o)
 .rodata._strtod_l.str1.4
                0x000000000011edcc        0xf c:/devkitpro/devkitarm/bin/../lib/gcc/arm-none-eabi/9.1.0/../../../../arm-none-eabi/lib/armv6k/fpu\libg.a(lib_a-strtod.o)
                                         0x11 (size before relaxing)
 *fill*         0x000000000011eddb        0x1 
 .rodata.fpi.7590
                0x000000000011eddc       0x14 c:/devkitpro/devkitarm/bin/../lib/gcc/arm-none-eabi/9.1.0/../../../../arm-none-eabi/lib/armv6k/fpu\libg.a(lib_a-strtod.o)
 .rodata.fpinan.7626
                0x000000000011edf0       0x14 c:/devkitpro/devkitarm/bin/../lib/gcc/arm-none-eabi/9.1.0/../../../../arm-none-eabi/lib/armv6k/fpu\libg.a(lib_a-strtod.o)
 *fill*         0x000000000011ee04        0x4 
 .rodata.tinytens
                0x000000000011ee08       0x28 c:/devkitpro/devkitarm/bin/../lib/gcc/arm-none-eabi/9.1.0/../../../../arm-none-eabi/lib/armv6k/fpu\libg.a(lib_a-strtod.o)
 .rodata.__action_table
                0x000000000011ee30       0x6c c:/devkitpro/devkitarm/bin/../lib/gcc/arm-none-eabi/9.1.0/../../../../arm-none-eabi/lib/armv6k/fpu\libg.a(lib_a-svfiprintf.o)
                0x000000000011ee30                __action_table
 .rodata.__chclass
                0x000000000011ee9c      0x100 c:/devkitpro/devkitarm/bin/../lib/gcc/arm-none-eabi/9.1.0/../../../../arm-none-eabi/lib/armv6k/fpu\libg.a(lib_a-svfiprintf.o)
                0x000000000011ee9c                __chclass
 .rodata.__state_table
                0x000000000011ef9c       0x6c c:/devkitpro/devkitarm/bin/../lib/gcc/arm-none-eabi/9.1.0/../../../../arm-none-eabi/lib/armv6k/fpu\libg.a(lib_a-svfiprintf.o)
                0x000000000011ef9c                __state_table
 .rodata._svfprintf_r.str1.1
                0x000000000011f008       0x3b c:/devkitpro/devkitarm/bin/../lib/gcc/arm-none-eabi/9.1.0/../../../../arm-none-eabi/lib/armv6k/fpu\libg.a(lib_a-svfprintf.o)
 .rodata.blanks.8776
                0x000000000011f008       0x10 c:/devkitpro/devkitarm/bin/../lib/gcc/arm-none-eabi/9.1.0/../../../../arm-none-eabi/lib/armv6k/fpu\libg.a(lib_a-svfprintf.o)
 .rodata.zeroes.8777
                0x000000000011f018       0x10 c:/devkitpro/devkitarm/bin/../lib/gcc/arm-none-eabi/9.1.0/../../../../arm-none-eabi/lib/armv6k/fpu\libg.a(lib_a-svfprintf.o)
 .rodata.__hexdig
                0x000000000011f028      0x100 c:/devkitpro/devkitarm/bin/../lib/gcc/arm-none-eabi/9.1.0/../../../../arm-none-eabi/lib/armv6k/fpu\libg.a(lib_a-gdtoa-gethex.o)
                0x000000000011f028                __hexdig
 .rodata._jp2uc_l.str1.4
                0x000000000011f128       0x14 c:/devkitpro/devkitarm/bin/../lib/gcc/arm-none-eabi/9.1.0/../../../../arm-none-eabi/lib/armv6k/fpu\libg.a(lib_a-jp2uc.o)
                                         0x12 (size before relaxing)
 .rodata.a1     0x000000000011f13c       0xbc c:/devkitpro/devkitarm/bin/../lib/gcc/arm-none-eabi/9.1.0/../../../../arm-none-eabi/lib/armv6k/fpu\libg.a(lib_a-jp2uc.o)
 .rodata.a2     0x000000000011f1f8       0xbc c:/devkitpro/devkitarm/bin/../lib/gcc/arm-none-eabi/9.1.0/../../../../arm-none-eabi/lib/armv6k/fpu\libg.a(lib_a-jp2uc.o)
 .rodata.a3     0x000000000011f2b4       0x5b c:/devkitpro/devkitarm/bin/../lib/gcc/arm-none-eabi/9.1.0/../../../../arm-none-eabi/lib/armv6k/fpu\libg.a(lib_a-jp2uc.o)
 *fill*         0x000000000011f30f        0x1 
 .rodata.a6     0x000000000011f310       0x70 c:/devkitpro/devkitarm/bin/../lib/gcc/arm-none-eabi/9.1.0/../../../../arm-none-eabi/lib/armv6k/fpu\libg.a(lib_a-jp2uc.o)
 .rodata.a7     0x000000000011f380       0xa2 c:/devkitpro/devkitarm/bin/../lib/gcc/arm-none-eabi/9.1.0/../../../../arm-none-eabi/lib/armv6k/fpu\libg.a(lib_a-jp2uc.o)
 *fill*         0x000000000011f422        0x2 
 .rodata.a8     0x000000000011f424       0x40 c:/devkitpro/devkitarm/bin/../lib/gcc/arm-none-eabi/9.1.0/../../../../arm-none-eabi/lib/armv6k/fpu\libg.a(lib_a-jp2uc.o)
 .rodata.b02cf  0x000000000011f464     0x172a c:/devkitpro/devkitarm/bin/../lib/gcc/arm-none-eabi/9.1.0/../../../../arm-none-eabi/lib/armv6k/fpu\libg.a(lib_a-jp2uc.o)
 *fill*         0x0000000000120b8e        0x2 
 .rodata.d02f4  0x0000000000120b90     0x1a7c c:/devkitpro/devkitarm/bin/../lib/gcc/arm-none-eabi/9.1.0/../../../../arm-none-eabi/lib/armv6k/fpu\libg.a(lib_a-jp2uc.o)
 .rodata.str1.4
                0x000000000012260c        0x5 c:/devkitpro/devkitarm/bin/../lib/gcc/arm-none-eabi/9.1.0/../../../../arm-none-eabi/lib/armv6k/fpu\libg.a(lib_a-lnumeric.o)
 .rodata._C_numeric_locale
                0x000000000012260c        0xc c:/devkitpro/devkitarm/bin/../lib/gcc/arm-none-eabi/9.1.0/../../../../arm-none-eabi/lib/armv6k/fpu\libg.a(lib_a-lnumeric.o)
                0x000000000012260c                _C_numeric_locale
 .rodata.categories
                0x0000000000122618     0x309c c:/devkitpro/devkitarm/bin/../lib/gcc/arm-none-eabi/9.1.0/../../../../arm-none-eabi/lib/armv6k/fpu\libg.a(lib_a-categories.o)
 .rodata.AddDevice.str1.4
                0x00000000001256b4        0x8 c:/devkitpro/devkitarm/bin/../lib/gcc/arm-none-eabi/9.1.0/../../../../arm-none-eabi/lib/armv6k/fpu\libsysbase.a(iosupport.o)
 .rodata.dotab_stdnull
                0x00000000001256b4       0x70 c:/devkitpro/devkitarm/bin/../lib/gcc/arm-none-eabi/9.1.0/../../../../arm-none-eabi/lib/armv6k/fpu\libsysbase.a(iosupport.o)
                0x00000000001256b4                dotab_stdnull
 *all.rodata*(*)
 *(.gnu.linkonce.r*)
                0x0000000000125724                . = ALIGN (0x4)

.eh_frame       0x0000000000125724        0x0
 .eh_frame      0x0000000000125724        0x0 c:/devkitpro/devkitarm/bin/../lib/gcc/arm-none-eabi/9.1.0/armv6k/fpu/crtbegin.o

.rel.dyn        0x0000000000125724        0x0
 .rel.iplt      0x0000000000125724        0x0 c:/devkitpro/devkitarm/bin/../lib/gcc/arm-none-eabi/9.1.0/../../../../arm-none-eabi/lib/armv6k/fpu/3dsx_crt0.o

.ARM.extab
 *(.ARM.extab* .gnu.linkonce.armextab.*)
                0x0000000000125724                __exidx_start = .

ARM.exidx
 *(.ARM.exidx* .gnu.linkonce.armexidx.*)
                0x0000000000125724                __exidx_end = .
                0x0000000000126000                . = ALIGN (0x1000)

.data           0x0000000000126000     0x1f40
 *(.data)
 .data          0x0000000000126000        0x4 C:/devkitPro/libctru/lib\libctru.a(stack_adjust.o)
                0x0000000000126000                __stacksize__
 *(.data.*)
 .data.currentConsole
                0x0000000000126004        0x4 C:/devkitPro/libctru/lib\libctru.a(console.o)
                0x0000000000126004                currentConsole
 .data.defaultConsole
                0x0000000000126008       0x4c C:/devkitPro/libctru/lib\libctru.a(console.o)
                0x0000000000126008                defaultConsole
 .data.firstConsoleInit.8429
                0x0000000000126054        0x1 C:/devkitPro/libctru/lib\libctru.a(console.o)
 .data.botFormat
                0x0000000000126055        0x1 C:/devkitPro/libctru/lib\libctru.a(gfx.o)
 *fill*         0x0000000000126056        0x2 
 .data.doubleBuf
                0x0000000000126058        0x8 C:/devkitPro/libctru/lib\libctru.a(gfx.o)
 .data.topFormat
                0x0000000000126060        0x1 C:/devkitPro/libctru/lib\libctru.a(gfx.o)
 *fill*         0x0000000000126061        0x3 
 .data.gspLastEvent
                0x0000000000126064        0x4 C:/devkitPro/libctru/lib\libctru.a(gspgpu.o)
 .data.aptFlags
                0x0000000000126068        0x4 C:/devkitPro/libctru/lib\libctru.a(apt.o)
 .data.aptHomeAllowed
                0x000000000012606c        0x1 C:/devkitPro/libctru/lib\libctru.a(apt.o)
 *fill*         0x000000000012606d        0x3 
 .data.__ctru_linear_heap_size
                0x0000000000126070        0x4 C:/devkitPro/libctru/lib\libctru.a(allocateHeaps.o)
                0x0000000000126070                __ctru_linear_heap_size
 .data._impure_ptr
                0x0000000000126074        0x4 c:/devkitpro/devkitarm/bin/../lib/gcc/arm-none-eabi/9.1.0/../../../../arm-none-eabi/lib/armv6k/fpu\libg.a(lib_a-impure.o)
                0x0000000000126074                _impure_ptr
 .data.impure_data
                0x0000000000126078      0x460 c:/devkitpro/devkitarm/bin/../lib/gcc/arm-none-eabi/9.1.0/../../../../arm-none-eabi/lib/armv6k/fpu\libg.a(lib_a-impure.o)