Archive member included to satisfy reference by file (symbol)

C:/devkitPro/libctru/lib\libctru.a(console.o)
                              main.o (consoleSelect)
C:/devkitPro/libctru/lib\libctru.a(gfx.o)
                              C:/devkitPro/libctru/lib\libctru.a(console.o) (gfxSetScreenFormat)
C:/devkitPro/libctru/lib\libctru.a(gx.o)
                              C:/devkitPro/libctru/lib\libctru.a(gfx.o) (gxCmdBuf)
C:/devkitPro/libctru/lib\libctru.a(gspgpu.o)
                              C:/devkitPro/libctru/lib\libctru.a(gfx.o) (gspInit)
C:/devkitPro/libctru/lib\libctru.a(apt.o)
                              main.o (aptMainLoop)
C:/devkitPro/libctru/lib\libctru.a(hid.o)
                              main.o (hidScanInput)
C:/devkitPro/libctru/lib\libctru.a(initSystem.o)
                              C:/devkitPro/libctru/lib\libctru.a(apt.o) (__system_retAddr)
C:/devkitPro/libctru/lib\libctru.a(syscalls.o)
                              C:/devkitPro/libctru/lib\libctru.a(initSystem.o) (__system_initSyscalls)
C:/devkitPro/libctru/lib\libctru.a(allocateHeaps.o)
                              C:/devkitPro/libctru/lib\libctru.a(initSystem.o) (__system_allocateHeaps)
C:/devkitPro/libctru/lib\libctru.a(initArgv.o)
                              C:/devkitPro/libctru/lib\libctru.a(initSystem.o) (__system_initArgv)
C:/devkitPro/libctru/lib\libctru.a(svc.o)
                              C:/devkitPro/libctru/lib\libctru.a(allocateHeaps.o) (svcControlMemory)
C:/devkitPro/libctru/lib\libctru.a(stack_adjust.o)
                              c:/devkitpro/devkitarm/bin/../lib/gcc/arm-none-eabi/9.1.0/../../../../arm-none-eabi/lib/armv6k/fpu/3dsx_crt0.o (initSystem)
C:/devkitPro/libctru/lib\libctru.a(default_font.bin.o)
                              C:/devkitPro/libctru/lib\libctru.a(console.o) (default_font_bin)
C:/devkitPro/libctru/lib\libctru.a(vram.o)
                              C:/devkitPro/libctru/lib\libctru.a(gfx.o) (vramAlloc)
C:/devkitPro/libctru/lib\libctru.a(mappable.o)
                              C:/devkitPro/libctru/lib\libctru.a(gfx.o) (mappableAlloc)
C:/devkitPro/libctru/lib\libctru.a(linear.o)
                              C:/devkitPro/libctru/lib\libctru.a(gfx.o) (linearAlloc)
C:/devkitPro/libctru/lib\libctru.a(mem_pool.o)
                              C:/devkitPro/libctru/lib\libctru.a(vram.o) (MemPool::Allocate(MemChunk&, unsigned long, int))
C:/devkitPro/libctru/lib\libctru.a(synchronization.o)
                              C:/devkitPro/libctru/lib\libctru.a(initSystem.o) (__sync_init)
C:/devkitPro/libctru/lib\libctru.a(os.o)
                              C:/devkitPro/libctru/lib\libctru.a(allocateHeaps.o) (osGetMemRegionUsed)
C:/devkitPro/libctru/lib\libctru.a(srv.o)
                              C:/devkitPro/libctru/lib\libctru.a(apt.o) (srvInit)
C:/devkitPro/libctru/lib\libctru.a(thread.o)
                              C:/devkitPro/libctru/lib\libctru.a(gspgpu.o) (threadCreate)
C:/devkitPro/libctru/lib\libctru.a(irrst.o)
                              C:/devkitPro/libctru/lib\libctru.a(hid.o) (irrstScanInput)
C:/devkitPro/libctru/lib\libctru.a(srvpm.o)
                              C:/devkitPro/libctru/lib\libctru.a(srv.o) (srvPmGetSessionHandle)
C:/devkitPro/libctru/lib\libctru.a(ptmsysm.o)
                              C:/devkitPro/libctru/lib\libctru.a(os.o) (ptmSysmInit)
C:/devkitPro/libctru/lib\libctru.a(rbtree_init.o)
                              C:/devkitPro/libctru/lib\libctru.a(vram.o) (rbtree_init)
C:/devkitPro/libctru/lib\libctru.a(rbtree_insert.o)
                              C:/devkitPro/libctru/lib\libctru.a(vram.o) (rbtree_insert)
C:/devkitPro/libctru/lib\libctru.a(rbtree_rotate.o)
                              C:/devkitPro/libctru/lib\libctru.a(rbtree_insert.o) (rbtree_rotate)
C:/devkitPro/libctru/lib\libctru.a(rbtree_remove.o)
                              C:/devkitPro/libctru/lib\libctru.a(vram.o) (rbtree_remove)
C:/devkitPro/libctru/lib\libctru.a(rbtree_find.o)
                              C:/devkitPro/libctru/lib\libctru.a(vram.o) (rbtree_find)
C:/devkitPro/libctru/lib\libctru.a(appInit.o)
                              C:/devkitPro/libctru/lib\libctru.a(stack_adjust.o) (__appInit)
C:/devkitPro/libctru/lib\libctru.a(appExit.o)
                              C:/devkitPro/libctru/lib\libctru.a(stack_adjust.o) (__appExit)
C:/devkitPro/libctru/lib\libctru.a(ctru_exit.o)
                              C:/devkitPro/libctru/lib\libctru.a(stack_adjust.o) (__libctru_exit)
C:/devkitPro/libctru/lib\libctru.a(env.o)
                              C:/devkitPro/libctru/lib\libctru.a(srv.o) (envGetHandle)
C:/devkitPro/libctru/lib\libctru.a(archive_dev.o)
                              C:/devkitPro/libctru/lib\libctru.a(appInit.o) (archiveMountSdmc)
C:/devkitPro/libctru/lib\libctru.a(fs.o)
                              C:/devkitPro/libctru/lib\libctru.a(appInit.o) (fsInit)
[...]
Memory Configuration

Name             Origin             Length             Attributes
*default*        0x0000000000000000 0xffffffffffffffff

Linker script and memory map

                0x0000000000100000                PROVIDE (__start__ = 0x100000)
                0x0000000000100000                . = __start__

.text           0x0000000000100000    0x1d004
 *(.crt0)
 .crt0          0x0000000000100000       0x94 c:/devkitpro/devkitarm/bin/../lib/gcc/arm-none-eabi/9.1.0/../../../../arm-none-eabi/lib/armv6k/fpu/3dsx_crt0.o
                0x0000000000100000                _start
                0x0000000000100008                __service_ptr
                0x000000000010000c                __apt_appid
                0x0000000000100010                __heap_size
                0x0000000000100014                __linear_heap_size
                0x0000000000100018                __system_arglist
                0x000000000010001c                __system_runflags
 *(.init)
 .init          0x0000000000100094        0xc c:/devkitpro/devkitarm/bin/../lib/gcc/arm-none-eabi/9.1.0/armv6k/fpu/crti.o
                0x0000000000100094                _init
 .init          0x00000000001000a0        0xc c:/devkitpro/devkitarm/bin/../lib/gcc/arm-none-eabi/9.1.0/armv6k/fpu/crtn.o
                0x00000000001000ac                . = ALIGN (0x4)
 *(.text)
 .text          0x00000000001000ac       0x64 C:/devkitPro/libctru/lib\libctru.a(stack_adjust.o)
                0x00000000001000ac                initSystem
                0x00000000001000f0                __ctru_exit
 .text          0x0000000000100110      0x240 c:/devkitpro/devkitarm/bin/../lib/gcc/arm-none-eabi/9.1.0/armv6k/fpu\libgcc.a(_divsi3.o)
                0x0000000000100110                __divsi3
                0x0000000000100110                __aeabi_idiv
                0x0000000000100330                __aeabi_idivmod
 .text          0x0000000000100350        0x4 c:/devkitpro/devkitarm/bin/../lib/gcc/arm-none-eabi/9.1.0/armv6k/fpu\libgcc.a(_dvmd_tls.o)
                0x0000000000100350                __aeabi_idiv0
                0x0000000000100350                __aeabi_ldiv0
 .text          0x0000000000100354       0x3c c:/devkitpro/devkitarm/bin/../lib/gcc/arm-none-eabi/9.1.0/armv6k/fpu\libgcc.a(_aeabi_uldivmod.o)
                0x0000000000100354                __aeabi_uldivmod
 *fill*         0x0000000000100390       0x10 
 .text          0x00000000001003a0      0x390 c:/devkitpro/devkitarm/bin/../lib/gcc/arm-none-eabi/9.1.0/../../../../arm-none-eabi/lib/armv6k/fpu\libg.a(lib_a-strcmp.o)
                0x00000000001003a8                strcmp
 .text          0x0000000000100730      0x20c c:/devkitpro/devkitarm/bin/../lib/gcc/arm-none-eabi/9.1.0/armv6k/fpu\libgcc.a(_udivsi3.o)
                0x0000000000100730                __aeabi_uidiv
                0x0000000000100730                __udivsi3
                0x000000000010091c                __aeabi_uidivmod
 .text          0x000000000010093c      0x3c0 c:/devkitpro/devkitarm/bin/../lib/gcc/arm-none-eabi/9.1.0/armv6k/fpu\libgcc.a(_arm_addsubdf3.o)
                0x000000000010093c                __aeabi_drsub
                0x0000000000100944                __aeabi_dsub
                0x0000000000100944                __subdf3
                0x0000000000100948                __aeabi_dadd
                0x0000000000100948                __adddf3
                0x0000000000100bf4                __floatunsidf
                0x0000000000100bf4                __aeabi_ui2d
                0x0000000000100c18                __floatsidf
                0x0000000000100c18                __aeabi_i2d
                0x0000000000100c40                __aeabi_f2d
                0x0000000000100c40                __extendsfdf2
                0x0000000000100c88                __floatundidf
                0x0000000000100c88                __aeabi_ul2d
                0x0000000000100c9c                __floatdidf
                0x0000000000100c9c                __aeabi_l2d
 *(.text.*)
 .text.deregister_tm_clones
                0x0000000000100cfc       0x2c c:/devkitpro/devkitarm/bin/../lib/gcc/arm-none-eabi/9.1.0/armv6k/fpu/crtbegin.o
 .text.register_tm_clones
                0x0000000000100d28       0x38 c:/devkitpro/devkitarm/bin/../lib/gcc/arm-none-eabi/9.1.0/armv6k/fpu/crtbegin.o
 .text.__do_global_dtors_aux
                0x0000000000100d60       0x44 c:/devkitpro/devkitarm/bin/../lib/gcc/arm-none-eabi/9.1.0/armv6k/fpu/crtbegin.o
 .text.frame_dummy
                0x0000000000100da4       0x34 c:/devkitpro/devkitarm/bin/../lib/gcc/arm-none-eabi/9.1.0/armv6k/fpu/crtbegin.o
 .text.startup.main
                0x0000000000100dd8      0x1ac main.o
                0x0000000000100dd8                main
 .text.consoleSelect
                0x0000000000100f84       0x18 C:/devkitPro/libctru/lib\libctru.a(console.o)
                0x0000000000100f84                consoleSelect
 .text.consoleDrawChar
                0x0000000000100f9c      0x1b8 C:/devkitPro/libctru/lib\libctru.a(console.o)
                0x0000000000100f9c                consoleDrawChar
 .text.consolePrintChar
                0x0000000000101154      0x124 C:/devkitPro/libctru/lib\libctru.a(console.o)
                0x0000000000101154                consolePrintChar
 .text.consoleCls
                0x0000000000101278      0x15c C:/devkitPro/libctru/lib\libctru.a(console.o)
 .text.consoleInit
                0x00000000001013d4      0x104 C:/devkitPro/libctru/lib\libctru.a(console.o)
                0x00000000001013d4                consoleInit
 .text.consoleClearLine
                0x00000000001014d8      0x10c C:/devkitPro/libctru/lib\libctru.a(console.o)
 .text.newRow   0x00000000001015e4       0xc4 C:/devkitPro/libctru/lib\libctru.a(console.o)
 .text.con_write
                0x00000000001016a8      0x7cc C:/devkitPro/libctru/lib\libctru.a(console.o)
                0x00000000001016a8                con_write
 .text.consoleSetWindow
                0x0000000000101e74       0x38 C:/devkitPro/libctru/lib\libctru.a(console.o)
                0x0000000000101e74                consoleSetWindow
 .text.gfxSetFramebufferInfo.part.0
                0x0000000000101eac       0x8c C:/devkitPro/libctru/lib\libctru.a(gfx.o)
 .text.gfxSetFramebufferInfo
                0x0000000000101f38       0x6c C:/devkitPro/libctru/lib\libctru.a(gfx.o)
 .text.gfxGetFramebuffer.part.0
                0x0000000000101fa4       0x58 C:/devkitPro/libctru/lib\libctru.a(gfx.o)
 .text.__get_bytes_per_pixel
                0x0000000000101ffc       0x18 C:/devkitPro/libctru/lib\libctru.a(gfx.o)
                0x0000000000101ffc                __get_bytes_per_pixel
 .text.gfxSetScreenFormat
                0x0000000000102014      0x184 C:/devkitPro/libctru/lib\libctru.a(gfx.o)
                0x0000000000102014                gfxSetScreenFormat
 .text.gfxSetDoubleBuffering
                0x0000000000102198       0x10 C:/devkitPro/libctru/lib\libctru.a(gfx.o)
                0x0000000000102198                gfxSetDoubleBuffering
 .text.gfxInit  0x00000000001021a8      0x214 C:/devkitPro/libctru/lib\libctru.a(gfx.o)
                0x00000000001021a8                gfxInit
 .text.gfxInitDefault
                0x00000000001023bc       0x10 C:/devkitPro/libctru/lib\libctru.a(gfx.o)
                0x00000000001023bc                gfxInitDefault
 .text.gfxExit  0x00000000001023cc       0xe0 C:/devkitPro/libctru/lib\libctru.a(gfx.o)
                0x00000000001023cc                gfxExit
 .text.gfxGetFramebuffer
                0x00000000001024ac       0x64 C:/devkitPro/libctru/lib\libctru.a(gfx.o)
                0x00000000001024ac                gfxGetFramebuffer
 .text.gfxFlushBuffers
                0x0000000000102510       0xcc C:/devkitPro/libctru/lib\libctru.a(gfx.o)
                0x0000000000102510                gfxFlushBuffers
 .text.gfxConfigScreen
                0x00000000001025dc       0xf4 C:/devkitPro/libctru/lib\libctru.a(gfx.o)
                0x00000000001025dc                gfxConfigScreen
 .text.gfxSwapBuffers
                0x00000000001026d0       0x20 C:/devkitPro/libctru/lib\libctru.a(gfx.o)
                0x00000000001026d0                gfxSwapBuffers
 .text.gfxSwapBuffersGpu
                0x00000000001026f0       0x20 C:/devkitPro/libctru/lib\libctru.a(gfx.o)
                0x00000000001026f0                gfxSwapBuffersGpu
 .text.gspInit  0x0000000000102710       0x74 C:/devkitPro/libctru/lib\libctru.a(gspgpu.o)
                0x0000000000102710                gspInit
 .text.gspExit  0x0000000000102784       0x3c C:/devkitPro/libctru/lib\libctru.a(gspgpu.o)
                0x0000000000102784                gspExit
 .text.gspInitEventHandler
                0x00000000001027c0       0xa4 C:/devkitPro/libctru/lib\libctru.a(gspgpu.o)
                0x00000000001027c0                gspInitEventHandler
 .text.gspExitEventHandler
                0x0000000000102864       0x40 C:/devkitPro/libctru/lib\libctru.a(gspgpu.o)
                0x0000000000102864                gspExitEventHandler
 .text.gspWaitForEvent
                0x00000000001028a4       0x50 C:/devkitPro/libctru/lib\libctru.a(gspgpu.o)
                0x00000000001028a4                gspWaitForEvent
 .text.gxCmdQueueInterrupt
                0x00000000001028f4        0x4 C:/devkitPro/libctru/lib\libctru.a(gspgpu.o)
                0x00000000001028f4                gxCmdQueueInterrupt
 .text.gspEventThreadMain
                0x00000000001028f8      0x178 C:/devkitPro/libctru/lib\libctru.a(gspgpu.o)
 .text.GSPGPU_SetBufferSwap
                0x0000000000102a70       0x6c C:/devkitPro/libctru/lib\libctru.a(gspgpu.o)
                0x0000000000102a70                GSPGPU_SetBufferSwap
 .text.GSPGPU_FlushDataCache
                0x0000000000102adc       0x4c C:/devkitPro/libctru/lib\libctru.a(gspgpu.o)
                0x0000000000102adc                GSPGPU_FlushDataCache
 .text.GSPGPU_SetLcdForceBlack
                0x0000000000102b28       0x34 C:/devkitPro/libctru/lib\libctru.a(gspgpu.o)
                0x0000000000102b28                GSPGPU_SetLcdForceBlack
 .text.GSPGPU_RegisterInterruptRelayQueue
                0x0000000000102b5c       0x64 C:/devkitPro/libctru/lib\libctru.a(gspgpu.o)
                0x0000000000102b5c                GSPGPU_RegisterInterruptRelayQueue
 .text.GSPGPU_UnregisterInterruptRelayQueue
                0x0000000000102bc0       0x2c C:/devkitPro/libctru/lib\libctru.a(gspgpu.o)
                0x0000000000102bc0                GSPGPU_UnregisterInterruptRelayQueue
 .text.GSPGPU_AcquireRight
                0x0000000000102bec       0x48 C:/devkitPro/libctru/lib\libctru.a(gspgpu.o)
                0x0000000000102bec                GSPGPU_AcquireRight
 .text.GSPGPU_ReleaseRight
                0x0000000000102c34       0x2c C:/devkitPro/libctru/lib\libctru.a(gspgpu.o)
                0x0000000000102c34                GSPGPU_ReleaseRight
 .text.GSPGPU_ImportDisplayCaptureInfo
                0x0000000000102c60       0x80 C:/devkitPro/libctru/lib\libctru.a(gspgpu.o)
                0x0000000000102c60                GSPGPU_ImportDisplayCaptureInfo
 .text.GSPGPU_SaveVramSysArea
                0x0000000000102ce0       0x2c C:/devkitPro/libctru/lib\libctru.a(gspgpu.o)
                0x0000000000102ce0                GSPGPU_SaveVramSysArea
 .text.GSPGPU_RestoreVramSysArea
                0x0000000000102d0c       0x2c C:/devkitPro/libctru/lib\libctru.a(gspgpu.o)
                0x0000000000102d0c                GSPGPU_RestoreVramSysArea
 .text._aptDebug
                0x0000000000102d38        0x4 C:/devkitPro/libctru/lib\libctru.a(apt.o)
                0x0000000000102d38                _aptDebug
 .text.aptSendCommand
                0x0000000000102d3c      0x170 C:/devkitPro/libctru/lib\libctru.a(apt.o)
                0x0000000000102d3c                aptSendCommand
 .text.aptExitProcess
                0x0000000000102eac       0x3c C:/devkitPro/libctru/lib\libctru.a(apt.o)
 .text.APT_InquireNotification
                0x0000000000102ee8       0x50 C:/devkitPro/libctru/lib\libctru.a(apt.o)
                0x0000000000102ee8                APT_InquireNotification
 .text.aptEventHandler
                0x0000000000102f38      0x194 C:/devkitPro/libctru/lib\libctru.a(apt.o)
 .text.APT_AppletUtility
                0x00000000001030cc       0x74 C:/devkitPro/libctru/lib\libctru.a(apt.o)
                0x00000000001030cc                APT_AppletUtility
 .text.aptSetSleepAllowed
                0x0000000000103140       0xb0 C:/devkitPro/libctru/lib\libctru.a(apt.o)
                0x0000000000103140                aptSetSleepAllowed
 .text.APT_GlanceParameter
                0x00000000001031f0       0xb4 C:/devkitPro/libctru/lib\libctru.a(apt.o)
                0x00000000001031f0                APT_GlanceParameter
 .text.APT_ReceiveParameter
                0x00000000001032a4       0xc8 C:/devkitPro/libctru/lib\libctru.a(apt.o)
                0x00000000001032a4                APT_ReceiveParameter
 .text.aptReceiveParameter.constprop.0
                0x000000000010336c       0xbc C:/devkitPro/libctru/lib\libctru.a(apt.o)
 .text.aptScreenTransfer
                0x0000000000103428      0x1e0 C:/devkitPro/libctru/lib\libctru.a(apt.o)
 .text.aptWaitForWakeUp
                0x0000000000103608      0x210 C:/devkitPro/libctru/lib\libctru.a(apt.o)
 .text.APT_CancelParameter
                0x0000000000103818       0x70 C:/devkitPro/libctru/lib\libctru.a(apt.o)
                0x0000000000103818                APT_CancelParameter
 .text.aptInit  0x0000000000103888      0x25c C:/devkitPro/libctru/lib\libctru.a(apt.o)
                0x0000000000103888                aptInit
 .text.aptClearParamQueue
                0x0000000000103ae4       0x88 C:/devkitPro/libctru/lib\libctru.a(apt.o)
 .text.aptMainLoop
                0x0000000000103b6c      0x264 C:/devkitPro/libctru/lib\libctru.a(apt.o)
                0x0000000000103b6c                aptMainLoop
 .text.aptExit  0x0000000000103dd0      0x254 C:/devkitPro/libctru/lib\libctru.a(apt.o)
                0x0000000000103dd0                aptExit
 .text.APT_CheckNew3DS
                0x0000000000104024       0x7c C:/devkitPro/libctru/lib\libctru.a(apt.o)
                0x0000000000104024                APT_CheckNew3DS
 .text.hidCheckSectionUpdateTime.part.0
                0x00000000001040a0       0x28 C:/devkitPro/libctru/lib\libctru.a(hid.o)
 .text.hidExit  0x00000000001040c8       0xd0 C:/devkitPro/libctru/lib\libctru.a(hid.o)
                0x00000000001040c8                hidExit
 .text.hidScanInput
                0x0000000000104198      0x1d8 C:/devkitPro/libctru/lib\libctru.a(hid.o)
                0x0000000000104198                hidScanInput
 .text.hidKeysDown
                0x0000000000104370       0x10 C:/devkitPro/libctru/lib\libctru.a(hid.o)
                0x0000000000104370                hidKeysDown
 .text.HIDUSER_GetHandles
                0x0000000000104380       0x90 C:/devkitPro/libctru/lib\libctru.a(hid.o)
                0x0000000000104380                HIDUSER_GetHandles
 .text.hidInit  0x0000000000104410      0x1a4 C:/devkitPro/libctru/lib\libctru.a(hid.o)
                0x0000000000104410                hidInit
 .text.__libctru_init
                0x00000000001045b4       0x38 C:/devkitPro/libctru/lib\libctru.a(initSystem.o)
                0x00000000001045b4                __libctru_init
 .text.__libctru_nanosleep
                0x00000000001045ec       0x34 C:/devkitPro/libctru/lib\libctru.a(syscalls.o)
 .text.__ctru_get_reent
                0x0000000000104620       0x30 C:/devkitPro/libctru/lib\libctru.a(syscalls.o)
 .text.__system_initSyscalls
                0x0000000000104650       0xfc C:/devkitPro/libctru/lib\libctru.a(syscalls.o)
                0x0000000000104650                __system_initSyscalls
 .text.__system_allocateHeaps
                0x000000000010474c      0x100 C:/devkitPro/libctru/lib\libctru.a(allocateHeaps.o)
                0x000000000010474c                __system_allocateHeaps
 .text.__system_initArgv
                0x000000000010484c       0xf0 C:/devkitPro/libctru/lib\libctru.a(initArgv.o)
                0x000000000010484c                __system_initArgv
 .text.svcControlMemory
                0x000000000010493c       0x20 C:/devkitPro/libctru/lib\libctru.a(svc.o)
                0x000000000010493c                svcControlMemory
 .text.svcExitProcess
                0x000000000010495c        0x8 C:/devkitPro/libctru/lib\libctru.a(svc.o)
                0x000000000010495c                svcExitProcess
 .text.svcCreateThread
                0x0000000000104964       0x20 C:/devkitPro/libctru/lib\libctru.a(svc.o)
                0x0000000000104964                svcCreateThread
 .text.svcExitThread
                0x0000000000104984        0x8 C:/devkitPro/libctru/lib\libctru.a(svc.o)
                0x0000000000104984                svcExitThread
 .text.svcSleepThread
                0x000000000010498c        0x8 C:/devkitPro/libctru/lib\libctru.a(svc.o)
                0x000000000010498c                svcSleepThread
 .text.svcReleaseMutex
                0x0000000000104994        0x8 C:/devkitPro/libctru/lib\libctru.a(svc.o)
                0x0000000000104994                svcReleaseMutex
 .text.svcCreateEvent
                0x000000000010499c       0x14 C:/devkitPro/libctru/lib\libctru.a(svc.o)
                0x000000000010499c                svcCreateEvent
 .text.svcSignalEvent
                0x00000000001049b0        0x8 C:/devkitPro/libctru/lib\libctru.a(svc.o)
                0x00000000001049b0                svcSignalEvent
 .text.svcClearEvent
                0x00000000001049b8        0x8 C:/devkitPro/libctru/lib\libctru.a(svc.o)
                0x00000000001049b8                svcClearEvent
 .text.svcMapMemoryBlock
                0x00000000001049c0        0x8 C:/devkitPro/libctru/lib\libctru.a(svc.o)
                0x00000000001049c0                svcMapMemoryBlock
 .text.svcUnmapMemoryBlock
                0x00000000001049c8        0x8 C:/devkitPro/libctru/lib\libctru.a(svc.o)
                0x00000000001049c8                svcUnmapMemoryBlock
 .text.svcCreateAddressArbiter
                0x00000000001049d0       0x14 C:/devkitPro/libctru/lib\libctru.a(svc.o)
                0x00000000001049d0                svcCreateAddressArbiter
 .text.svcArbitrateAddress
                0x00000000001049e4       0x18 C:/devkitPro/libctru/lib\libctru.a(svc.o)
                0x00000000001049e4                svcArbitrateAddress
 .text.svcCloseHandle
                0x00000000001049fc        0x8 C:/devkitPro/libctru/lib\libctru.a(svc.o)
                0x00000000001049fc                svcCloseHandle
 .text.svcWaitSynchronization
                0x0000000000104a04        0x8 C:/devkitPro/libctru/lib\libctru.a(svc.o)
                0x0000000000104a04                svcWaitSynchronization
 .text.svcWaitSynchronizationN
                0x0000000000104a0c       0x28 C:/devkitPro/libctru/lib\libctru.a(svc.o)
                0x0000000000104a0c                svcWaitSynchronizationN
 .text.svcDuplicateHandle
                0x0000000000104a34       0x14 C:/devkitPro/libctru/lib\libctru.a(svc.o)
                0x0000000000104a34                svcDuplicateHandle
 .text.svcGetSystemTick
                0x0000000000104a48        0x8 C:/devkitPro/libctru/lib\libctru.a(svc.o)
                0x0000000000104a48                svcGetSystemTick
 .text.svcGetSystemInfo
                0x0000000000104a50       0x18 C:/devkitPro/libctru/lib\libctru.a(svc.o)
                0x0000000000104a50                svcGetSystemInfo
 .text.svcConnectToPort
                0x0000000000104a68       0x14 C:/devkitPro/libctru/lib\libctru.a(svc.o)
                0x0000000000104a68                svcConnectToPort
 .text.svcSendSyncRequest
                0x0000000000104a7c        0x8 C:/devkitPro/libctru/lib\libctru.a(svc.o)
                0x0000000000104a7c                svcSendSyncRequest
 .text.svcBreak
                0x0000000000104a84        0x8 C:/devkitPro/libctru/lib\libctru.a(svc.o)
                0x0000000000104a84                svcBreak
 .text._ZL21addrMapNodeComparatorPK11rbtree_nodeS1_
                0x0000000000104a8c       0x24 C:/devkitPro/libctru/lib\libctru.a(vram.o)
 .text._ZL21addrMapNodeDestructorP11rbtree_node
                0x0000000000104ab0        0x4 C:/devkitPro/libctru/lib\libctru.a(vram.o)
 .text.vramMemAlign
                0x0000000000104ab4      0x114 C:/devkitPro/libctru/lib\libctru.a(vram.o)
                0x0000000000104ab4                vramMemAlign
 .text.vramAlloc
                0x0000000000104bc8        0x8 C:/devkitPro/libctru/lib\libctru.a(vram.o)
                0x0000000000104bc8                vramAlloc
 .text.vramFree
                0x0000000000104bd0       0x54 C:/devkitPro/libctru/lib\libctru.a(vram.o)
                0x0000000000104bd0                vramFree
 .text._ZL21addrMapNodeComparatorPK11rbtree_nodeS1_
                0x0000000000104c24       0x24 C:/devkitPro/libctru/lib\libctru.a(mappable.o)
 .text._ZL21addrMapNodeDestructorP11rbtree_node
                0x0000000000104c48        0x4 C:/devkitPro/libctru/lib\libctru.a(mappable.o)
 .text.mappableAlloc
                0x0000000000104c4c       0xe8 C:/devkitPro/libctru/lib\libctru.a(mappable.o)
                0x0000000000104c4c                mappableAlloc
 .text.mappableFree
                0x0000000000104d34       0x54 C:/devkitPro/libctru/lib\libctru.a(mappable.o)
                0x0000000000104d34                mappableFree
 .text._ZL21addrMapNodeComparatorPK11rbtree_nodeS1_
                0x0000000000104d88       0x24 C:/devkitPro/libctru/lib\libctru.a(linear.o)
 .text._ZL21addrMapNodeDestructorP11rbtree_node
                0x0000000000104dac        0x4 C:/devkitPro/libctru/lib\libctru.a(linear.o)
 .text.linearMemAlign
                0x0000000000104db0      0x124 C:/devkitPro/libctru/lib\libctru.a(linear.o)
                0x0000000000104db0                linearMemAlign
 .text.linearAlloc
                0x0000000000104ed4        0x8 C:/devkitPro/libctru/lib\libctru.a(linear.o)
                0x0000000000104ed4                linearAlloc
 .text.linearFree
                0x0000000000104edc       0x54 C:/devkitPro/libctru/lib\libctru.a(linear.o)
                0x0000000000104edc                linearFree
 .text._ZN7MemPool13CoalesceRightEP8MemBlock
                0x0000000000104f30       0x8c C:/devkitPro/libctru/lib\libctru.a(mem_pool.o)
                0x0000000000104f30                MemPool::CoalesceRight(MemBlock*)
 .text._ZN7MemPool8AllocateER8MemChunkmi
                0x0000000000104fbc      0x174 C:/devkitPro/libctru/lib\libctru.a(mem_pool.o)
                0x0000000000104fbc                MemPool::Allocate(MemChunk&, unsigned long, int)
 .text._ZN7MemPool10DeallocateERK8MemChunk
                0x0000000000105130       0xfc C:/devkitPro/libctru/lib\libctru.a(mem_pool.o)
                0x0000000000105130                MemPool::Deallocate(MemChunk const&)
 .text.LightLock_Unlock.part.0
                0x000000000010522c       0x38 C:/devkitPro/libctru/lib\libctru.a(synchronization.o)
 .text.__sync_init
                0x0000000000105264        0xc C:/devkitPro/libctru/lib\libctru.a(synchronization.o)
                0x0000000000105264                __sync_init
 .text.__sync_fini
                0x0000000000105270       0x18 C:/devkitPro/libctru/lib\libctru.a(synchronization.o)
                0x0000000000105270                __sync_fini
 .text.__sync_get_arbiter
                0x0000000000105288       0x10 C:/devkitPro/libctru/lib\libctru.a(synchronization.o)
                0x0000000000105288                __sync_get_arbiter
 .text.LightLock_Init
                0x0000000000105298       0x18 C:/devkitPro/libctru/lib\libctru.a(synchronization.o)
                0x0000000000105298                LightLock_Init
 .text.LightLock_Lock
                0x00000000001052b0       0x90 C:/devkitPro/libctru/lib\libctru.a(synchronization.o)
                0x00000000001052b0                LightLock_Lock
 .text.LightLock_TryLock
                0x0000000000105340       0x34 C:/devkitPro/libctru/lib\libctru.a(synchronization.o)
                0x0000000000105340                LightLock_TryLock
 .text.LightLock_Unlock
                0x0000000000105374       0x20 C:/devkitPro/libctru/lib\libctru.a(synchronization.o)
                0x0000000000105374                LightLock_Unlock
 .text.RecursiveLock_Init
                0x0000000000105394       0x24 C:/devkitPro/libctru/lib\libctru.a(synchronization.o)
                0x0000000000105394                RecursiveLock_Init
 .text.RecursiveLock_Lock
                0x00000000001053b8       0x30 C:/devkitPro/libctru/lib\libctru.a(synchronization.o)
                0x00000000001053b8                RecursiveLock_Lock
 .text.RecursiveLock_TryLock
                0x00000000001053e8       0x58 C:/devkitPro/libctru/lib\libctru.a(synchronization.o)
                0x00000000001053e8                RecursiveLock_TryLock
 .text.RecursiveLock_Unlock
                0x0000000000105440       0x38 C:/devkitPro/libctru/lib\libctru.a(synchronization.o)
                0x0000000000105440                RecursiveLock_Unlock
 .text.LightEvent_Init
                0x0000000000105478       0x38 C:/devkitPro/libctru/lib\libctru.a(synchronization.o)
                0x0000000000105478                LightEvent_Init
 .text.LightEvent_Clear
                0x00000000001054b0       0x7c C:/devkitPro/libctru/lib\libctru.a(synchronization.o)
                0x00000000001054b0                LightEvent_Clear
 .text.LightEvent_Signal
                0x000000000010552c       0xdc C:/devkitPro/libctru/lib\libctru.a(synchronization.o)
                0x000000000010552c                LightEvent_Signal
 .text.LightEvent_Wait
                0x0000000000105608       0xc0 C:/devkitPro/libctru/lib\libctru.a(synchronization.o)
                0x0000000000105608                LightEvent_Wait
 .text.getSysTime
                0x00000000001056c8       0x58 C:/devkitPro/libctru/lib\libctru.a(os.o)
 .text.__ctru_speedup_config.part.0
                0x0000000000105720       0x28 C:/devkitPro/libctru/lib\libctru.a(os.o)
 .text.osGetMemRegionUsed
                0x0000000000105748       0x24 C:/devkitPro/libctru/lib\libctru.a(os.o)
                0x0000000000105748                osGetMemRegionUsed
 *fill*         0x000000000010576c        0x4 
 .text.__libctru_gtod
                0x0000000000105770      0x128 C:/devkitPro/libctru/lib\libctru.a(os.o)
                0x0000000000105770                __libctru_gtod
 .text.__ctru_speedup_config
                0x0000000000105898       0x18 C:/devkitPro/libctru/lib\libctru.a(os.o)
                0x0000000000105898                __ctru_speedup_config
 .text.srvExit  0x00000000001058b0       0x58 C:/devkitPro/libctru/lib\libctru.a(srv.o)
                0x00000000001058b0                srvExit
 .text.srvRegisterClient
                0x0000000000105908       0x38 C:/devkitPro/libctru/lib\libctru.a(srv.o)
                0x0000000000105908                srvRegisterClient
 .text.srvInit  0x0000000000105940       0xcc C:/devkitPro/libctru/lib\libctru.a(srv.o)
                0x0000000000105940                srvInit
 .text.srvGetServiceHandleDirect
                0x0000000000105a0c       0x80 C:/devkitPro/libctru/lib\libctru.a(srv.o)
                0x0000000000105a0c                srvGetServiceHandleDirect
 .text.srvGetServiceHandle
                0x0000000000105a8c       0x48 C:/devkitPro/libctru/lib\libctru.a(srv.o)
                0x0000000000105a8c                srvGetServiceHandle
 .text.threadFree.part.0
                0x0000000000105ad4       0x1c C:/devkitPro/libctru/lib\libctru.a(thread.o)
 .text.threadCreate
                0x0000000000105af0      0x180 C:/devkitPro/libctru/lib\libctru.a(thread.o)
                0x0000000000105af0                threadCreate
 .text.threadJoin
                0x0000000000105c70       0x24 C:/devkitPro/libctru/lib\libctru.a(thread.o)
                0x0000000000105c70                threadJoin
 .text.threadExit
                0x0000000000105c94       0x68 C:/devkitPro/libctru/lib\libctru.a(thread.o)
                0x0000000000105c94                threadExit
 .text._thread_begin
                0x0000000000105cfc       0x48 C:/devkitPro/libctru/lib\libctru.a(thread.o)
 .text.irrstScanInput
                0x0000000000105d44       0xac C:/devkitPro/libctru/lib\libctru.a(irrst.o)
                0x0000000000105d44                irrstScanInput
 .text.irrstKeysHeld
                0x0000000000105df0       0x24 C:/devkitPro/libctru/lib\libctru.a(irrst.o)
                0x0000000000105df0                irrstKeysHeld
 .text.IRRST_GetHandles
                0x0000000000105e14       0x50 C:/devkitPro/libctru/lib\libctru.a(irrst.o)
                0x0000000000105e14                IRRST_GetHandles
 .text.irrstInit
                0x0000000000105e64      0x154 C:/devkitPro/libctru/lib\libctru.a(irrst.o)
                0x0000000000105e64                irrstInit
 .text.IRRST_Shutdown
                0x0000000000105fb8       0x2c C:/devkitPro/libctru/lib\libctru.a(irrst.o)
                0x0000000000105fb8                IRRST_Shutdown
 .text.irrstExit
                0x0000000000105fe4       0xac C:/devkitPro/libctru/lib\libctru.a(irrst.o)
                0x0000000000105fe4                irrstExit
 .text.srvPmGetSessionHandle
                0x0000000000106090        0xc C:/devkitPro/libctru/lib\libctru.a(srvpm.o)
                0x0000000000106090                srvPmGetSessionHandle
 .text.ptmSysmInit
                0x000000000010609c       0x74 C:/devkitPro/libctru/lib\libctru.a(ptmsysm.o)
                0x000000000010609c                ptmSysmInit
 .text.ptmSysmExit
                0x0000000000106110       0x3c C:/devkitPro/libctru/lib\libctru.a(ptmsysm.o)
                0x0000000000106110                ptmSysmExit
 .text.PTMSYSM_ConfigureNew3DSCPU
                0x000000000010614c       0x34 C:/devkitPro/libctru/lib\libctru.a(ptmsysm.o)
                0x000000000010614c                PTMSYSM_ConfigureNew3DSCPU
 .text.rbtree_init
                0x0000000000106180       0x14 C:/devkitPro/libctru/lib\libctru.a(rbtree_init.o)
                0x0000000000106180                rbtree_init
 .text.do_insert
                0x0000000000106194      0x1a4 C:/devkitPro/libctru/lib\libctru.a(rbtree_insert.o)
 .text.rbtree_insert
                0x0000000000106338        0x8 C:/devkitPro/libctru/lib\libctru.a(rbtree_insert.o)
                0x0000000000106338                rbtree_insert
 .text.rbtree_rotate
                0x0000000000106340       0x90 C:/devkitPro/libctru/lib\libctru.a(rbtree_rotate.o)
                0x0000000000106340                rbtree_rotate
 .text.rbtree_remove
                0x00000000001063d0      0x334 C:/devkitPro/libctru/lib\libctru.a(rbtree_remove.o)
                0x00000000001063d0                rbtree_remove
 .text.rbtree_find
                0x0000000000106704       0x74 C:/devkitPro/libctru/lib\libctru.a(rbtree_find.o)
                0x0000000000106704                rbtree_find
 .text.__appInit
                0x0000000000106778       0x1c C:/devkitPro/libctru/lib\libctru.a(appInit.o)
                0x0000000000106778                __appInit
 .text.__appExit
                0x0000000000106794       0x1c C:/devkitPro/libctru/lib\libctru.a(appExit.o)
                0x0000000000106794                __appExit
 .text.__libctru_exit
                0x00000000001067b0       0xa0 C:/devkitPro/libctru/lib\libctru.a(ctru_exit.o)
                0x00000000001067b0                __libctru_exit
 .text.envGetHandle
                0x0000000000106850       0x84 C:/devkitPro/libctru/lib\libctru.a(env.o)
                0x0000000000106850                envGetHandle
 .text.envDestroyHandles
                0x00000000001068d4       0x4c C:/devkitPro/libctru/lib\libctru.a(env.o)
                0x00000000001068d4                envDestroyHandles
 .text.archive_link
                0x0000000000106920       0x14 C:/devkitPro/libctru/lib\libctru.a(archive_dev.o)
 .text.archive_dirreset
                0x0000000000106934       0x14 C:/devkitPro/libctru/lib\libctru.a(archive_dev.o)
 .text.archive_chmod
                0x0000000000106948       0x14 C:/devkitPro/libctru/lib\libctru.a(archive_dev.o)
 .text.error_cmp
                0x000000000010695c       0x24 C:/devkitPro/libctru/lib\libctru.a(archive_dev.o)
 .text.archive_translate_error
                0x0000000000106980       0x50 C:/devkitPro/libctru/lib\libctru.a(archive_dev.o)
 .text.archive_fsync
                0x00000000001069d0       0x34 C:/devkitPro/libctru/lib\libctru.a(archive_dev.o)
 .text.archive_ftruncate
                0x0000000000106a04       0x54 C:/devkitPro/libctru/lib\libctru.a(archive_dev.o)
 .text.archive_dirclose
                0x0000000000106a58       0x38 C:/devkitPro/libctru/lib\libctru.a(archive_dev.o)
 .text.archive_dirnext
                0x0000000000106a90      0x13c C:/devkitPro/libctru/lib\libctru.a(archive_dev.o)
 .text.archive_close
                0x0000000000106bcc       0x34 C:/devkitPro/libctru/lib\libctru.a(archive_dev.o)
 .text.archive_fstat
                0x0000000000106c00       0x70 C:/devkitPro/libctru/lib\libctru.a(archive_dev.o)
 .text.archive_seek
                0x0000000000106c70       0xd4 C:/devkitPro/libctru/lib\libctru.a(archive_dev.o)
 .text.archive_read
                0x0000000000106d44       0x78 C:/devkitPro/libctru/lib\libctru.a(archive_dev.o)
 .text.archive_write
                0x0000000000106dbc       0xac C:/devkitPro/libctru/lib\libctru.a(archive_dev.o)
 .text.sdmc_statvfs
                0x0000000000106e68       0xbc C:/devkitPro/libctru/lib\libctru.a(archive_dev.o)
 .text._archiveInit.part.0
                0x0000000000106f24       0x80 C:/devkitPro/libctru/lib\libctru.a(archive_dev.o)
 .text.archiveFindDevice.part.0
                0x0000000000106fa4       0x8c C:/devkitPro/libctru/lib\libctru.a(archive_dev.o)
 .text._archiveMountDevice
                0x0000000000107030      0x138 C:/devkitPro/libctru/lib\libctru.a(archive_dev.o)
 .text.archive_utf16path
                0x0000000000107168      0x228 C:/devkitPro/libctru/lib\libctru.a(archive_dev.o)
 .text.archive_rmdir
                0x0000000000107390       0x9c C:/devkitPro/libctru/lib\libctru.a(archive_dev.o)
 .text.archive_diropen
                0x000000000010742c       0xb4 C:/devkitPro/libctru/lib\libctru.a(archive_dev.o)
 .text.archive_mkdir
                0x00000000001074e0       0xb8 C:/devkitPro/libctru/lib\libctru.a(archive_dev.o)
 .text.archive_rename
                0x0000000000107598      0x154 C:/devkitPro/libctru/lib\libctru.a(archive_dev.o)
 .text.archive_chdir
                0x00000000001076ec       0xc4 C:/devkitPro/libctru/lib\libctru.a(archive_dev.o)
 .text.archive_unlink
                0x00000000001077b0       0x84 C:/devkitPro/libctru/lib\libctru.a(archive_dev.o)
 .text.archive_stat
                0x0000000000107834      0x124 C:/devkitPro/libctru/lib\libctru.a(archive_dev.o)
 .text.archive_open
                0x0000000000107958      0x1cc C:/devkitPro/libctru/lib\libctru.a(archive_dev.o)
 .text._archiveUnmountDeviceStruct.part.0
                0x0000000000107b24       0xa4 C:/devkitPro/libctru/lib\libctru.a(archive_dev.o)
 .text.archive_fchmod
                0x0000000000107bc8       0x14 C:/devkitPro/libctru/lib\libctru.a(archive_dev.o)
 .text.archive_statvfs
                0x0000000000107bdc       0x14 C:/devkitPro/libctru/lib\libctru.a(archive_dev.o)
 .text.archiveMountSdmc
                0x0000000000107bf0      0x168 C:/devkitPro/libctru/lib\libctru.a(archive_dev.o)
                0x0000000000107bf0                archiveMountSdmc
 .text.archiveUnmountAll
                0x0000000000107d58       0x54 C:/devkitPro/libctru/lib\libctru.a(archive_dev.o)
                0x0000000000107d58                archiveUnmountAll
 .text.fsSessionForArchive.part.0
                0x0000000000107dac       0x28 C:/devkitPro/libctru/lib\libctru.a(fs.o)
 .text.fsInit   0x0000000000107dd4       0xc4 C:/devkitPro/libctru/lib\libctru.a(fs.o)
                0x0000000000107dd4                fsInit
 .text.fsExit   0x0000000000107e98       0x3c C:/devkitPro/libctru/lib\libctru.a(fs.o)
                0x0000000000107e98                fsExit
 .text.fsExemptFromSession
                0x0000000000107ed4       0x64 C:/devkitPro/libctru/lib\libctru.a(fs.o)
                0x0000000000107ed4                fsExemptFromSession
 .text.fsUnexemptFromSession
                0x0000000000107f38       0x5c C:/devkitPro/libctru/lib\libctru.a(fs.o)
                0x0000000000107f38                fsUnexemptFromSession
 .text.FSUSER_OpenFile
                0x0000000000107f94       0xbc C:/devkitPro/libctru/lib\libctru.a(fs.o)
                0x0000000000107f94                FSUSER_OpenFile
 .text.FSUSER_DeleteFile
                0x0000000000108050       0xac C:/devkitPro/libctru/lib\libctru.a(fs.o)
                0x0000000000108050                FSUSER_DeleteFile
 .text.FSUSER_RenameFile
                0x00000000001080fc       0xe8 C:/devkitPro/libctru/lib\libctru.a(fs.o)
                0x00000000001080fc                FSUSER_RenameFile
 .text.FSUSER_DeleteDirectory
                0x00000000001081e4       0xac C:/devkitPro/libctru/lib\libctru.a(fs.o)
                0x00000000001081e4                FSUSER_DeleteDirectory
 .text.FSUSER_CreateFile
                0x0000000000108290       0xc4 C:/devkitPro/libctru/lib\libctru.a(fs.o)
                0x0000000000108290                FSUSER_CreateFile
 .text.FSUSER_CreateDirectory
                0x0000000000108354       0xb4 C:/devkitPro/libctru/lib\libctru.a(fs.o)
                0x0000000000108354                FSUSER_CreateDirectory
 .text.FSUSER_RenameDirectory
                0x0000000000108408       0xe8 C:/devkitPro/libctru/lib\libctru.a(fs.o)
                0x0000000000108408                FSUSER_RenameDirectory
 .text.FSUSER_OpenDirectory
                0x00000000001084f0       0xa0 C:/devkitPro/libctru/lib\libctru.a(fs.o)
                0x00000000001084f0                FSUSER_OpenDirectory
 .text.FSUSER_OpenArchive
                0x0000000000108590       0x98 C:/devkitPro/libctru/lib\libctru.a(fs.o)
                0x0000000000108590                FSUSER_OpenArchive
 .text.FSUSER_CloseArchive
                0x0000000000108628       0x78 C:/devkitPro/libctru/lib\libctru.a(fs.o)
                0x0000000000108628                FSUSER_CloseArchive
 .text.FSUSER_GetSdmcArchiveResource
                0x00000000001086a0       0x78 C:/devkitPro/libctru/lib\libctru.a(fs.o)
                0x00000000001086a0                FSUSER_GetSdmcArchiveResource
 .text.FSUSER_IsSdmcWritable
                0x0000000000108718       0x64 C:/devkitPro/libctru/lib\libctru.a(fs.o)
                0x0000000000108718                FSUSER_IsSdmcWritable
 .text.FSFILE_Read
                0x000000000010877c       0x5c C:/devkitPro/libctru/lib\libctru.a(fs.o)
                0x000000000010877c                FSFILE_Read
 .text.FSFILE_Write
                0x00000000001087d8       0x64 C:/devkitPro/libctru/lib\libctru.a(fs.o)
                0x00000000001087d8                FSFILE_Write
 .text.FSFILE_GetSize
                0x000000000010883c       0x38 C:/devkitPro/libctru/lib\libctru.a(fs.o)
                0x000000000010883c                FSFILE_GetSize
 .text.FSFILE_SetSize
                0x0000000000108874       0x28 C:/devkitPro/libctru/lib\libctru.a(fs.o)
                0x0000000000108874                FSFILE_SetSize
 .text.FSFILE_Close
                0x000000000010889c       0x3c C:/devkitPro/libctru/lib\libctru.a(fs.o)
                0x000000000010889c                FSFILE_Close
 .text.FSFILE_Flush
                0x00000000001088d8       0x24 C:/devkitPro/libctru/lib\libctru.a(fs.o)
                0x00000000001088d8                FSFILE_Flush
 .text.FSDIR_Read
                0x00000000001088fc       0x54 C:/devkitPro/libctru/lib\libctru.a(fs.o)
                0x00000000001088fc                FSDIR_Read
 .text.FSDIR_Close
                0x0000000000108950       0x3c C:/devkitPro/libctru/lib\libctru.a(fs.o)
                0x0000000000108950                FSDIR_Close
 .text.rbtree_node_next
                0x000000000010898c       0x50 C:/devkitPro/libctru/lib\libctru.a(rbtree_iterator.o)
                0x000000000010898c                rbtree_node_next
 .text.utf8_to_utf16
                0x00000000001089dc       0xc0 C:/devkitPro/libctru/lib\libctru.a(utf8_to_utf16.o)
                0x00000000001089dc                utf8_to_utf16
 .text.decode_utf8
                0x0000000000108a9c      0x138 C:/devkitPro/libctru/lib\libctru.a(decode_utf8.o)
                0x0000000000108a9c                decode_utf8
 .text.utf16_to_utf8
                0x0000000000108bd4       0xe8 C:/devkitPro/libctru/lib\libctru.a(utf16_to_utf8.o)
                0x0000000000108bd4                utf16_to_utf8
 .text.__aeabi_read_tp
                0x0000000000108cbc        0xc C:/devkitPro/libctru/lib\libctru.a(readtp.o)
                0x0000000000108cbc                __aeabi_read_tp
 .text.encode_utf16
                0x0000000000108cc8       0x68 C:/devkitPro/libctru/lib\libctru.a(encode_utf16.o)
                0x0000000000108cc8                encode_utf16
 .text.encode_utf8
                0x0000000000108d30      0x104 C:/devkitPro/libctru/lib\libctru.a(encode_utf8.o)
                0x0000000000108d30                encode_utf8
 .text.decode_utf16
                0x0000000000108e34       0x60 C:/devkitPro/libctru/lib\libctru.a(decode_utf16.o)
                0x0000000000108e34                decode_utf16
 .text.__fixdfdi
                0x0000000000108e94       0x38 c:/devkitpro/devkitarm/bin/../lib/gcc/arm-none-eabi/9.1.0/armv6k/fpu\libgcc.a(_fixdfdi.o)
                0x0000000000108e94                __fixdfdi
                0x0000000000108e94                __aeabi_d2lz
 *fill*         0x0000000000108ecc        0x4 
 .text.__fixunsdfdi
                0x0000000000108ed0       0x40 c:/devkitpro/devkitarm/bin/../lib/gcc/arm-none-eabi/9.1.0/armv6k/fpu\libgcc.a(_fixunsdfdi.o)
                0x0000000000108ed0                __fixunsdfdi
                0x0000000000108ed0                __aeabi_d2ulz
 .text.__udivmoddi4
                0x0000000000108f10      0x130 c:/devkitpro/devkitarm/bin/../lib/gcc/arm-none-eabi/9.1.0/armv6k/fpu\libgcc.a(_udivmoddi4.o)
                0x0000000000108f10                __udivmoddi4
 .text.bsearch  0x0000000000109040       0x7c c:/devkitpro/devkitarm/bin/../lib/gcc/arm-none-eabi/9.1.0/../../../../arm-none-eabi/lib/armv6k/fpu\libg.a(lib_a-bsearch.o)
                0x0000000000109040                bsearch
 .text.exit     0x00000000001090bc       0x34 c:/devkitpro/devkitarm/bin/../lib/gcc/arm-none-eabi/9.1.0/../../../../arm-none-eabi/lib/armv6k/fpu\libg.a(lib_a-exit.o)
                0x00000000001090bc                exit
 .text.__libc_fini_array
                0x00000000001090f0       0x3c c:/devkitpro/devkitarm/bin/../lib/gcc/arm-none-eabi/9.1.0/../../../../arm-none-eabi/lib/armv6k/fpu\libg.a(lib_a-fini.o)
                0x00000000001090f0                __libc_fini_array
 .text.__libc_init_array
                0x000000000010912c       0x7c c:/devkitpro/devkitarm/bin/../lib/gcc/arm-none-eabi/9.1.0/../../../../arm-none-eabi/lib/armv6k/fpu\libg.a(lib_a-init.o)
                0x000000000010912c                __libc_init_array
 .text.memalign
                0x00000000001091a8       0x28 c:/devkitpro/devkitarm/bin/../lib/gcc/arm-none-eabi/9.1.0/../../../../arm-none-eabi/lib/armv6k/fpu\libg.a(lib_a-malign.o)
                0x00000000001091a8                memalign
 .text._memalign_r
                0x00000000001091d0      0x14c c:/devkitpro/devkitarm/bin/../lib/gcc/arm-none-eabi/9.1.0/../../../../arm-none-eabi/lib/armv6k/fpu\libg.a(lib_a-malignr.o)
                0x00000000001091d0                _memalign_r
 .text.malloc   0x000000000010931c       0x20 c:/devkitpro/devkitarm/bin/../lib/gcc/arm-none-eabi/9.1.0/../../../../arm-none-eabi/lib/armv6k/fpu\libg.a(lib_a-malloc.o)
                0x000000000010931c                malloc
 .text.free     0x000000000010933c       0x20 c:/devkitpro/devkitarm/bin/../lib/gcc/arm-none-eabi/9.1.0/../../../../arm-none-eabi/lib/armv6k/fpu\libg.a(lib_a-malloc.o)
                0x000000000010933c                free
 .text._malloc_r
                0x000000000010935c      0x7d0 c:/devkitpro/devkitarm/bin/../lib/gcc/arm-none-eabi/9.1.0/../../../../arm-none-eabi/lib/armv6k/fpu\libg.a(lib_a-mallocr.o)
                0x000000000010935c                _malloc_r
 .text.memchr   0x0000000000109b2c       0xe0 c:/devkitpro/devkitarm/bin/../lib/gcc/arm-none-eabi/9.1.0/../../../../arm-none-eabi/lib/armv6k/fpu\libg.a(lib_a-memchr-stub.o)
                0x0000000000109b2c                memchr
 .text.memcpy   0x0000000000109c0c      0x120 c:/devkitpro/devkitarm/bin/../lib/gcc/arm-none-eabi/9.1.0/../../../../arm-none-eabi/lib/armv6k/fpu\libg.a(lib_a-memcpy-stub.o)
                0x0000000000109c0c                memcpy
 .text.memset   0x0000000000109d2c      0x118 c:/devkitpro/devkitarm/bin/../lib/gcc/arm-none-eabi/9.1.0/../../../../arm-none-eabi/lib/armv6k/fpu\libg.a(lib_a-memset.o)
                0x0000000000109d2c                memset
 .text.__malloc_lock
                0x0000000000109e44        0xc c:/devkitpro/devkitarm/bin/../lib/gcc/arm-none-eabi/9.1.0/../../../../arm-none-eabi/lib/armv6k/fpu\libg.a(lib_a-mlock.o)
                0x0000000000109e44                __malloc_lock
 .text.__malloc_unlock
                0x0000000000109e50        0xc c:/devkitpro/devkitarm/bin/../lib/gcc/arm-none-eabi/9.1.0/../../../../arm-none-eabi/lib/armv6k/fpu\libg.a(lib_a-mlock.o)
                0x0000000000109e50                __malloc_unlock
 .text.printf   0x0000000000109e5c       0x34 c:/devkitpro/devkitarm/bin/../lib/gcc/arm-none-eabi/9.1.0/../../../../arm-none-eabi/lib/armv6k/fpu\libg.a(lib_a-printf.o)
                0x0000000000109e5c                printf
 .text._puts_r  0x0000000000109e90       0xe0 c:/devkitpro/devkitarm/bin/../lib/gcc/arm-none-eabi/9.1.0/../../../../arm-none-eabi/lib/armv6k/fpu\libg.a(lib_a-puts.o)
                0x0000000000109e90                _puts_r
 .text.puts     0x0000000000109f70       0x20 c:/devkitpro/devkitarm/bin/../lib/gcc/arm-none-eabi/9.1.0/../../../../arm-none-eabi/lib/armv6k/fpu\libg.a(lib_a-puts.o)
                0x0000000000109f70                puts
 .text.setvbuf  0x0000000000109f90      0x260 c:/devkitpro/devkitarm/bin/../lib/gcc/arm-none-eabi/9.1.0/../../../../arm-none-eabi/lib/armv6k/fpu\libg.a(lib_a-setvbuf.o)
                0x0000000000109f90                setvbuf
 .text.sscanf   0x000000000010a1f0       0x74 c:/devkitpro/devkitarm/bin/../lib/gcc/arm-none-eabi/9.1.0/../../../../arm-none-eabi/lib/armv6k/fpu\libg.a(lib_a-sscanf.o)
                0x000000000010a1f0                sscanf
 .text.__sread  0x000000000010a264       0x3c c:/devkitpro/devkitarm/bin/../lib/gcc/arm-none-eabi/9.1.0/../../../../arm-none-eabi/lib/armv6k/fpu\libg.a(lib_a-stdio.o)
                0x000000000010a264                __sread
 .text.__seofread
                0x000000000010a2a0        0x8 c:/devkitpro/devkitarm/bin/../lib/gcc/arm-none-eabi/9.1.0/../../../../arm-none-eabi/lib/armv6k/fpu\libg.a(lib_a-stdio.o)
                0x000000000010a2a0                __seofread
 .text.__swrite
                0x000000000010a2a8       0x68 c:/devkitpro/devkitarm/bin/../lib/gcc/arm-none-eabi/9.1.0/../../../../arm-none-eabi/lib/armv6k/fpu\libg.a(lib_a-stdio.o)
                0x000000000010a2a8                __swrite
 .text.__sseek  0x000000000010a310       0x58 c:/devkitpro/devkitarm/bin/../lib/gcc/arm-none-eabi/9.1.0/../../../../arm-none-eabi/lib/armv6k/fpu\libg.a(lib_a-stdio.o)
                0x000000000010a310                __sseek
 .text.__sclose
                0x000000000010a368        0x8 c:/devkitpro/devkitarm/bin/../lib/gcc/arm-none-eabi/9.1.0/../../../../arm-none-eabi/lib/armv6k/fpu\libg.a(lib_a-stdio.o)
                0x000000000010a368                __sclose
 .text.strlen   0x000000000010a370       0x5c c:/devkitpro/devkitarm/bin/../lib/gcc/arm-none-eabi/9.1.0/../../../../arm-none-eabi/lib/armv6k/fpu\libg.a(lib_a-strlen-stub.o)
                0x000000000010a370                strlen
 .text.strncat  0x000000000010a3cc       0x98 c:/devkitpro/devkitarm/bin/../lib/gcc/arm-none-eabi/9.1.0/../../../../arm-none-eabi/lib/armv6k/fpu\libg.a(lib_a-strncat.o)
                0x000000000010a3cc                strncat
 .text.strncmp  0x000000000010a464       0xec c:/devkitpro/devkitarm/bin/../lib/gcc/arm-none-eabi/9.1.0/../../../../arm-none-eabi/lib/armv6k/fpu\libg.a(lib_a-strncmp.o)
                0x000000000010a464                strncmp
 .text.strncpy  0x000000000010a550       0xc0 c:/devkitpro/devkitarm/bin/../lib/gcc/arm-none-eabi/9.1.0/../../../../arm-none-eabi/lib/armv6k/fpu\libg.a(lib_a-strncpy.o)
                0x000000000010a550                strncpy
 .text.strnlen  0x000000000010a610       0x48 c:/devkitpro/devkitarm/bin/../lib/gcc/arm-none-eabi/9.1.0/../../../../arm-none-eabi/lib/armv6k/fpu\libg.a(lib_a-strnlen.o)
                0x000000000010a610                strnlen
 .text.get_arg  0x000000000010a658       0x48 c:/devkitpro/devkitarm/bin/../lib/gcc/arm-none-eabi/9.1.0/../../../../arm-none-eabi/lib/armv6k/fpu\libg.a(lib_a-svfscanf.o)
 .text.__ssvfscanf_r
                0x000000000010a6a0     0x2b84 c:/devkitpro/devkitarm/bin/../lib/gcc/arm-none-eabi/9.1.0/../../../../arm-none-eabi/lib/armv6k/fpu\libg.a(lib_a-svfscanf.o)
                0x000000000010a6a0                __ssvfscanf_r
 .text.__sprint_r
                0x000000000010d224       0x34 c:/devkitpro/devkitarm/bin/../lib/gcc/arm-none-eabi/9.1.0/../../../../arm-none-eabi/lib/armv6k/fpu\libg.a(lib_a-vfiprintf.o)
                0x000000000010d224                __sprint_r
 .text.get_arg  0x000000000010d258      0x650 c:/devkitpro/devkitarm/bin/../lib/gcc/arm-none-eabi/9.1.0/../../../../arm-none-eabi/lib/armv6k/fpu\libg.a(lib_a-vfprintf.o)
 .text._vfprintf_r
                0x000000000010d8a8     0x38e0 c:/devkitpro/devkitarm/bin/../lib/gcc/arm-none-eabi/9.1.0/../../../../arm-none-eabi/lib/armv6k/fpu\libg.a(lib_a-vfprintf.o)
                0x000000000010d8a8                _vfprintf_r
 .text.__sbprintf
                0x0000000000111188       0xd4 c:/devkitpro/devkitarm/bin/../lib/gcc/arm-none-eabi/9.1.0/../../../../arm-none-eabi/lib/armv6k/fpu\libg.a(lib_a-vfprintf.o)
 .text._wcrtomb_r
                0x000000000011125c       0x54 c:/devkitpro/devkitarm/bin/../lib/gcc/arm-none-eabi/9.1.0/../../../../arm-none-eabi/lib/armv6k/fpu\libg.a(lib_a-wcrtomb.o)
                0x000000000011125c                _wcrtomb_r
 .text._wcsrtombs_r
                0x00000000001112b0       0x20 c:/devkitpro/devkitarm/bin/../lib/gcc/arm-none-eabi/9.1.0/../../../../arm-none-eabi/lib/armv6k/fpu\libg.a(lib_a-wcsrtombs.o)
                0x00000000001112b0                _wcsrtombs_r
 .text.__swsetup_r
                0x00000000001112d0      0x150 c:/devkitpro/devkitarm/bin/../lib/gcc/arm-none-eabi/9.1.0/../../../../arm-none-eabi/lib/armv6k/fpu\libg.a(lib_a-wsetup.o)
                0x00000000001112d0                __swsetup_r
 .text.__call_exitprocs
                0x0000000000111420      0x118 c:/devkitpro/devkitarm/bin/../lib/gcc/arm-none-eabi/9.1.0/../../../../arm-none-eabi/lib/armv6k/fpu\libg.a(lib_a-__call_atexit.o)
                0x0000000000111420                __call_exitprocs
 .text.quorem   0x0000000000111538      0x1a8 c:/devkitpro/devkitarm/bin/../lib/gcc/arm-none-eabi/9.1.0/../../../../arm-none-eabi/lib/armv6k/fpu\libg.a(lib_a-dtoa.o)
 .text._dtoa_r  0x00000000001116e0     0x12ac c:/devkitpro/devkitarm/bin/../lib/gcc/arm-none-eabi/9.1.0/../../../../arm-none-eabi/lib/armv6k/fpu\libg.a(lib_a-dtoa.o)
                0x00000000001116e0                _dtoa_r
 .text.__sflush_r
                0x000000000011298c      0x278 c:/devkitpro/devkitarm/bin/../lib/gcc/arm-none-eabi/9.1.0/../../../../arm-none-eabi/lib/armv6k/fpu\libg.a(lib_a-fflush.o)
                0x000000000011298c                __sflush_r
 .text._fflush_r
                0x0000000000112c04       0x94 c:/devkitpro/devkitarm/bin/../lib/gcc/arm-none-eabi/9.1.0/../../../../arm-none-eabi/lib/armv6k/fpu\libg.a(lib_a-fflush.o)
                0x0000000000112c04                _fflush_r
 .text.std      0x0000000000112c98       0x78 c:/devkitpro/devkitarm/bin/../lib/gcc/arm-none-eabi/9.1.0/../../../../arm-none-eabi/lib/armv6k/fpu\libg.a(lib_a-findfp.o)
 .text._cleanup_r
                0x0000000000112d10        0xc c:/devkitpro/devkitarm/bin/../lib/gcc/arm-none-eabi/9.1.0/../../../../arm-none-eabi/lib/armv6k/fpu\libg.a(lib_a-findfp.o)
                0x0000000000112d10                _cleanup_r
 .text.__sinit  0x0000000000112d1c       0x8c c:/devkitpro/devkitarm/bin/../lib/gcc/arm-none-eabi/9.1.0/../../../../arm-none-eabi/lib/armv6k/fpu\libg.a(lib_a-findfp.o)
                0x0000000000112d1c                __sinit
 .text.__sfp_lock_acquire
                0x0000000000112da8        0xc c:/devkitpro/devkitarm/bin/../lib/gcc/arm-none-eabi/9.1.0/../../../../arm-none-eabi/lib/armv6k/fpu\libg.a(lib_a-findfp.o)
                0x0000000000112da8                __sfp_lock_acquire
 .text.__sfp_lock_release
                0x0000000000112db4        0xc c:/devkitpro/devkitarm/bin/../lib/gcc/arm-none-eabi/9.1.0/../../../../arm-none-eabi/lib/armv6k/fpu\libg.a(lib_a-findfp.o)
                0x0000000000112db4                __sfp_lock_release
 .text._malloc_trim_r
                0x0000000000112dc0       0xf8 c:/devkitpro/devkitarm/bin/../lib/gcc/arm-none-eabi/9.1.0/../../../../arm-none-eabi/lib/armv6k/fpu\libg.a(lib_a-freer.o)
                0x0000000000112dc0                _malloc_trim_r
 .text._free_r  0x0000000000112eb8      0x2e8 c:/devkitpro/devkitarm/bin/../lib/gcc/arm-none-eabi/9.1.0/../../../../arm-none-eabi/lib/armv6k/fpu\libg.a(lib_a-freer.o)
                0x0000000000112eb8                _free_r
 .text.__sfvwrite_r
                0x00000000001131a0      0x4a4 c:/devkitpro/devkitarm/bin/../lib/gcc/arm-none-eabi/9.1.0/../../../../arm-none-eabi/lib/armv6k/fpu\libg.a(lib_a-fvwrite.o)
                0x00000000001131a0                __sfvwrite_r
 .text._fwalk_reent
                0x0000000000113644       0x70 c:/devkitpro/devkitarm/bin/../lib/gcc/arm-none-eabi/9.1.0/../../../../arm-none-eabi/lib/armv6k/fpu\libg.a(lib_a-fwalk.o)
                0x0000000000113644                _fwalk_reent
 .text.iswspace
                0x00000000001136b4        0x8 c:/devkitpro/devkitarm/bin/../lib/gcc/arm-none-eabi/9.1.0/../../../../arm-none-eabi/lib/armv6k/fpu\libg.a(lib_a-iswspace.o)
                0x00000000001136b4                iswspace
 .text._localeconv_r
                0x00000000001136bc        0xc c:/devkitpro/devkitarm/bin/../lib/gcc/arm-none-eabi/9.1.0/../../../../arm-none-eabi/lib/armv6k/fpu\libg.a(lib_a-localeconv.o)
                0x00000000001136bc                _localeconv_r
 .text.__locale_mb_cur_max
                0x00000000001136c8       0x10 c:/devkitpro/devkitarm/bin/../lib/gcc/arm-none-eabi/9.1.0/../../../../arm-none-eabi/lib/armv6k/fpu\libg.a(lib_a-locale.o)
                0x00000000001136c8                __locale_mb_cur_max
 .text.__swhatbuf_r
                0x00000000001136d8       0x94 c:/devkitpro/devkitarm/bin/../lib/gcc/arm-none-eabi/9.1.0/../../../../arm-none-eabi/lib/armv6k/fpu\libg.a(lib_a-makebuf.o)
                0x00000000001136d8                __swhatbuf_r
 .text.__smakebuf_r
                0x000000000011376c       0xf8 c:/devkitpro/devkitarm/bin/../lib/gcc/arm-none-eabi/9.1.0/../../../../arm-none-eabi/lib/armv6k/fpu\libg.a(lib_a-makebuf.o)
                0x000000000011376c                __smakebuf_r
 .text._mbrtowc_r
                0x0000000000113864       0x60 c:/devkitpro/devkitarm/bin/../lib/gcc/arm-none-eabi/9.1.0/../../../../arm-none-eabi/lib/armv6k/fpu\libg.a(lib_a-mbrtowc.o)
                0x0000000000113864                _mbrtowc_r
 .text.__utf8_mbtowc
                0x00000000001138c4      0x2fc c:/devkitpro/devkitarm/bin/../lib/gcc/arm-none-eabi/9.1.0/../../../../arm-none-eabi/lib/armv6k/fpu\libg.a(lib_a-mbtowc_r.o)
                0x00000000001138c4                __utf8_mbtowc
 .text.memmove  0x0000000000113bc0      0x154 c:/devkitpro/devkitarm/bin/../lib/gcc/arm-none-eabi/9.1.0/../../../../arm-none-eabi/lib/armv6k/fpu\libg.a(lib_a-memmove.o)
                0x0000000000113bc0                memmove
 .text._Balloc  0x0000000000113d14       0x88 c:/devkitpro/devkitarm/bin/../lib/gcc/arm-none-eabi/9.1.0/../../../../arm-none-eabi/lib/armv6k/fpu\libg.a(lib_a-mprec.o)
                0x0000000000113d14                _Balloc
 .text._Bfree   0x0000000000113d9c       0x1c c:/devkitpro/devkitarm/bin/../lib/gcc/arm-none-eabi/9.1.0/../../../../arm-none-eabi/lib/armv6k/fpu\libg.a(lib_a-mprec.o)
                0x0000000000113d9c                _Bfree
 .text.__multadd
                0x0000000000113db8       0xd0 c:/devkitpro/devkitarm/bin/../lib/gcc/arm-none-eabi/9.1.0/../../../../arm-none-eabi/lib/armv6k/fpu\libg.a(lib_a-mprec.o)
                0x0000000000113db8                __multadd
 .text.__s2b    0x0000000000113e88       0xec c:/devkitpro/devkitarm/bin/../lib/gcc/arm-none-eabi/9.1.0/../../../../arm-none-eabi/lib/armv6k/fpu\libg.a(lib_a-mprec.o)
                0x0000000000113e88                __s2b
 .text.__hi0bits
                0x0000000000113f74       0x58 c:/devkitpro/devkitarm/bin/../lib/gcc/arm-none-eabi/9.1.0/../../../../arm-none-eabi/lib/armv6k/fpu\libg.a(lib_a-mprec.o)
                0x0000000000113f74                __hi0bits
 .text.__lo0bits
                0x0000000000113fcc       0x9c c:/devkitpro/devkitarm/bin/../lib/gcc/arm-none-eabi/9.1.0/../../../../arm-none-eabi/lib/armv6k/fpu\libg.a(lib_a-mprec.o)
                0x0000000000113fcc                __lo0bits
 .text.__i2b    0x0000000000114068       0x20 c:/devkitpro/devkitarm/bin/../lib/gcc/arm-none-eabi/9.1.0/../../../../arm-none-eabi/lib/armv6k/fpu\libg.a(lib_a-mprec.o)
                0x0000000000114068                __i2b
 .text.__multiply
                0x0000000000114088      0x1e0 c:/devkitpro/devkitarm/bin/../lib/gcc/arm-none-eabi/9.1.0/../../../../arm-none-eabi/lib/armv6k/fpu\libg.a(lib_a-mprec.o)
                0x0000000000114088                __multiply
 .text.__pow5mult
                0x0000000000114268      0x100 c:/devkitpro/devkitarm/bin/../lib/gcc/arm-none-eabi/9.1.0/../../../../arm-none-eabi/lib/armv6k/fpu\libg.a(lib_a-mprec.o)
                0x0000000000114268                __pow5mult
 .text.__lshift
                0x0000000000114368      0x114 c:/devkitpro/devkitarm/bin/../lib/gcc/arm-none-eabi/9.1.0/../../../../arm-none-eabi/lib/armv6k/fpu\libg.a(lib_a-mprec.o)
                0x0000000000114368                __lshift
 .text.__mcmp   0x000000000011447c       0x58 c:/devkitpro/devkitarm/bin/../lib/gcc/arm-none-eabi/9.1.0/../../../../arm-none-eabi/lib/armv6k/fpu\libg.a(lib_a-mprec.o)
                0x000000000011447c                __mcmp
 .text.__mdiff  0x00000000001144d4      0x190 c:/devkitpro/devkitarm/bin/../lib/gcc/arm-none-eabi/9.1.0/../../../../arm-none-eabi/lib/armv6k/fpu\libg.a(lib_a-mprec.o)
                0x00000000001144d4                __mdiff
 .text.__ulp    0x0000000000114664       0x88 c:/devkitpro/devkitarm/bin/../lib/gcc/arm-none-eabi/9.1.0/../../../../arm-none-eabi/lib/armv6k/fpu\libg.a(lib_a-mprec.o)
                0x0000000000114664                __ulp
 .text.__b2d    0x00000000001146ec       0xd4 c:/devkitpro/devkitarm/bin/../lib/gcc/arm-none-eabi/9.1.0/../../../../arm-none-eabi/lib/armv6k/fpu\libg.a(lib_a-mprec.o)
                0x00000000001146ec                __b2d
 .text.__d2b    0x00000000001147c0      0x104 c:/devkitpro/devkitarm/bin/../lib/gcc/arm-none-eabi/9.1.0/../../../../arm-none-eabi/lib/armv6k/fpu\libg.a(lib_a-mprec.o)
                0x00000000001147c0                __d2b
 .text.__ratio  0x00000000001148c4       0x84 c:/devkitpro/devkitarm/bin/../lib/gcc/arm-none-eabi/9.1.0/../../../../arm-none-eabi/lib/armv6k/fpu\libg.a(lib_a-mprec.o)
                0x00000000001148c4                __ratio
 .text.__copybits
                0x0000000000114948       0x6c c:/devkitpro/devkitarm/bin/../lib/gcc/arm-none-eabi/9.1.0/../../../../arm-none-eabi/lib/armv6k/fpu\libg.a(lib_a-mprec.o)
                0x0000000000114948                __copybits
 .text.__any_on
                0x00000000001149b4       0x5c c:/devkitpro/devkitarm/bin/../lib/gcc/arm-none-eabi/9.1.0/../../../../arm-none-eabi/lib/armv6k/fpu\libg.a(lib_a-mprec.o)
                0x00000000001149b4                __any_on
 .text.realloc  0x0000000000114a10       0x28 c:/devkitpro/devkitarm/bin/../lib/gcc/arm-none-eabi/9.1.0/../../../../arm-none-eabi/lib/armv6k/fpu\libg.a(lib_a-realloc.o)
                0x0000000000114a10                realloc
 .text._realloc_r
                0x0000000000114a38      0x4bc c:/devkitpro/devkitarm/bin/../lib/gcc/arm-none-eabi/9.1.0/../../../../arm-none-eabi/lib/armv6k/fpu\libg.a(lib_a-reallocr.o)
                0x0000000000114a38                _realloc_r
 .text.__sccl   0x0000000000114ef4       0xe8 c:/devkitpro/devkitarm/bin/../lib/gcc/arm-none-eabi/9.1.0/../../../../arm-none-eabi/lib/armv6k/fpu\libg.a(lib_a-sccl.o)
                0x0000000000114ef4                __sccl
 .text.nanf     0x0000000000114fdc        0xc c:/devkitpro/devkitarm/bin/../lib/gcc/arm-none-eabi/9.1.0/../../../../arm-none-eabi/lib/armv6k/fpu\libg.a(lib_a-sf_nan.o)
                0x0000000000114fdc                nanf
 .text.frexp    0x0000000000114fe8       0xa8 c:/devkitpro/devkitarm/bin/../lib/gcc/arm-none-eabi/9.1.0/../../../../arm-none-eabi/lib/armv6k/fpu\libg.a(lib_a-s_frexp.o)
                0x0000000000114fe8                frexp
 .text.sprintf  0x0000000000115090       0x64 c:/devkitpro/devkitarm/bin/../lib/gcc/arm-none-eabi/9.1.0/../../../../arm-none-eabi/lib/armv6k/fpu\libg.a(lib_a-sprintf.o)
                0x0000000000115090                sprintf
 .text.stpncpy  0x00000000001150f4       0xb8 c:/devkitpro/devkitarm/bin/../lib/gcc/arm-none-eabi/9.1.0/../../../../arm-none-eabi/lib/armv6k/fpu\libg.a(lib_a-stpncpy.o)
                0x00000000001150f4                stpncpy
 .text.strchr   0x00000000001151ac      0x144 c:/devkitpro/devkitarm/bin/../lib/gcc/arm-none-eabi/9.1.0/../../../../arm-none-eabi/lib/armv6k/fpu\libg.a(lib_a-strchr.o)
                0x00000000001151ac                strchr
 .text.sulp     0x00000000001152f0       0x54 c:/devkitpro/devkitarm/bin/../lib/gcc/arm-none-eabi/9.1.0/../../../../arm-none-eabi/lib/armv6k/fpu\libg.a(lib_a-strtod.o)
 *fill*         0x0000000000115344        0x4 
 .text._strtod_l
                0x0000000000115348     0x1414 c:/devkitpro/devkitarm/bin/../lib/gcc/arm-none-eabi/9.1.0/../../../../arm-none-eabi/lib/armv6k/fpu\libg.a(lib_a-strtod.o)
                0x0000000000115348                _strtod_l
 .text._strtod_r
                0x000000000011675c        0xc c:/devkitpro/devkitarm/bin/../lib/gcc/arm-none-eabi/9.1.0/../../../../arm-none-eabi/lib/armv6k/fpu\libg.a(lib_a-strtod.o)
                0x000000000011675c                _strtod_r
 .text._strtoll_l.isra.0
                0x0000000000116768      0x23c c:/devkitpro/devkitarm/bin/../lib/gcc/arm-none-eabi/9.1.0/../../../../arm-none-eabi/lib/armv6k/fpu\libg.a(lib_a-strtoll.o)
 .text._strtoll_r
                0x00000000001169a4        0x4 c:/devkitpro/devkitarm/bin/../lib/gcc/arm-none-eabi/9.1.0/../../../../arm-none-eabi/lib/armv6k/fpu\libg.a(lib_a-strtoll.o)
                0x00000000001169a4                _strtoll_r
 .text._strtol_l.isra.0
                0x00000000001169a8      0x1b4 c:/devkitpro/devkitarm/bin/../lib/gcc/arm-none-eabi/9.1.0/../../../../arm-none-eabi/lib/armv6k/fpu\libg.a(lib_a-strtol.o)
 .text._strtol_r
                0x0000000000116b5c        0x4 c:/devkitpro/devkitarm/bin/../lib/gcc/arm-none-eabi/9.1.0/../../../../arm-none-eabi/lib/armv6k/fpu\libg.a(lib_a-strtol.o)
                0x0000000000116b5c                _strtol_r
 .text._strtoull_l.isra.0
                0x0000000000116b60      0x24c c:/devkitpro/devkitarm/bin/../lib/gcc/arm-none-eabi/9.1.0/../../../../arm-none-eabi/lib/armv6k/fpu\libg.a(lib_a-strtoull.o)
 .text._strtoull_r
                0x0000000000116dac        0x4 c:/devkitpro/devkitarm/bin/../lib/gcc/arm-none-eabi/9.1.0/../../../../arm-none-eabi/lib/armv6k/fpu\libg.a(lib_a-strtoull.o)
                0x0000000000116dac                _strtoull_r
 .text._strtoul_l.isra.0
                0x0000000000116db0      0x1c8 c:/devkitpro/devkitarm/bin/../lib/gcc/arm-none-eabi/9.1.0/../../../../arm-none-eabi/lib/armv6k/fpu\libg.a(lib_a-strtoul.o)
 .text._strtoul_r
                0x0000000000116f78        0x4 c:/devkitpro/devkitarm/bin/../lib/gcc/arm-none-eabi/9.1.0/../../../../arm-none-eabi/lib/armv6k/fpu\libg.a(lib_a-strtoul.o)
                0x0000000000116f78                _strtoul_r
 .text.__ssprint_r
                0x0000000000116f7c      0x188 c:/devkitpro/devkitarm/bin/../lib/gcc/arm-none-eabi/9.1.0/../../../../arm-none-eabi/lib/armv6k/fpu\libg.a(lib_a-svfiprintf.o)
                0x0000000000116f7c                __ssprint_r
 .text._sungetc_r
                0x0000000000117104       0xe0 c:/devkitpro/devkitarm/bin/../lib/gcc/arm-none-eabi/9.1.0/../../../../arm-none-eabi/lib/armv6k/fpu\libg.a(lib_a-svfiscanf.o)
                0x0000000000117104                _sungetc_r
 .text.__ssrefill_r
                0x00000000001171e4       0x6c c:/devkitpro/devkitarm/bin/../lib/gcc/arm-none-eabi/9.1.0/../../../../arm-none-eabi/lib/armv6k/fpu\libg.a(lib_a-svfiscanf.o)
                0x00000000001171e4                __ssrefill_r
 .text._sfread_r
                0x0000000000117250       0xc8 c:/devkitpro/devkitarm/bin/../lib/gcc/arm-none-eabi/9.1.0/../../../../arm-none-eabi/lib/armv6k/fpu\libg.a(lib_a-svfiscanf.o)
                0x0000000000117250                _sfread_r
 .text.get_arg  0x0000000000117318      0x650 c:/devkitpro/devkitarm/bin/../lib/gcc/arm-none-eabi/9.1.0/../../../../arm-none-eabi/lib/armv6k/fpu\libg.a(lib_a-svfprintf.o)
 .text._svfprintf_r
                0x0000000000117968     0x3814 c:/devkitpro/devkitarm/bin/../lib/gcc/arm-none-eabi/9.1.0/../../../../arm-none-eabi/lib/armv6k/fpu\libg.a(lib_a-svfprintf.o)
                0x0000000000117968                _svfprintf_r
 .text.__submore
                0x000000000011b17c       0xa8 c:/devkitpro/devkitarm/bin/../lib/gcc/arm-none-eabi/9.1.0/../../../../arm-none-eabi/lib/armv6k/fpu\libg.a(lib_a-ungetc.o)
                0x000000000011b17c                __submore
 .text._wcsnrtombs_l
                0x000000000011b224      0x190 c:/devkitpro/devkitarm/bin/../lib/gcc/arm-none-eabi/9.1.0/../../../../arm-none-eabi/lib/armv6k/fpu\libg.a(lib_a-wcsnrtombs.o)
                0x000000000011b224                _wcsnrtombs_l
 .text._wcsnrtombs_r
                0x000000000011b3b4       0x48 c:/devkitpro/devkitarm/bin/../lib/gcc/arm-none-eabi/9.1.0/../../../../arm-none-eabi/lib/armv6k/fpu\libg.a(lib_a-wcsnrtombs.o)
                0x000000000011b3b4                _wcsnrtombs_r
 .text.__utf8_wctomb
                0x000000000011b3fc       0xf0 c:/devkitpro/devkitarm/bin/../lib/gcc/arm-none-eabi/9.1.0/../../../../arm-none-eabi/lib/armv6k/fpu\libg.a(lib_a-wctomb_r.o)
                0x000000000011b3fc                __utf8_wctomb
 .text._calloc_r
                0x000000000011b4ec       0x94 c:/devkitpro/devkitarm/bin/../lib/gcc/arm-none-eabi/9.1.0/../../../../arm-none-eabi/lib/armv6k/fpu\libg.a(lib_a-callocr.o)
                0x000000000011b4ec                _calloc_r
 .text._fclose_r
                0x000000000011b580      0x160 c:/devkitpro/devkitarm/bin/../lib/gcc/arm-none-eabi/9.1.0/../../../../arm-none-eabi/lib/armv6k/fpu\libg.a(lib_a-fclose.o)
                0x000000000011b580                _fclose_r
 .text.rshift   0x000000000011b6e0       0xec c:/devkitpro/devkitarm/bin/../lib/gcc/arm-none-eabi/9.1.0/../../../../arm-none-eabi/lib/armv6k/fpu\libg.a(lib_a-gdtoa-gethex.o)
 .text.__gethex
                0x000000000011b7cc      0x828 c:/devkitpro/devkitarm/bin/../lib/gcc/arm-none-eabi/9.1.0/../../../../arm-none-eabi/lib/armv6k/fpu\libg.a(lib_a-gdtoa-gethex.o)
                0x000000000011b7cc                __gethex
 .text.__match  0x000000000011bff4       0x60 c:/devkitpro/devkitarm/bin/../lib/gcc/arm-none-eabi/9.1.0/../../../../arm-none-eabi/lib/armv6k/fpu\libg.a(lib_a-gdtoa-hexnan.o)
                0x000000000011bff4                __match
 .text.__hexnan
                0x000000000011c054      0x28c c:/devkitpro/devkitarm/bin/../lib/gcc/arm-none-eabi/9.1.0/../../../../arm-none-eabi/lib/armv6k/fpu\libg.a(lib_a-gdtoa-hexnan.o)
                0x000000000011c054                __hexnan
 .text.iswspace_l
                0x000000000011c2e0       0x3c c:/devkitpro/devkitarm/bin/../lib/gcc/arm-none-eabi/9.1.0/../../../../arm-none-eabi/lib/armv6k/fpu\libg.a(lib_a-iswspace_l.o)
                0x000000000011c2e0                iswspace_l
 .text.__jp2uc  0x000000000011c31c      0x1e0 c:/devkitpro/devkitarm/bin/../lib/gcc/arm-none-eabi/9.1.0/../../../../arm-none-eabi/lib/armv6k/fpu\libg.a(lib_a-jp2uc.o)
 .text._jp2uc_l
                0x000000000011c4fc       0x94 c:/devkitpro/devkitarm/bin/../lib/gcc/arm-none-eabi/9.1.0/../../../../arm-none-eabi/lib/armv6k/fpu\libg.a(lib_a-jp2uc.o)
                0x000000000011c4fc                _jp2uc_l
 .text.nan      0x000000000011c590       0x10 c:/devkitpro/devkitarm/bin/../lib/gcc/arm-none-eabi/9.1.0/../../../../arm-none-eabi/lib/armv6k/fpu\libg.a(lib_a-s_nan.o)
                0x000000000011c590                nan
 .text.category
                0x000000000011c5a0       0x88 c:/devkitpro/devkitarm/bin/../lib/gcc/arm-none-eabi/9.1.0/../../../../arm-none-eabi/lib/armv6k/fpu\libg.a(lib_a-categories.o)
                0x000000000011c5a0                category
 .text.null_write
                0x000000000011c628        0x8 c:/devkitpro/devkitarm/bin/../lib/gcc/arm-none-eabi/9.1.0/../../../../arm-none-eabi/lib/armv6k/fpu\libsysbase.a(iosupport.o)
 .text.setDefaultDevice
                0x000000000011c630       0x18 c:/devkitpro/devkitarm/bin/../lib/gcc/arm-none-eabi/9.1.0/../../../../arm-none-eabi/lib/armv6k/fpu\libsysbase.a(iosupport.o)
                0x000000000011c630                setDefaultDevice
 .text.FindDevice
                0x000000000011c648       0xc8 c:/devkitpro/devkitarm/bin/../lib/gcc/arm-none-eabi/9.1.0/../../../../arm-none-eabi/lib/armv6k/fpu\libsysbase.a(iosupport.o)
                0x000000000011c648                FindDevice
 .text.RemoveDevice
                0x000000000011c710       0x28 c:/devkitpro/devkitarm/bin/../lib/gcc/arm-none-eabi/9.1.0/../../../../arm-none-eabi/lib/armv6k/fpu\libsysbase.a(iosupport.o)
                0x000000000011c710                RemoveDevice
 .text.AddDevice
                0x000000000011c738       0x9c c:/devkitpro/devkitarm/bin/../lib/gcc/arm-none-eabi/9.1.0/../../../../arm-none-eabi/lib/armv6k/fpu\libsysbase.a(iosupport.o)
                0x000000000011c738                AddDevice
 .text.GetDeviceOpTab
                0x000000000011c7d4       0x20 c:/devkitpro/devkitarm/bin/../lib/gcc/arm-none-eabi/9.1.0/../../../../arm-none-eabi/lib/armv6k/fpu\libsysbase.a(iosupport.o)
                0x000000000011c7d4                GetDeviceOpTab
 .text._fstat_r
                0x000000000011c7f4       0x78 c:/devkitpro/devkitarm/bin/../lib/gcc/arm-none-eabi/9.1.0/../../../../arm-none-eabi/lib/armv6k/fpu\libsysbase.a(fstat.o)
                0x000000000011c7f4                _fstat_r
 .text._isatty_r
                0x000000000011c86c        0x8 c:/devkitpro/devkitarm/bin/../lib/gcc/arm-none-eabi/9.1.0/../../../../arm-none-eabi/lib/armv6k/fpu\libsysbase.a(isatty.o)
                0x000000000011c86c                _isatty_r
 .text._lseek_r
                0x000000000011c874       0x84 c:/devkitpro/devkitarm/bin/../lib/gcc/arm-none-eabi/9.1.0/../../../../arm-none-eabi/lib/armv6k/fpu\libsysbase.a(lseek.o)
                0x000000000011c874                _lseek_r
 .text._read_r  0x000000000011c8f8       0x80 c:/devkitpro/devkitarm/bin/../lib/gcc/arm-none-eabi/9.1.0/../../../../arm-none-eabi/lib/armv6k/fpu\libsysbase.a(read.o)
                0x000000000011c8f8                _read_r
 .text._sbrk_r  0x000000000011c978       0x78 c:/devkitpro/devkitarm/bin/../lib/gcc/arm-none-eabi/9.1.0/../../../../arm-none-eabi/lib/armv6k/fpu\libsysbase.a(sbrk.o)
                0x000000000011c978                _sbrk_r
 .text._write_r
                0x000000000011c9f0       0x80 c:/devkitpro/devkitarm/bin/../lib/gcc/arm-none-eabi/9.1.0/../../../../arm-none-eabi/lib/armv6k/fpu\libsysbase.a(write.o)
                0x000000000011c9f0                _write_r
 .text._exit    0x000000000011ca70       0x24 c:/devkitpro/devkitarm/bin/../lib/gcc/arm-none-eabi/9.1.0/../../../../arm-none-eabi/lib/armv6k/fpu\libsysbase.a(_exit.o)
                0x000000000011ca70                _exit
 .text._concatenate_path
                0x000000000011ca94      0x1bc c:/devkitpro/devkitarm/bin/../lib/gcc/arm-none-eabi/9.1.0/../../../../arm-none-eabi/lib/armv6k/fpu\libsysbase.a(chdir.o)
                0x000000000011ca94                _concatenate_path
 .text.chdir    0x000000000011cc50      0x15c c:/devkitpro/devkitarm/bin/../lib/gcc/arm-none-eabi/9.1.0/../../../../arm-none-eabi/lib/armv6k/fpu\libsysbase.a(chdir.o)
                0x000000000011cc50                chdir
 .text.__flockfile
                0x000000000011cdac        0x8 c:/devkitpro/devkitarm/bin/../lib/gcc/arm-none-eabi/9.1.0/../../../../arm-none-eabi/lib/armv6k/fpu\libsysbase.a(flock.o)
                0x000000000011cdac                __flockfile
 .text.__funlockfile
                0x000000000011cdb4        0x8 c:/devkitpro/devkitarm/bin/../lib/gcc/arm-none-eabi/9.1.0/../../../../arm-none-eabi/lib/armv6k/fpu\libsysbase.a(flock.o)
                0x000000000011cdb4                __funlockfile
 .text.__libc_lock_acquire
                0x000000000011cdbc       0x18 c:/devkitpro/devkitarm/bin/../lib/gcc/arm-none-eabi/9.1.0/../../../../arm-none-eabi/lib/armv6k/fpu\libsysbase.a(syscall_support.o)
                0x000000000011cdbc                __libc_lock_acquire
 .text.__libc_lock_release
                0x000000000011cdd4       0x18 c:/devkitpro/devkitarm/bin/../lib/gcc/arm-none-eabi/9.1.0/../../../../arm-none-eabi/lib/armv6k/fpu\libsysbase.a(syscall_support.o)
                0x000000000011cdd4                __libc_lock_release
 .text.__libc_lock_init_recursive
                0x000000000011cdec       0x18 c:/devkitpro/devkitarm/bin/../lib/gcc/arm-none-eabi/9.1.0/../../../../arm-none-eabi/lib/armv6k/fpu\libsysbase.a(syscall_support.o)
                0x000000000011cdec                __libc_lock_init_recursive
 .text.__libc_lock_acquire_recursive
                0x000000000011ce04       0x18 c:/devkitpro/devkitarm/bin/../lib/gcc/arm-none-eabi/9.1.0/../../../../arm-none-eabi/lib/armv6k/fpu\libsysbase.a(syscall_support.o)
                0x000000000011ce04                __libc_lock_acquire_recursive
 .text.__libc_lock_release_recursive
                0x000000000011ce1c       0x18 c:/devkitpro/devkitarm/bin/../lib/gcc/arm-none-eabi/9.1.0/../../../../arm-none-eabi/lib/armv6k/fpu\libsysbase.a(syscall_support.o)
                0x000000000011ce1c                __libc_lock_release_recursive
 .text.__libc_lock_close_recursive
                0x000000000011ce34       0x18 c:/devkitpro/devkitarm/bin/../lib/gcc/arm-none-eabi/9.1.0/../../../../arm-none-eabi/lib/armv6k/fpu\libsysbase.a(syscall_support.o)
                0x000000000011ce34                __libc_lock_close_recursive
 .text.__get_handle
                0x000000000011ce4c       0x3c c:/devkitpro/devkitarm/bin/../lib/gcc/arm-none-eabi/9.1.0/../../../../arm-none-eabi/lib/armv6k/fpu\libsysbase.a(handle_manager.o)
                0x000000000011ce4c                __get_handle
 .text._close_r
                0x000000000011ce88       0xf8 c:/devkitpro/devkitarm/bin/../lib/gcc/arm-none-eabi/9.1.0/../../../../arm-none-eabi/lib/armv6k/fpu\libsysbase.a(handle_manager.o)
                0x000000000011ce88                _close_r
 .text.__getreent
                0x000000000011cf80       0x28 c:/devkitpro/devkitarm/bin/../lib/gcc/arm-none-eabi/9.1.0/../../../../arm-none-eabi/lib/armv6k/fpu\libsysbase.a(getreent.o)
                0x000000000011cf80                __getreent
 .text.strrchr  0x000000000011cfa8       0x44 c:/devkitpro/devkitarm/bin/../lib/gcc/arm-none-eabi/9.1.0/../../../../arm-none-eabi/lib/armv6k/fpu\libg.a(lib_a-strrchr.o)
                0x000000000011cfa8                strrchr
 *(.glue_7)
 .glue_7        0x000000000011cfec        0x0 linker stubs
 *(.glue_7t)
 .glue_7t       0x000000000011cfec        0x0 linker stubs
 *(.stub)
 *(.gnu.warning)
 *(.gnu.linkonce.t*)
                0x000000000011cfec                . = ALIGN (0x4)
 *(.fini)
 .fini          0x000000000011cfec        0xc c:/devkitpro/devkitarm/bin/../lib/gcc/arm-none-eabi/9.1.0/armv6k/fpu/crti.o
                0x000000000011cfec                _fini
 .fini          0x000000000011cff8        0xc c:/devkitpro/devkitarm/bin/../lib/gcc/arm-none-eabi/9.1.0/armv6k/fpu/crtn.o
                0x000000000011d004                . = ALIGN (0x4)

.vfp11_veneer   0x000000000011d004        0x0
 .vfp11_veneer  0x000000000011d004        0x0 linker stubs

.v4_bx          0x000000000011d004        0x0
 .v4_bx         0x000000000011d004        0x0 linker stubs

.iplt           0x000000000011d004        0x0
 .iplt          0x000000000011d004        0x0 c:/devkitpro/devkitarm/bin/../lib/gcc/arm-none-eabi/9.1.0/../../../../arm-none-eabi/lib/armv6k/fpu/3dsx_crt0.o
                0x000000000011e000                . = ALIGN (0x1000)

.rodata         0x000000000011e000     0x7724
 *(.rodata)
 .rodata        0x000000000011e000      0x804 C:/devkitPro/libctru/lib\libctru.a(default_font.bin.o)
                0x000000000011e000                default_font_bin
                0x000000000011e800                default_font_bin_size
                0x000000000011e800                default_font_bin_end
 .rodata        0x000000000011e804        0xc C:/devkitPro/libctru/lib\libctru.a(archive_dev.o)
 *(.roda)
 *(.rodata.*)
 .rodata.str1.4
                0x000000000011e810       0x93 main.o
 *fill*         0x000000000011e8a3        0x1 
 .rodata.con_write.str1.4
                0x000000000011e8a4       0x52 C:/devkitPro/libctru/lib\libctru.a(console.o)
 *fill*         0x000000000011e8f6        0x2 
 .rodata.str1.4
                0x000000000011e8f8       0x10 C:/devkitPro/libctru/lib\libctru.a(console.o)
 .rodata.colorTable
                0x000000000011e908       0x30 C:/devkitPro/libctru/lib\libctru.a(console.o)
 .rodata.dotab_stdout
                0x000000000011e938       0x70 C:/devkitPro/libctru/lib\libctru.a(console.o)
 .rodata.CSWTCH.62
                0x000000000011e9a8       0x14 C:/devkitPro/libctru/lib\libctru.a(gfx.o)
 .rodata.framebufferInfoSt
                0x000000000011e9bc        0x8 C:/devkitPro/libctru/lib\libctru.a(gfx.o)
 .rodata.gspInit.str1.4
                0x000000000011e9c4        0x9 C:/devkitPro/libctru/lib\libctru.a(gspgpu.o)
 *fill*         0x000000000011e9cd        0x3 
 .rodata.aptSendCommand.str1.4
                0x000000000011e9d0       0x16 C:/devkitPro/libctru/lib\libctru.a(apt.o)
 *fill*         0x000000000011e9e6        0x2 
 .rodata.hidInit.str1.4
                0x000000000011e9e8       0x15 C:/devkitPro/libctru/lib\libctru.a(hid.o)
 *fill*         0x000000000011e9fd        0x3 
 .rodata.srvInit.str1.4
                0x000000000011ea00        0x5 C:/devkitPro/libctru/lib\libctru.a(srv.o)
 *fill*         0x000000000011ea05        0x3 
 .rodata.irrstInit.str1.4
                0x000000000011ea08        0x7 C:/devkitPro/libctru/lib\libctru.a(irrst.o)
 *fill*         0x000000000011ea0f        0x1 
 .rodata.ptmSysmInit.str1.4
                0x000000000011ea10        0x9 C:/devkitPro/libctru/lib\libctru.a(ptmsysm.o)
 *fill*         0x000000000011ea19        0x3 
 .rodata.str1.4
                0x000000000011ea1c        0x8 C:/devkitPro/libctru/lib\libctru.a(archive_dev.o)
                                          0xc (size before relaxing)
 .rodata._archiveMountDevice.str1.4
                0x000000000011ea24        0x8 C:/devkitPro/libctru/lib\libctru.a(archive_dev.o)
 .rodata._archiveUnmountDeviceStruct.part.0.str1.4
                0x000000000011ea2c        0x2 C:/devkitPro/libctru/lib\libctru.a(archive_dev.o)
 *fill*         0x000000000011ea2e        0x2 
 .rodata.archiveMountSdmc.str1.4
                0x000000000011ea30        0x5 C:/devkitPro/libctru/lib\libctru.a(archive_dev.o)
 *fill*         0x000000000011ea35        0x3 
 .rodata.archive_devoptab
                0x000000000011ea38       0x70 C:/devkitPro/libctru/lib\libctru.a(archive_dev.o)
 .rodata.error_table
                0x000000000011eaa8       0x30 C:/devkitPro/libctru/lib\libctru.a(archive_dev.o)
 .rodata.fsInit.str1.4
                0x000000000011ead8        0x8 C:/devkitPro/libctru/lib\libctru.a(fs.o)
 .rodata._global_impure_ptr
                0x000000000011eae0        0x4 c:/devkitpro/devkitarm/bin/../lib/gcc/arm-none-eabi/9.1.0/../../../../arm-none-eabi/lib/armv6k/fpu\libg.a(lib_a-impure.o)
                0x000000000011eae0                _global_impure_ptr
 .rodata._puts_r.str1.4
                0x000000000011eae4        0x2 c:/devkitpro/devkitarm/bin/../lib/gcc/arm-none-eabi/9.1.0/../../../../arm-none-eabi/lib/armv6k/fpu\libg.a(lib_a-puts.o)
 .rodata.__ssvfscanf_r.str1.1
                0x000000000011eae6        0x5 c:/devkitpro/devkitarm/bin/../lib/gcc/arm-none-eabi/9.1.0/../../../../arm-none-eabi/lib/armv6k/fpu\libg.a(lib_a-svfscanf.o)
                                          0x6 (size before relaxing)
 *fill*         0x000000000011eaeb        0x1 
 .rodata.basefix.8820
                0x000000000011eaec       0x22 c:/devkitpro/devkitarm/bin/../lib/gcc/arm-none-eabi/9.1.0/../../../../arm-none-eabi/lib/armv6k/fpu\libg.a(lib_a-svfscanf.o)
 .rodata._vfprintf_r.str1.1
                0x000000000011eb0e       0x3b c:/devkitpro/devkitarm/bin/../lib/gcc/arm-none-eabi/9.1.0/../../../../arm-none-eabi/lib/armv6k/fpu\libg.a(lib_a-vfprintf.o)
 *fill*         0x000000000011eb49        0x3 
 .rodata.blanks.8791
                0x000000000011eb4c       0x10 c:/devkitpro/devkitarm/bin/../lib/gcc/arm-none-eabi/9.1.0/../../../../arm-none-eabi/lib/armv6k/fpu\libg.a(lib_a-vfprintf.o)
 .rodata.zeroes.8792
                0x000000000011eb5c       0x10 c:/devkitpro/devkitarm/bin/../lib/gcc/arm-none-eabi/9.1.0/../../../../arm-none-eabi/lib/armv6k/fpu\libg.a(lib_a-vfprintf.o)
 .rodata._ctype_
                0x000000000011eb6c      0x101 c:/devkitpro/devkitarm/bin/../lib/gcc/arm-none-eabi/9.1.0/../../../../arm-none-eabi/lib/armv6k/fpu\libg.a(lib_a-ctype_.o)
                0x000000000011eb6c                _ctype_
 *fill*         0x000000000011ec6d        0x3 
 .rodata._dtoa_r.str1.4
                0x000000000011ec70       0x12 c:/devkitpro/devkitarm/bin/../lib/gcc/arm-none-eabi/9.1.0/../../../../arm-none-eabi/lib/armv6k/fpu\libg.a(lib_a-dtoa.o)
 *fill*         0x000000000011ec82        0x2 
 .rodata.str1.4
                0x000000000011ec84       0x48 c:/devkitpro/devkitarm/bin/../lib/gcc/arm-none-eabi/9.1.0/../../../../arm-none-eabi/lib/armv6k/fpu\libg.a(lib_a-locale.o)
                                         0x4c (size before relaxing)
 .rodata._mbrtowc_r.str1.4
                0x000000000011eccc        0x1 c:/devkitpro/devkitarm/bin/../lib/gcc/arm-none-eabi/9.1.0/../../../../arm-none-eabi/lib/armv6k/fpu\libg.a(lib_a-mbrtowc.o)
 *fill*         0x000000000011eccc        0x4 
 .rodata.__mprec_bigtens
                0x000000000011ecd0       0x28 c:/devkitpro/devkitarm/bin/../lib/gcc/arm-none-eabi/9.1.0/../../../../arm-none-eabi/lib/armv6k/fpu\libg.a(lib_a-mprec.o)
                0x000000000011ecd0                __mprec_bigtens
 .rodata.__mprec_tens
                0x000000000011ecf8       0xc8 c:/devkitpro/devkitarm/bin/../lib/gcc/arm-none-eabi/9.1.0/../../../../arm-none-eabi/lib/armv6k/fpu\libg.a(lib_a-mprec.o)
                0x000000000011ecf8                __mprec_tens
 .rodata.p05.7510
                0x000000000011edc0        0xc c:/devkitpro/devkitarm/bin/../lib/gcc/arm-none-eabi/9.1.0/../../../../arm-none-eabi/lib/armv6k/fpu\libg.a(lib_a-mprec.o)
 .rodata._strtod_l.str1.4
                0x000000000011edcc        0xf c:/devkitpro/devkitarm/bin/../lib/gcc/arm-none-eabi/9.1.0/../../../../arm-none-eabi/lib/armv6k/fpu\libg.a(lib_a-strtod.o)
                                         0x11 (size before relaxing)
 *fill*         0x000000000011eddb        0x1 
 .rodata.fpi.7590
                0x000000000011eddc       0x14 c:/devkitpro/devkitarm/bin/../lib/gcc/arm-none-eabi/9.1.0/../../../../arm-none-eabi/lib/armv6k/fpu\libg.a(lib_a-strtod.o)
 .rodata.fpinan.7626
                0x000000000011edf0       0x14 c:/devkitpro/devkitarm/bin/../lib/gcc/arm-none-eabi/9.1.0/../../../../arm-none-eabi/lib/armv6k/fpu\libg.a(lib_a-strtod.o)
 *fill*         0x000000000011ee04        0x4 
 .rodata.tinytens
                0x000000000011ee08       0x28 c:/devkitpro/devkitarm/bin/../lib/gcc/arm-none-eabi/9.1.0/../../../../arm-none-eabi/lib/armv6k/fpu\libg.a(lib_a-strtod.o)
 .rodata.__action_table
                0x000000000011ee30       0x6c c:/devkitpro/devkitarm/bin/../lib/gcc/arm-none-eabi/9.1.0/../../../../arm-none-eabi/lib/armv6k/fpu\libg.a(lib_a-svfiprintf.o)
                0x000000000011ee30                __action_table
 .rodata.__chclass
                0x000000000011ee9c      0x100 c:/devkitpro/devkitarm/bin/../lib/gcc/arm-none-eabi/9.1.0/../../../../arm-none-eabi/lib/armv6k/fpu\libg.a(lib_a-svfiprintf.o)
                0x000000000011ee9c                __chclass
 .rodata.__state_table
                0x000000000011ef9c       0x6c c:/devkitpro/devkitarm/bin/../lib/gcc/arm-none-eabi/9.1.0/../../../../arm-none-eabi/lib/armv6k/fpu\libg.a(lib_a-svfiprintf.o)
                0x000000000011ef9c                __state_table
 .rodata._svfprintf_r.str1.1
                0x000000000011f008       0x3b c:/devkitpro/devkitarm/bin/../lib/gcc/arm-none-eabi/9.1.0/../../../../arm-none-eabi/lib/armv6k/fpu\libg.a(lib_a-svfprintf.o)
 .rodata.blanks.8776
                0x000000000011f008       0x10 c:/devkitpro/devkitarm/bin/../lib/gcc/arm-none-eabi/9.1.0/../../../../arm-none-eabi/lib/armv6k/fpu\libg.a(lib_a-svfprintf.o)
 .rodata.zeroes.8777
                0x000000000011f018       0x10 c:/devkitpro/devkitarm/bin/../lib/gcc/arm-none-eabi/9.1.0/../../../../arm-none-eabi/lib/armv6k/fpu\libg.a(lib_a-svfprintf.o)
 .rodata.__hexdig
                0x000000000011f028      0x100 c:/devkitpro/devkitarm/bin/../lib/gcc/arm-none-eabi/9.1.0/../../../../arm-none-eabi/lib/armv6k/fpu\libg.a(lib_a-gdtoa-gethex.o)
                0x000000000011f028                __hexdig
 .rodata._jp2uc_l.str1.4
                0x000000000011f128       0x14 c:/devkitpro/devkitarm/bin/../lib/gcc/arm-none-eabi/9.1.0/../../../../arm-none-eabi/lib/armv6k/fpu\libg.a(lib_a-jp2uc.o)
                                         0x12 (size before relaxing)
 .rodata.a1     0x000000000011f13c       0xbc c:/devkitpro/devkitarm/bin/../lib/gcc/arm-none-eabi/9.1.0/../../../../arm-none-eabi/lib/armv6k/fpu\libg.a(lib_a-jp2uc.o)
 .rodata.a2     0x000000000011f1f8       0xbc c:/devkitpro/devkitarm/bin/../lib/gcc/arm-none-eabi/9.1.0/../../../../arm-none-eabi/lib/armv6k/fpu\libg.a(lib_a-jp2uc.o)
 .rodata.a3     0x000000000011f2b4       0x5b c:/devkitpro/devkitarm/bin/../lib/gcc/arm-none-eabi/9.1.0/../../../../arm-none-eabi/lib/armv6k/fpu\libg.a(lib_a-jp2uc.o)
 *fill*         0x000000000011f30f        0x1 
 .rodata.a6     0x000000000011f310       0x70 c:/devkitpro/devkitarm/bin/../lib/gcc/arm-none-eabi/9.1.0/../../../../arm-none-eabi/lib/armv6k/fpu\libg.a(lib_a-jp2uc.o)
 .rodata.a7     0x000000000011f380       0xa2 c:/devkitpro/devkitarm/bin/../lib/gcc/arm-none-eabi/9.1.0/../../../../arm-none-eabi/lib/armv6k/fpu\libg.a(lib_a-jp2uc.o)
 *fill*         0x000000000011f422        0x2 
 .rodata.a8     0x000000000011f424       0x40 c:/devkitpro/devkitarm/bin/../lib/gcc/arm-none-eabi/9.1.0/../../../../arm-none-eabi/lib/armv6k/fpu\libg.a(lib_a-jp2uc.o)
 .rodata.b02cf  0x000000000011f464     0x172a c:/devkitpro/devkitarm/bin/../lib/gcc/arm-none-eabi/9.1.0/../../../../arm-none-eabi/lib/armv6k/fpu\libg.a(lib_a-jp2uc.o)
 *fill*         0x0000000000120b8e        0x2 
 .rodata.d02f4  0x0000000000120b90     0x1a7c c:/devkitpro/devkitarm/bin/../lib/gcc/arm-none-eabi/9.1.0/../../../../arm-none-eabi/lib/armv6k/fpu\libg.a(lib_a-jp2uc.o)
 .rodata.str1.4
                0x000000000012260c        0x5 c:/devkitpro/devkitarm/bin/../lib/gcc/arm-none-eabi/9.1.0/../../../../arm-none-eabi/lib/armv6k/fpu\libg.a(lib_a-lnumeric.o)
 .rodata._C_numeric_locale
                0x000000000012260c        0xc c:/devkitpro/devkitarm/bin/../lib/gcc/arm-none-eabi/9.1.0/../../../../arm-none-eabi/lib/armv6k/fpu\libg.a(lib_a-lnumeric.o)
                0x000000000012260c                _C_numeric_locale
 .rodata.categories
                0x0000000000122618     0x309c c:/devkitpro/devkitarm/bin/../lib/gcc/arm-none-eabi/9.1.0/../../../../arm-none-eabi/lib/armv6k/fpu\libg.a(lib_a-categories.o)
 .rodata.AddDevice.str1.4
                0x00000000001256b4        0x8 c:/devkitpro/devkitarm/bin/../lib/gcc/arm-none-eabi/9.1.0/../../../../arm-none-eabi/lib/armv6k/fpu\libsysbase.a(iosupport.o)
 .rodata.dotab_stdnull
                0x00000000001256b4       0x70 c:/devkitpro/devkitarm/bin/../lib/gcc/arm-none-eabi/9.1.0/../../../../arm-none-eabi/lib/armv6k/fpu\libsysbase.a(iosupport.o)
                0x00000000001256b4                dotab_stdnull
 *all.rodata*(*)
 *(.gnu.linkonce.r*)
                0x0000000000125724                . = ALIGN (0x4)

.eh_frame       0x0000000000125724        0x0
 .eh_frame      0x0000000000125724        0x0 c:/devkitpro/devkitarm/bin/../lib/gcc/arm-none-eabi/9.1.0/armv6k/fpu/crtbegin.o

.rel.dyn        0x0000000000125724        0x0
 .rel.iplt      0x0000000000125724        0x0 c:/devkitpro/devkitarm/bin/../lib/gcc/arm-none-eabi/9.1.0/../../../../arm-none-eabi/lib/armv6k/fpu/3dsx_crt0.o

.ARM.extab
 *(.ARM.extab* .gnu.linkonce.armextab.*)
                0x0000000000125724                __exidx_start = .

ARM.exidx
 *(.ARM.exidx* .gnu.linkonce.armexidx.*)
                0x0000000000125724                __exidx_end = .
                0x0000000000126000                . = ALIGN (0x1000)

.data           0x0000000000126000     0x1f40
 *(.data)
 .data          0x0000000000126000        0x4 C:/devkitPro/libctru/lib\libctru.a(stack_adjust.o)
                0x0000000000126000                __stacksize__
 *(.data.*)
 .data.currentConsole
                0x0000000000126004        0x4 C:/devkitPro/libctru/lib\libctru.a(console.o)
                0x0000000000126004                currentConsole
 .data.defaultConsole
                0x0000000000126008       0x4c C:/devkitPro/libctru/lib\libctru.a(console.o)
                0x0000000000126008                defaultConsole
 .data.firstConsoleInit.8429
                0x0000000000126054        0x1 C:/devkitPro/libctru/lib\libctru.a(console.o)
 .data.botFormat
                0x0000000000126055        0x1 C:/devkitPro/libctru/lib\libctru.a(gfx.o)
 *fill*         0x0000000000126056        0x2 
 .data.doubleBuf
                0x0000000000126058        0x8 C:/devkitPro/libctru/lib\libctru.a(gfx.o)
 .data.topFormat
                0x0000000000126060        0x1 C:/devkitPro/libctru/lib\libctru.a(gfx.o)
 *fill*         0x0000000000126061        0x3 
 .data.gspLastEvent
                0x0000000000126064        0x4 C:/devkitPro/libctru/lib\libctru.a(gspgpu.o)
 .data.aptFlags
                0x0000000000126068        0x4 C:/devkitPro/libctru/lib\libctru.a(apt.o)
 .data.aptHomeAllowed
                0x000000000012606c        0x1 C:/devkitPro/libctru/lib\libctru.a(apt.o)
 *fill*         0x000000000012606d        0x3 
 .data.__ctru_linear_heap_size
                0x0000000000126070        0x4 C:/devkitPro/libctru/lib\libctru.a(allocateHeaps.o)
                0x0000000000126070                __ctru_linear_heap_size
 .data._impure_ptr
                0x0000000000126074        0x4 c:/devkitpro/devkitarm/bin/../lib/gcc/arm-none-eabi/9.1.0/../../../../arm-none-eabi/lib/armv6k/fpu\libg.a(lib_a-impure.o)
                0x0000000000126074                _impure_ptr
 .data.impure_data
                0x0000000000126078      0x460 c:/devkitpro/devkitarm/bin/../lib/gcc/arm-none-eabi/9.1.0/../../../../arm-none-eabi/lib/armv6k/fpu\libg.a(lib_a-impure.o)
 .data.__malloc_av_
                0x00000000001264d8      0x408 c:/devkitpro/devkitarm/bin/../lib/gcc/arm-none-eabi/9.1.0/../../../../arm-none-eabi/lib/armv6k/fpu\libg.a(lib_a-mallocr.o)
                0x00000000001264d8                __malloc_av_
 .data.__malloc_sbrk_base